Archive member included because of file (symbol)

c:/program files/atmel/atmel toolchain/arm gcc/native/4.8.1443/arm-gnu-toolchain/bin/../lib/gcc/arm-none-eabi/4.8.4/armv7-m\libgcc.a(_arm_addsubsf3.o)
                              unity/unity.o (__aeabi_fsub)
c:/program files/atmel/atmel toolchain/arm gcc/native/4.8.1443/arm-gnu-toolchain/bin/../lib/gcc/arm-none-eabi/4.8.4/armv7-m\libgcc.a(_arm_muldivsf3.o)
                              unity/unity.o (__aeabi_fmul)
c:/program files/atmel/atmel toolchain/arm gcc/native/4.8.1443/arm-gnu-toolchain/bin/../lib/gcc/arm-none-eabi/4.8.4/armv7-m\libgcc.a(_arm_cmpsf2.o)
                              unity/unity.o (__aeabi_fcmpeq)
c:/program files/atmel/atmel toolchain/arm gcc/native/4.8.1443/arm-gnu-toolchain/bin/../lib/gcc/arm-none-eabi/4.8.4/../../../../arm-none-eabi/lib/armv7-m\libc.a(lib_a-exit.o)
                              c:/program files/atmel/atmel toolchain/arm gcc/native/4.8.1443/arm-gnu-toolchain/bin/../lib/gcc/arm-none-eabi/4.8.4/../../../../arm-none-eabi/lib/armv7-m/crt0.o (exit)
c:/program files/atmel/atmel toolchain/arm gcc/native/4.8.1443/arm-gnu-toolchain/bin/../lib/gcc/arm-none-eabi/4.8.4/../../../../arm-none-eabi/lib/armv7-m\libc.a(lib_a-impure.o)
                              c:/program files/atmel/atmel toolchain/arm gcc/native/4.8.1443/arm-gnu-toolchain/bin/../lib/gcc/arm-none-eabi/4.8.4/../../../../arm-none-eabi/lib/armv7-m\libc.a(lib_a-exit.o) (_global_impure_ptr)
c:/program files/atmel/atmel toolchain/arm gcc/native/4.8.1443/arm-gnu-toolchain/bin/../lib/gcc/arm-none-eabi/4.8.4/../../../../arm-none-eabi/lib/armv7-m\libc.a(lib_a-init.o)
                              c:/program files/atmel/atmel toolchain/arm gcc/native/4.8.1443/arm-gnu-toolchain/bin/../lib/gcc/arm-none-eabi/4.8.4/../../../../arm-none-eabi/lib/armv7-m/crt0.o (__libc_init_array)
c:/program files/atmel/atmel toolchain/arm gcc/native/4.8.1443/arm-gnu-toolchain/bin/../lib/gcc/arm-none-eabi/4.8.4/../../../../arm-none-eabi/lib/armv7-m\libc.a(lib_a-iprintf.o)
                              test/main.o (iprintf)
c:/program files/atmel/atmel toolchain/arm gcc/native/4.8.1443/arm-gnu-toolchain/bin/../lib/gcc/arm-none-eabi/4.8.4/../../../../arm-none-eabi/lib/armv7-m\libc.a(lib_a-memset.o)
                              c:/program files/atmel/atmel toolchain/arm gcc/native/4.8.1443/arm-gnu-toolchain/bin/../lib/gcc/arm-none-eabi/4.8.4/../../../../arm-none-eabi/lib/armv7-m/crt0.o (memset)
c:/program files/atmel/atmel toolchain/arm gcc/native/4.8.1443/arm-gnu-toolchain/bin/../lib/gcc/arm-none-eabi/4.8.4/../../../../arm-none-eabi/lib/armv7-m\libc.a(lib_a-setbuf.o)
                              src/ASF/thirdparty/wireless/addons/sio2host/uart/sio2host.o (setbuf)
c:/program files/atmel/atmel toolchain/arm gcc/native/4.8.1443/arm-gnu-toolchain/bin/../lib/gcc/arm-none-eabi/4.8.4/../../../../arm-none-eabi/lib/armv7-m\libc.a(lib_a-setjmp.o)
                              unity/unity.o (setjmp)
c:/program files/atmel/atmel toolchain/arm gcc/native/4.8.1443/arm-gnu-toolchain/bin/../lib/gcc/arm-none-eabi/4.8.4/../../../../arm-none-eabi/lib/armv7-m\libc.a(lib_a-setvbuf.o)
                              c:/program files/atmel/atmel toolchain/arm gcc/native/4.8.1443/arm-gnu-toolchain/bin/../lib/gcc/arm-none-eabi/4.8.4/../../../../arm-none-eabi/lib/armv7-m\libc.a(lib_a-setbuf.o) (setvbuf)
c:/program files/atmel/atmel toolchain/arm gcc/native/4.8.1443/arm-gnu-toolchain/bin/../lib/gcc/arm-none-eabi/4.8.4/../../../../arm-none-eabi/lib/armv7-m\libc.a(lib_a-vfiprintf.o)
                              c:/program files/atmel/atmel toolchain/arm gcc/native/4.8.1443/arm-gnu-toolchain/bin/../lib/gcc/arm-none-eabi/4.8.4/../../../../arm-none-eabi/lib/armv7-m\libc.a(lib_a-iprintf.o) (_vfiprintf_r)
c:/program files/atmel/atmel toolchain/arm gcc/native/4.8.1443/arm-gnu-toolchain/bin/../lib/gcc/arm-none-eabi/4.8.4/../../../../arm-none-eabi/lib/armv7-m\libc.a(lib_a-wbuf.o)
                              unity/unity.o (__swbuf_r)
c:/program files/atmel/atmel toolchain/arm gcc/native/4.8.1443/arm-gnu-toolchain/bin/../lib/gcc/arm-none-eabi/4.8.4/../../../../arm-none-eabi/lib/armv7-m\libc.a(lib_a-wsetup.o)
                              c:/program files/atmel/atmel toolchain/arm gcc/native/4.8.1443/arm-gnu-toolchain/bin/../lib/gcc/arm-none-eabi/4.8.4/../../../../arm-none-eabi/lib/armv7-m\libc.a(lib_a-vfiprintf.o) (__swsetup_r)
c:/program files/atmel/atmel toolchain/arm gcc/native/4.8.1443/arm-gnu-toolchain/bin/../lib/gcc/arm-none-eabi/4.8.4/../../../../arm-none-eabi/lib/armv7-m\libc.a(lib_a-__call_atexit.o)
                              c:/program files/atmel/atmel toolchain/arm gcc/native/4.8.1443/arm-gnu-toolchain/bin/../lib/gcc/arm-none-eabi/4.8.4/../../../../arm-none-eabi/lib/armv7-m\libc.a(lib_a-exit.o) (__call_exitprocs)
c:/program files/atmel/atmel toolchain/arm gcc/native/4.8.1443/arm-gnu-toolchain/bin/../lib/gcc/arm-none-eabi/4.8.4/../../../../arm-none-eabi/lib/armv7-m\libc.a(lib_a-atexit.o)
[...]
Memory Configuration

Name             Origin             Length             Attributes
rom              0x00080000         0x00080000         xr
sram0            0x20000000         0x00010000         xrw
sram1            0x20080000         0x00008000         xrw
ram              0x20070000         0x00018000         xrw
*default*        0x00000000         0xffffffff

Linker script and memory map

LOAD c:/program files/atmel/atmel toolchain/arm gcc/native/4.8.1443/arm-gnu-toolchain/bin/../lib/gcc/arm-none-eabi/4.8.4/armv7-m/crti.o
LOAD c:/program files/atmel/atmel toolchain/arm gcc/native/4.8.1443/arm-gnu-toolchain/bin/../lib/gcc/arm-none-eabi/4.8.4/armv7-m/crtbegin.o
LOAD c:/program files/atmel/atmel toolchain/arm gcc/native/4.8.1443/arm-gnu-toolchain/bin/../lib/gcc/arm-none-eabi/4.8.4/../../../../arm-none-eabi/lib/armv7-m/crt0.o
LOAD src/ASF/common/utils/stdio/read.o
LOAD src/ASF/sam/drivers/usart/usart.o
LOAD src/ASF/thirdparty/wireless/addons/sio2host/uart/sio2host.o
LOAD src/digitalIO.o
LOAD unity/unity.o
LOAD src/ASF/common/utils/stdio/write.o
LOAD src/ASF/common/services/serial/usart_serial.o
LOAD src/ASF/sam/drivers/uart/uart.o
LOAD test/test_digitalIO.o
LOAD test/main.o
LOAD src/ASF/common/services/clock/sam3x/sysclk.o
LOAD src/ASF/common/utils/interrupt/interrupt_sam_nvic.o
LOAD src/ASF/sam/boards/arduino_due_x/init.o
LOAD src/ASF/sam/drivers/pio/pio.o
LOAD src/ASF/sam/drivers/pio/pio_handler.o
LOAD src/ASF/sam/drivers/pmc/pmc.o
LOAD src/ASF/sam/drivers/pmc/sleep.o
LOAD src/ASF/sam/utils/cmsis/sam3x/source/templates/exceptions.o
LOAD src/ASF/sam/utils/cmsis/sam3x/source/templates/gcc/startup_sam3x.o
LOAD src/ASF/sam/utils/cmsis/sam3x/source/templates/system_sam3x.o
LOAD src/ASF/sam/utils/syscalls/gcc/syscalls.o
START GROUP
LOAD ../src/ASF/thirdparty/CMSIS/Lib/GCC\libarm_cortexM3l_math.a
LOAD c:/program files/atmel/atmel toolchain/arm gcc/native/4.8.1443/arm-gnu-toolchain/bin/../lib/gcc/arm-none-eabi/4.8.4/../../../../arm-none-eabi/lib/armv7-m\libm.a
END GROUP
START GROUP
LOAD c:/program files/atmel/atmel toolchain/arm gcc/native/4.8.1443/arm-gnu-toolchain/bin/../lib/gcc/arm-none-eabi/4.8.4/armv7-m\libgcc.a
LOAD c:/program files/atmel/atmel toolchain/arm gcc/native/4.8.1443/arm-gnu-toolchain/bin/../lib/gcc/arm-none-eabi/4.8.4/../../../../arm-none-eabi/lib/armv7-m\libc.a
END GROUP
LOAD c:/program files/atmel/atmel toolchain/arm gcc/native/4.8.1443/arm-gnu-toolchain/bin/../lib/gcc/arm-none-eabi/4.8.4/armv7-m/crtend.o
LOAD c:/program files/atmel/atmel toolchain/arm gcc/native/4.8.1443/arm-gnu-toolchain/bin/../lib/gcc/arm-none-eabi/4.8.4/armv7-m/crtn.o
                0x00002000                __stack_size__ = DEFINED (__stack_size__)?__stack_size__:0x2000
                0x20087ffc                __ram_end__ = ((ORIGIN (ram) + 0x18000) - 0x4)

.text           0x00080000     0x4a68
                0x00080000                . = ALIGN (0x4)
                0x00080000                _sfixed = .
 *(.vectors .vectors.*)
 .vectors       0x00080000       0xf4 src/ASF/sam/utils/cmsis/sam3x/source/templates/gcc/startup_sam3x.o
                0x00080000                exception_table
 *(.text .text.* .gnu.linkonce.t.*)
 .text          0x000800f4       0x54 c:/program files/atmel/atmel toolchain/arm gcc/native/4.8.1443/arm-gnu-toolchain/bin/../lib/gcc/arm-none-eabi/4.8.4/armv7-m/crtbegin.o
 .text._read    0x00080148       0x40 src/ASF/common/utils/stdio/read.o
                0x00080148                _read
 .text.usart_write
                0x00080188       0x14 src/ASF/sam/drivers/usart/usart.o
                0x00080188                usart_write
 .text.usart_read
                0x0008019c       0x18 src/ASF/sam/drivers/usart/usart.o
                0x0008019c                usart_read
 .text.USART0_Handler
                0x000801b4       0x60 src/ASF/thirdparty/wireless/addons/sio2host/uart/sio2host.o
                0x000801b4                USART0_Handler
 .text.pinMode  0x00080214        0x4 src/digitalIO.o
                0x00080214                pinMode
 .text.UnityPrintNumber
                0x00080218      0x19c unity/unity.o
                0x00080218                UnityPrintNumber
 .text.UnityPrintNumberHex
                0x000803b4      0x18c unity/unity.o
                0x000803b4                UnityPrintNumberHex
 .text.UnityPrint
                0x00080540      0x22c unity/unity.o
                0x00080540                UnityPrint
 .text.UnityTestResultsBegin
                0x0008076c      0x134 unity/unity.o
 .text.UnityTestResultsFailBegin
                0x000808a0       0x84 unity/unity.o
 .text.UnityAddMsgIfSpecified
                0x00080924       0x1c unity/unity.o
 .text.UnityPrintMask
                0x00080940      0x124 unity/unity.o
                0x00080940                UnityPrintMask
 .text.UnityPrintFail
                0x00080a64       0x14 unity/unity.o
                0x00080a64                UnityPrintFail
 .text.UnityPrintOk
                0x00080a78       0x14 unity/unity.o
                0x00080a78                UnityPrintOk
 .text.UnityConcludeTest
                0x00080a8c       0xac unity/unity.o
                0x00080a8c                UnityConcludeTest
 .text.UnityAssertBits
                0x00080b38       0x78 unity/unity.o
                0x00080b38                UnityAssertBits
 .text.UnityDefaultTestRun
                0x00080bb0       0x58 unity/unity.o
                0x00080bb0                UnityDefaultTestRun
 .text.UnityBegin
                0x00080c08       0x1c unity/unity.o
                0x00080c08                UnityBegin
 .text.UnityEnd
                0x00080c24      0x1c8 unity/unity.o
                0x00080c24                UnityEnd
 .text._write   0x00080dec       0x54 src/ASF/common/utils/stdio/write.o
                0x00080dec                _write
 .text.usart_serial_read_packet
                0x00080e40       0xc4 src/ASF/common/services/serial/usart_serial.o
                0x00080e40                usart_serial_read_packet
 .text.uart_init
                0x00080f04       0x38 src/ASF/sam/drivers/uart/uart.o
                0x00080f04                uart_init
 .text.uart_write
                0x00080f3c       0x10 src/ASF/sam/drivers/uart/uart.o
                0x00080f3c                uart_write
 .text.uart_read
                0x00080f4c       0x14 src/ASF/sam/drivers/uart/uart.o
                0x00080f4c                uart_read
 .text.setUp    0x00080f60       0x10 test/test_digitalIO.o
                0x00080f60                setUp
 .text.tearDown
                0x00080f70       0x10 test/test_digitalIO.o
                0x00080f70                tearDown
 .text.test_digitalDuePin13InitialiseProperly
                0x00080f80       0x54 test/test_digitalIO.o
                0x00080f80                test_digitalDuePin13InitialiseProperly
 .text.usart_serial_getchar
                0x00080fd4       0xa8 test/main.o
 .text.usart_serial_putchar
                0x0008107c       0xa8 test/main.o
 .text.main     0x00081124       0xd0 test/main.o
                0x00081124                main
 .text.sysclk_init
                0x000811f4       0x64 src/ASF/common/services/clock/sam3x/sysclk.o
                0x000811f4                sysclk_init
 .text.board_init
                0x00081258       0x80 src/ASF/sam/boards/arduino_due_x/init.o
                0x00081258                board_init
 .text.pio_set_peripheral
                0x000812d8       0x40 src/ASF/sam/drivers/pio/pio.o
                0x000812d8                pio_set_peripheral
 .text.pio_set_input
                0x00081318       0x34 src/ASF/sam/drivers/pio/pio.o
                0x00081318                pio_set_input
 .text.pio_set_output
                0x0008134c       0x28 src/ASF/sam/drivers/pio/pio.o
                0x0008134c                pio_set_output
 .text.pio_get_interrupt_status
                0x00081374        0x4 src/ASF/sam/drivers/pio/pio.o
                0x00081374                pio_get_interrupt_status
 .text.pio_get_interrupt_mask
                0x00081378        0x4 src/ASF/sam/drivers/pio/pio.o
                0x00081378                pio_get_interrupt_mask
 .text.pio_configure_pin
                0x0008137c       0xd4 src/ASF/sam/drivers/pio/pio.o
                0x0008137c                pio_configure_pin
 .text.pio_configure_pin_group
                0x00081450       0xa0 src/ASF/sam/drivers/pio/pio.o
                0x00081450                pio_configure_pin_group
 .text.pio_handler_process
                0x000814f0       0x58 src/ASF/sam/drivers/pio/pio_handler.o
                0x000814f0                pio_handler_process
 .text.PIOA_Handler
                0x00081548       0x14 src/ASF/sam/drivers/pio/pio_handler.o
                0x00081548                PIOA_Handler
 .text.PIOB_Handler
                0x0008155c       0x14 src/ASF/sam/drivers/pio/pio_handler.o
                0x0008155c                PIOB_Handler
 .text.PIOC_Handler
                0x00081570       0x14 src/ASF/sam/drivers/pio/pio_handler.o
                0x00081570                PIOC_Handler
 .text.PIOD_Handler
                0x00081584       0x14 src/ASF/sam/drivers/pio/pio_handler.o
                0x00081584                PIOD_Handler
 .text.pmc_switch_mck_to_pllack
                0x00081598       0x64 src/ASF/sam/drivers/pmc/pmc.o
                0x00081598                pmc_switch_mck_to_pllack
 .text.pmc_switch_mainck_to_xtal
                0x000815fc       0x54 src/ASF/sam/drivers/pmc/pmc.o
                0x000815fc                pmc_switch_mainck_to_xtal
 .text.pmc_osc_is_ready_mainck
                0x00081650       0x10 src/ASF/sam/drivers/pmc/pmc.o
                0x00081650                pmc_osc_is_ready_mainck
 .text.pmc_disable_pllack
                0x00081660       0x10 src/ASF/sam/drivers/pmc/pmc.o
                0x00081660                pmc_disable_pllack
 .text.pmc_is_locked_pllack
                0x00081670       0x10 src/ASF/sam/drivers/pmc/pmc.o
                0x00081670                pmc_is_locked_pllack
 .text.pmc_enable_periph_clk
                0x00081680       0x58 src/ASF/sam/drivers/pmc/pmc.o
                0x00081680                pmc_enable_periph_clk
 .text.Dummy_Handler
                0x000816d8        0x4 src/ASF/sam/utils/cmsis/sam3x/source/templates/exceptions.o
                0x000816d8                DACC_Handler
                0x000816d8                DebugMon_Handler
                0x000816d8                DMAC_Handler
                0x000816d8                TRNG_Handler
                0x000816d8                HardFault_Handler
                0x000816d8                TC2_Handler
                0x000816d8                SysTick_Handler
                0x000816d8                USART3_Handler
                0x000816d8                TWI1_Handler
                0x000816d8                PendSV_Handler
                0x000816d8                NMI_Handler
                0x000816d8                TC7_Handler
                0x000816d8                ADC_Handler
                0x000816d8                SMC_Handler
                0x000816d8                RTT_Handler
                0x000816d8                EFC1_Handler
                0x000816d8                RTC_Handler
                0x000816d8                UsageFault_Handler
                0x000816d8                TC6_Handler
                0x000816d8                WDT_Handler
                0x000816d8                CAN0_Handler
                0x000816d8                TC4_Handler
                0x000816d8                TC1_Handler
                0x000816d8                HSMCI_Handler
                0x000816d8                TC3_Handler
                0x000816d8                Dummy_Handler
                0x000816d8                TWI0_Handler
                0x000816d8                USART1_Handler
                0x000816d8                SSC_Handler
                0x000816d8                EFC0_Handler
                0x000816d8                PMC_Handler
                0x000816d8                PWM_Handler
                0x000816d8                CAN1_Handler
                0x000816d8                MemManage_Handler
                0x000816d8                SUPC_Handler
                0x000816d8                SVC_Handler
                0x000816d8                TC8_Handler
                0x000816d8                USART2_Handler
                0x000816d8                EMAC_Handler
                0x000816d8                UART_Handler
                0x000816d8                BusFault_Handler
                0x000816d8                RSTC_Handler
                0x000816d8                TC0_Handler
                0x000816d8                TC5_Handler
                0x000816d8                UOTGHS_Handler
                0x000816d8                SPI0_Handler
 .text.Reset_Handler
                0x000816dc       0xb0 src/ASF/sam/utils/cmsis/sam3x/source/templates/gcc/startup_sam3x.o
                0x000816dc                Reset_Handler
 .text.SystemCoreClockUpdate
                0x0008178c      0x11c src/ASF/sam/utils/cmsis/sam3x/source/templates/system_sam3x.o
                0x0008178c                SystemCoreClockUpdate
 .text._sbrk    0x000818a8       0x34 src/ASF/sam/utils/syscalls/gcc/syscalls.o
                0x000818a8                _sbrk
 .text._close   0x000818dc        0x8 src/ASF/sam/utils/syscalls/gcc/syscalls.o
                0x000818dc                _close
 .text._fstat   0x000818e4        0xc src/ASF/sam/utils/syscalls/gcc/syscalls.o
                0x000818e4                _fstat
 .text._isatty  0x000818f0        0x4 src/ASF/sam/utils/syscalls/gcc/syscalls.o
                0x000818f0                _isatty
 .text._lseek   0x000818f4        0x4 src/ASF/sam/utils/syscalls/gcc/syscalls.o
                0x000818f4                _lseek
 .text.__libc_init_array
                0x000818f8       0x50 c:/program files/atmel/atmel toolchain/arm gcc/native/4.8.1443/arm-gnu-toolchain/bin/../lib/gcc/arm-none-eabi/4.8.4/../../../../arm-none-eabi/lib/armv7-m\libc.a(lib_a-init.o)
                0x000818f8                __libc_init_array
 .text.iprintf  0x00081948       0x28 c:/program files/atmel/atmel toolchain/arm gcc/native/4.8.1443/arm-gnu-toolchain/bin/../lib/gcc/arm-none-eabi/4.8.4/../../../../arm-none-eabi/lib/armv7-m\libc.a(lib_a-iprintf.o)
                0x00081948                iprintf
 .text.memset   0x00081970       0x94 c:/program files/atmel/atmel toolchain/arm gcc/native/4.8.1443/arm-gnu-toolchain/bin/../lib/gcc/arm-none-eabi/4.8.4/../../../../arm-none-eabi/lib/armv7-m\libc.a(lib_a-memset.o)
                0x00081970                memset
 .text.setbuf   0x00081a04       0x10 c:/program files/atmel/atmel toolchain/arm gcc/native/4.8.1443/arm-gnu-toolchain/bin/../lib/gcc/arm-none-eabi/4.8.4/../../../../arm-none-eabi/lib/armv7-m\libc.a(lib_a-setbuf.o)
                0x00081a04                setbuf
 .text          0x00081a14       0x1c c:/program files/atmel/atmel toolchain/arm gcc/native/4.8.1443/arm-gnu-toolchain/bin/../lib/gcc/arm-none-eabi/4.8.4/../../../../arm-none-eabi/lib/armv7-m\libc.a(lib_a-setjmp.o)
                0x00081a14                setjmp
                0x00081a20                longjmp
 .text.setvbuf  0x00081a30      0x100 c:/program files/atmel/atmel toolchain/arm gcc/native/4.8.1443/arm-gnu-toolchain/bin/../lib/gcc/arm-none-eabi/4.8.4/../../../../arm-none-eabi/lib/armv7-m\libc.a(lib_a-setvbuf.o)
                0x00081a30                setvbuf
 .text.__sprint_r.part.0
                0x00081b30       0x78 c:/program files/atmel/atmel toolchain/arm gcc/native/4.8.1443/arm-gnu-toolchain/bin/../lib/gcc/arm-none-eabi/4.8.4/../../../../arm-none-eabi/lib/armv7-m\libc.a(lib_a-vfiprintf.o)
 .text._vfiprintf_r
                0x00081ba8      0xc54 c:/program files/atmel/atmel toolchain/arm gcc/native/4.8.1443/arm-gnu-toolchain/bin/../lib/gcc/arm-none-eabi/4.8.4/../../../../arm-none-eabi/lib/armv7-m\libc.a(lib_a-vfiprintf.o)
                0x00081ba8                _vfiprintf_r
 .text.__sbprintf
                0x000827fc       0x7c c:/program files/atmel/atmel toolchain/arm gcc/native/4.8.1443/arm-gnu-toolchain/bin/../lib/gcc/arm-none-eabi/4.8.4/../../../../arm-none-eabi/lib/armv7-m\libc.a(lib_a-vfiprintf.o)
 .text.__swbuf_r
                0x00082878       0xa8 c:/program files/atmel/atmel toolchain/arm gcc/native/4.8.1443/arm-gnu-toolchain/bin/../lib/gcc/arm-none-eabi/4.8.4/../../../../arm-none-eabi/lib/armv7-m\libc.a(lib_a-wbuf.o)
                0x00082878                __swbuf_r
 .text.__swsetup_r
                0x00082920       0xc4 c:/program files/atmel/atmel toolchain/arm gcc/native/4.8.1443/arm-gnu-toolchain/bin/../lib/gcc/arm-none-eabi/4.8.4/../../../../arm-none-eabi/lib/armv7-m\libc.a(lib_a-wsetup.o)
                0x00082920                __swsetup_r
 .text.startup.register_fini
                0x000829e4       0x14 c:/program files/atmel/atmel toolchain/arm gcc/native/4.8.1443/arm-gnu-toolchain/bin/../lib/gcc/arm-none-eabi/4.8.4/../../../../arm-none-eabi/lib/armv7-m\libc.a(lib_a-__call_atexit.o)
 .text.atexit   0x000829f8        0xc c:/program files/atmel/atmel toolchain/arm gcc/native/4.8.1443/arm-gnu-toolchain/bin/../lib/gcc/arm-none-eabi/4.8.4/../../../../arm-none-eabi/lib/armv7-m\libc.a(lib_a-atexit.o)
                0x000829f8                atexit
 .text.__sflush_r
                0x00082a04      0x148 c:/program files/atmel/atmel toolchain/arm gcc/native/4.8.1443/arm-gnu-toolchain/bin/../lib/gcc/arm-none-eabi/4.8.4/../../../../arm-none-eabi/lib/armv7-m\libc.a(lib_a-fflush.o)
                0x00082a04                __sflush_r
 .text._fflush_r
                0x00082b4c       0x2c c:/program files/atmel/atmel toolchain/arm gcc/native/4.8.1443/arm-gnu-toolchain/bin/../lib/gcc/arm-none-eabi/4.8.4/../../../../arm-none-eabi/lib/armv7-m\libc.a(lib_a-fflush.o)
                0x00082b4c                _fflush_r
 .text._cleanup_r
                0x00082b78        0xc c:/program files/atmel/atmel toolchain/arm gcc/native/4.8.1443/arm-gnu-toolchain/bin/../lib/gcc/arm-none-eabi/4.8.4/../../../../arm-none-eabi/lib/armv7-m\libc.a(lib_a-findfp.o)
                0x00082b78                _cleanup_r
 .text.__sinit  0x00082b84       0xf4 c:/program files/atmel/atmel toolchain/arm gcc/native/4.8.1443/arm-gnu-toolchain/bin/../lib/gcc/arm-none-eabi/4.8.4/../../../../arm-none-eabi/lib/armv7-m\libc.a(lib_a-findfp.o)
                0x00082b84                __sinit
 .text.__sfp_lock_acquire
                0x00082c78        0x4 c:/program files/atmel/atmel toolchain/arm gcc/native/4.8.1443/arm-gnu-toolchain/bin/../lib/gcc/arm-none-eabi/4.8.4/../../../../arm-none-eabi/lib/armv7-m\libc.a(lib_a-findfp.o)
                0x00082c78                __sfp_lock_acquire
 .text.__sfp_lock_release
                0x00082c7c        0x4 c:/program files/atmel/atmel toolchain/arm gcc/native/4.8.1443/arm-gnu-toolchain/bin/../lib/gcc/arm-none-eabi/4.8.4/../../../../arm-none-eabi/lib/armv7-m\libc.a(lib_a-findfp.o)
                0x00082c7c                __sfp_lock_release
 .text.__libc_fini_array
                0x00082c80       0x30 c:/program files/atmel/atmel toolchain/arm gcc/native/4.8.1443/arm-gnu-toolchain/bin/../lib/gcc/arm-none-eabi/4.8.4/../../../../arm-none-eabi/lib/armv7-m\libc.a(lib_a-fini.o)
                0x00082c80                __libc_fini_array
 .text._fputwc_r
                0x00082cb0       0xc0 c:/program files/atmel/atmel toolchain/arm gcc/native/4.8.1443/arm-gnu-toolchain/bin/../lib/gcc/arm-none-eabi/4.8.4/../../../../arm-none-eabi/lib/armv7-m\libc.a(lib_a-fputwc.o)
                0x00082cb0                _fputwc_r
 .text._malloc_trim_r
                0x00082d70       0x9c c:/program files/atmel/atmel toolchain/arm gcc/native/4.8.1443/arm-gnu-toolchain/bin/../lib/gcc/arm-none-eabi/4.8.4/../../../../arm-none-eabi/lib/armv7-m\libc.a(lib_a-freer.o)
                0x00082d70                _malloc_trim_r
 .text._free_r  0x00082e0c      0x198 c:/program files/atmel/atmel toolchain/arm gcc/native/4.8.1443/arm-gnu-toolchain/bin/../lib/gcc/arm-none-eabi/4.8.4/../../../../arm-none-eabi/lib/armv7-m\libc.a(lib_a-freer.o)
                0x00082e0c                _free_r
 .text.__sfvwrite_r
                0x00082fa4      0x318 c:/program files/atmel/atmel toolchain/arm gcc/native/4.8.1443/arm-gnu-toolchain/bin/../lib/gcc/arm-none-eabi/4.8.4/../../../../arm-none-eabi/lib/armv7-m\libc.a(lib_a-fvwrite.o)
                0x00082fa4                __sfvwrite_r
 .text._fwalk   0x000832bc       0x48 c:/program files/atmel/atmel toolchain/arm gcc/native/4.8.1443/arm-gnu-toolchain/bin/../lib/gcc/arm-none-eabi/4.8.4/../../../../arm-none-eabi/lib/armv7-m\libc.a(lib_a-fwalk.o)
                0x000832bc                _fwalk
 .text.__locale_charset
                0x00083304        0x8 c:/program files/atmel/atmel toolchain/arm gcc/native/4.8.1443/arm-gnu-toolchain/bin/../lib/gcc/arm-none-eabi/4.8.4/../../../../arm-none-eabi/lib/armv7-m\libc.a(lib_a-locale.o)
                0x00083304                __locale_charset
 .text.__locale_mb_cur_max
                0x0008330c        0xc c:/program files/atmel/atmel toolchain/arm gcc/native/4.8.1443/arm-gnu-toolchain/bin/../lib/gcc/arm-none-eabi/4.8.4/../../../../arm-none-eabi/lib/armv7-m\libc.a(lib_a-locale.o)
                0x0008330c                __locale_mb_cur_max
 .text.__smakebuf_r
                0x00083318       0xe0 c:/program files/atmel/atmel toolchain/arm gcc/native/4.8.1443/arm-gnu-toolchain/bin/../lib/gcc/arm-none-eabi/4.8.4/../../../../arm-none-eabi/lib/armv7-m\libc.a(lib_a-makebuf.o)
                0x00083318                __smakebuf_r
 .text.malloc   0x000833f8       0x10 c:/program files/atmel/atmel toolchain/arm gcc/native/4.8.1443/arm-gnu-toolchain/bin/../lib/gcc/arm-none-eabi/4.8.4/../../../../arm-none-eabi/lib/armv7-m\libc.a(lib_a-malloc.o)
                0x000833f8                malloc
 .text._malloc_r
                0x00083408      0x538 c:/program files/atmel/atmel toolchain/arm gcc/native/4.8.1443/arm-gnu-toolchain/bin/../lib/gcc/arm-none-eabi/4.8.4/../../../../arm-none-eabi/lib/armv7-m\libc.a(lib_a-mallocr.o)
                0x00083408                _malloc_r
 .text.memchr   0x00083940       0x94 c:/program files/atmel/atmel toolchain/arm gcc/native/4.8.1443/arm-gnu-toolchain/bin/../lib/gcc/arm-none-eabi/4.8.4/../../../../arm-none-eabi/lib/armv7-m\libc.a(lib_a-memchr-stub.o)
                0x00083940                memchr
 .text          0x000839d4       0xec c:/program files/atmel/atmel toolchain/arm gcc/native/4.8.1443/arm-gnu-toolchain/bin/../lib/gcc/arm-none-eabi/4.8.4/../../../../arm-none-eabi/lib/armv7-m\libc.a(lib_a-memcpy.o)
                0x000839d4                memcpy
 .text.memmove  0x00083ac0       0xcc c:/program files/atmel/atmel toolchain/arm gcc/native/4.8.1443/arm-gnu-toolchain/bin/../lib/gcc/arm-none-eabi/4.8.4/../../../../arm-none-eabi/lib/armv7-m\libc.a(lib_a-memmove.o)
                0x00083ac0                memmove
 .text.__malloc_lock
                0x00083b8c        0x4 c:/program files/atmel/atmel toolchain/arm gcc/native/4.8.1443/arm-gnu-toolchain/bin/../lib/gcc/arm-none-eabi/4.8.4/../../../../arm-none-eabi/lib/armv7-m\libc.a(lib_a-mlock.o)
                0x00083b8c                __malloc_lock
 .text.__malloc_unlock
                0x00083b90        0x4 c:/program files/atmel/atmel toolchain/arm gcc/native/4.8.1443/arm-gnu-toolchain/bin/../lib/gcc/arm-none-eabi/4.8.4/../../../../arm-none-eabi/lib/armv7-m\libc.a(lib_a-mlock.o)
                0x00083b90                __malloc_unlock
 .text._realloc_r
                0x00083b94      0x3c0 c:/program files/atmel/atmel toolchain/arm gcc/native/4.8.1443/arm-gnu-toolchain/bin/../lib/gcc/arm-none-eabi/4.8.4/../../../../arm-none-eabi/lib/armv7-m\libc.a(lib_a-reallocr.o)
                0x00083b94                _realloc_r
 .text._sbrk_r  0x00083f54       0x24 c:/program files/atmel/atmel toolchain/arm gcc/native/4.8.1443/arm-gnu-toolchain/bin/../lib/gcc/arm-none-eabi/4.8.4/../../../../arm-none-eabi/lib/armv7-m\libc.a(lib_a-sbrkr.o)
                0x00083f54                _sbrk_r
 .text.__sread  0x00083f78       0x24 c:/program files/atmel/atmel toolchain/arm gcc/native/4.8.1443/arm-gnu-toolchain/bin/../lib/gcc/arm-none-eabi/4.8.4/../../../../arm-none-eabi/lib/armv7-m\libc.a(lib_a-stdio.o)
                0x00083f78                __sread
 .text.__swrite
                0x00083f9c       0x38 c:/program files/atmel/atmel toolchain/arm gcc/native/4.8.1443/arm-gnu-toolchain/bin/../lib/gcc/arm-none-eabi/4.8.4/../../../../arm-none-eabi/lib/armv7-m\libc.a(lib_a-stdio.o)
                0x00083f9c                __swrite
 .text.__sseek  0x00083fd4       0x20 c:/program files/atmel/atmel toolchain/arm gcc/native/4.8.1443/arm-gnu-toolchain/bin/../lib/gcc/arm-none-eabi/4.8.4/../../../../arm-none-eabi/lib/armv7-m\libc.a(lib_a-stdio.o)
                0x00083fd4                __sseek
 .text.__sclose
                0x00083ff4        0x8 c:/program files/atmel/atmel toolchain/arm gcc/native/4.8.1443/arm-gnu-toolchain/bin/../lib/gcc/arm-none-eabi/4.8.4/../../../../arm-none-eabi/lib/armv7-m\libc.a(lib_a-stdio.o)
                0x00083ff4                __sclose
 .text.strlen   0x00083ffc       0x60 c:/program files/atmel/atmel toolchain/arm gcc/native/4.8.1443/arm-gnu-toolchain/bin/../lib/gcc/arm-none-eabi/4.8.4/../../../../arm-none-eabi/lib/armv7-m\libc.a(lib_a-strlen.o)
                0x00083ffc                strlen
 .text._wcrtomb_r
                0x0008405c       0x50 c:/program files/atmel/atmel toolchain/arm gcc/native/4.8.1443/arm-gnu-toolchain/bin/../lib/gcc/arm-none-eabi/4.8.4/../../../../arm-none-eabi/lib/armv7-m\libc.a(lib_a-wcrtomb.o)
                0x0008405c                _wcrtomb_r
 .text.__ascii_wctomb
                0x000840ac       0x1c c:/program files/atmel/atmel toolchain/arm gcc/native/4.8.1443/arm-gnu-toolchain/bin/../lib/gcc/arm-none-eabi/4.8.4/../../../../arm-none-eabi/lib/armv7-m\libc.a(lib_a-wctomb_r.o)
                0x000840ac                __ascii_wctomb
 .text._write_r
                0x000840c8       0x28 c:/program files/atmel/atmel toolchain/arm gcc/native/4.8.1443/arm-gnu-toolchain/bin/../lib/gcc/arm-none-eabi/4.8.4/../../../../arm-none-eabi/lib/armv7-m\libc.a(lib_a-writer.o)
                0x000840c8                _write_r
 .text.__register_exitproc
                0x000840f0       0xa8 c:/program files/atmel/atmel toolchain/arm gcc/native/4.8.1443/arm-gnu-toolchain/bin/../lib/gcc/arm-none-eabi/4.8.4/../../../../arm-none-eabi/lib/armv7-m\libc.a(lib_a-__atexit.o)
                0x000840f0                __register_exitproc
 .text._close_r
                0x00084198       0x24 c:/program files/atmel/atmel toolchain/arm gcc/native/4.8.1443/arm-gnu-toolchain/bin/../lib/gcc/arm-none-eabi/4.8.4/../../../../arm-none-eabi/lib/armv7-m\libc.a(lib_a-closer.o)
                0x00084198                _close_r
 .text._fclose_r
                0x000841bc       0x80 c:/program files/atmel/atmel toolchain/arm gcc/native/4.8.1443/arm-gnu-toolchain/bin/../lib/gcc/arm-none-eabi/4.8.4/../../../../arm-none-eabi/lib/armv7-m\libc.a(lib_a-fclose.o)
                0x000841bc                _fclose_r
 .text.fclose   0x0008423c       0x10 c:/program files/atmel/atmel toolchain/arm gcc/native/4.8.1443/arm-gnu-toolchain/bin/../lib/gcc/arm-none-eabi/4.8.4/../../../../arm-none-eabi/lib/armv7-m\libc.a(lib_a-fclose.o)
                0x0008423c                fclose
 .text._fstat_r
                0x0008424c       0x28 c:/program files/atmel/atmel toolchain/arm gcc/native/4.8.1443/arm-gnu-toolchain/bin/../lib/gcc/arm-none-eabi/4.8.4/../../../../arm-none-eabi/lib/armv7-m\libc.a(lib_a-fstatr.o)
                0x0008424c                _fstat_r
 .text._isatty_r
                0x00084274       0x24 c:/program files/atmel/atmel toolchain/arm gcc/native/4.8.1443/arm-gnu-toolchain/bin/../lib/gcc/arm-none-eabi/4.8.4/../../../../arm-none-eabi/lib/armv7-m\libc.a(lib_a-isattyr.o)
                0x00084274                _isatty_r
 .text._lseek_r
                0x00084298       0x28 c:/program files/atmel/atmel toolchain/arm gcc/native/4.8.1443/arm-gnu-toolchain/bin/../lib/gcc/arm-none-eabi/4.8.4/../../../../arm-none-eabi/lib/armv7-m\libc.a(lib_a-lseekr.o)
                0x00084298                _lseek_r
 .text._read_r  0x000842c0       0x28 c:/program files/atmel/atmel toolchain/arm gcc/native/4.8.1443/arm-gnu-toolchain/bin/../lib/gcc/arm-none-eabi/4.8.4/../../../../arm-none-eabi/lib/armv7-m\libc.a(lib_a-readr.o)
                0x000842c0                _read_r
 .text          0x000842e8       0x2c c:/program files/atmel/atmel toolchain/arm gcc/native/4.8.1443/arm-gnu-toolchain/bin/../lib/gcc/arm-none-eabi/4.8.4/armv7-m\libgcc.a(_aeabi_uldivmod.o)
                0x000842e8                __aeabi_uldivmod
 .text          0x00084314       0x60 c:/program files/atmel/atmel toolchain/arm gcc/native/4.8.1443/arm-gnu-toolchain/bin/../lib/gcc/arm-none-eabi/4.8.4/armv7-m\libgcc.a(bpabi.o)
                0x00084314                __gnu_ldivmod_helper
                0x00084344                __gnu_uldivmod_helper
 .text          0x00084374        0x4 c:/program files/atmel/atmel toolchain/arm gcc/native/4.8.1443/arm-gnu-toolchain/bin/../lib/gcc/arm-none-eabi/4.8.4/armv7-m\libgcc.a(_dvmd_tls.o)
                0x00084374                __aeabi_idiv0
                0x00084374                __aeabi_ldiv0
 .text          0x00084378      0x2a0 c:/program files/atmel/atmel toolchain/arm gcc/native/4.8.1443/arm-gnu-toolchain/bin/../lib/gcc/arm-none-eabi/4.8.4/armv7-m\libgcc.a(_divdi3.o)
                0x00084378                __divdi3
 .text          0x00084618      0x290 c:/program files/atmel/atmel toolchain/arm gcc/native/4.8.1443/arm-gnu-toolchain/bin/../lib/gcc/arm-none-eabi/4.8.4/armv7-m\libgcc.a(_udivdi3.o)
                0x00084618                __udivdi3
 *(.glue_7t)
 .glue_7t       0x00000000        0x0 linker stubs
 *(.glue_7)
 .glue_7        0x00000000        0x0 linker stubs
 *(.rodata .rodata* .gnu.linkonce.r.*)
 .rodata.UnityStrOk
                0x000848a8        0x4 unity/unity.o
                0x000848a8                UnityStrOk
 .rodata.UnityStrSpacer
                0x000848ac        0x4 unity/unity.o
                0x000848ac                UnityStrSpacer
 .rodata.UnityStrWas
                0x000848b0        0x8 unity/unity.o
                0x000848b0                UnityStrWas
 .rodata.UnityStrFail
                0x000848b8        0x8 unity/unity.o
                0x000848b8                UnityStrFail
 .rodata.UnityStrExpected
                0x000848c0        0xc unity/unity.o
                0x000848c0                UnityStrExpected
 .rodata.UnityStrBreaker
                0x000848cc       0x18 unity/unity.o
                0x000848cc                UnityStrBreaker
 .rodata.UnityStrResultsFailures
                0x000848e4        0xc unity/unity.o
                0x000848e4                UnityStrResultsFailures
 .rodata.UnityStrResultsIgnored
                0x000848f0        0xc unity/unity.o
                0x000848f0                UnityStrResultsIgnored
 .rodata.UnityStrResultsTests
                0x000848fc        0x8 unity/unity.o
                0x000848fc                UnityStrResultsTests
 .rodata.UnityStrPass
                0x00084904        0x8 unity/unity.o
                0x00084904                UnityStrPass
 .rodata.str1.4
                0x0008490c       0x80 test/test_digitalIO.o
 .rodata.str1.4
                0x0008498c       0x5f test/main.o
                                 0x60 (size before relaxing)
 *fill*         0x000849eb        0x1 
 .rodata.str1.4
                0x000849ec        0x2 c:/program files/atmel/atmel toolchain/arm gcc/native/4.8.1443/arm-gnu-toolchain/bin/../lib/gcc/arm-none-eabi/4.8.4/../../../../arm-none-eabi/lib/armv7-m\libc.a(lib_a-impure.o)
                                  0x4 (size before relaxing)
 *fill*         0x000849ee        0x2 
 .rodata._global_impure_ptr
                0x000849f0        0x4 c:/program files/atmel/atmel toolchain/arm gcc/native/4.8.1443/arm-gnu-toolchain/bin/../lib/gcc/arm-none-eabi/4.8.4/../../../../arm-none-eabi/lib/armv7-m\libc.a(lib_a-impure.o)
                0x000849f0                _global_impure_ptr
 .rodata.str1.4
                0x000849f4       0x30 c:/program files/atmel/atmel toolchain/arm gcc/native/4.8.1443/arm-gnu-toolchain/bin/../lib/gcc/arm-none-eabi/4.8.4/../../../../arm-none-eabi/lib/armv7-m\libc.a(lib_a-vfiprintf.o)
 .rodata.zeroes.6721
                0x00084a24       0x10 c:/program files/atmel/atmel toolchain/arm gcc/native/4.8.1443/arm-gnu-toolchain/bin/../lib/gcc/arm-none-eabi/4.8.4/../../../../arm-none-eabi/lib/armv7-m\libc.a(lib_a-vfiprintf.o)
 .rodata.blanks.6720
                0x00084a34       0x10 c:/program files/atmel/atmel toolchain/arm gcc/native/4.8.1443/arm-gnu-toolchain/bin/../lib/gcc/arm-none-eabi/4.8.4/../../../../arm-none-eabi/lib/armv7-m\libc.a(lib_a-vfiprintf.o)
 *(.ARM.extab* .gnu.linkonce.armextab.*)
                0x00084a44                . = ALIGN (0x4)
 *(.init)
 .init          0x00084a44        0x4 c:/program files/atmel/atmel toolchain/arm gcc/native/4.8.1443/arm-gnu-toolchain/bin/../lib/gcc/arm-none-eabi/4.8.4/armv7-m/crti.o
                0x00084a44                _init
 .init          0x00084a48        0x8 c:/program files/atmel/atmel toolchain/arm gcc/native/4.8.1443/arm-gnu-toolchain/bin/../lib/gcc/arm-none-eabi/4.8.4/armv7-m/crtn.o
                0x00084a50                . = ALIGN (0x4)
                0x00084a50                __preinit_array_start = .
 *(.preinit_array)
                0x00084a50                __preinit_array_end = .
                0x00084a50                . = ALIGN (0x4)
                0x00084a50                __init_array_start = .
 *(SORT(.init_array.*))
 .init_array.00000
                0x00084a50        0x4 c:/program files/atmel/atmel toolchain/arm gcc/native/4.8.1443/arm-gnu-toolchain/bin/../lib/gcc/arm-none-eabi/4.8.4/../../../../arm-none-eabi/lib/armv7-m\libc.a(lib_a-__call_atexit.o)
 *(.init_array)
 .init_array    0x00084a54        0x4 c:/program files/atmel/atmel toolchain/arm gcc/native/4.8.1443/arm-gnu-toolchain/bin/../lib/gcc/arm-none-eabi/4.8.4/armv7-m/crtbegin.o
                0x00084a58                __init_array_end = .
                0x00084a58                . = ALIGN (0x4)
 *crtbegin.o(.ctors)
 *(EXCLUDE_FILE(*crtend.o) .ctors)
 *(SORT(.ctors.*))
 *crtend.o(.ctors)
                0x00084a58                . = ALIGN (0x4)
 *(.fini)
 .fini          0x00084a58        0x4 c:/program files/atmel/atmel toolchain/arm gcc/native/4.8.1443/arm-gnu-toolchain/bin/../lib/gcc/arm-none-eabi/4.8.4/armv7-m/crti.o
                0x00084a58                _fini
 .fini          0x00084a5c        0x8 c:/program files/atmel/atmel toolchain/arm gcc/native/4.8.1443/arm-gnu-toolchain/bin/../lib/gcc/arm-none-eabi/4.8.4/armv7-m/crtn.o
                0x00084a64                . = ALIGN (0x4)
                0x00084a64                __fini_array_start = .
 *(.fini_array)
 .fini_array    0x00084a64        0x4 c:/program files/atmel/atmel toolchain/arm gcc/native/4.8.1443/arm-gnu-toolchain/bin/../lib/gcc/arm-none-eabi/4.8.4/armv7-m/crtbegin.o
 *(SORT(.fini_array.*))
                0x00084a68                __fini_array_end = .
 *crtbegin.o(.dtors)
 *(EXCLUDE_FILE(*crtend.o) .dtors)
 *(SORT(.dtors.*))
 *crtend.o(.dtors)
                0x00084a68                . = ALIGN (0x4)
                0x00084a68                _efixed = .
                0x00084a68                PROVIDE (__exidx_start, .)

.vfp11_veneer   0x00084a68        0x0
 .vfp11_veneer  0x00000000        0x0 linker stubs

.v4_bx          0x00084a68        0x0
 .v4_bx         0x00000000        0x0 linker stubs

.iplt           0x00084a68        0x0
 .iplt          0x00000000        0x0 c:/program files/atmel/atmel toolchain/arm gcc/native/4.8.1443/arm-gnu-toolchain/bin/../lib/gcc/arm-none-eabi/4.8.4/armv7-m/crtbegin.o

.ARM.exidx      0x00084a68        0x8
 *(.ARM.exidx* .gnu.linkonce.armexidx.*)
 .ARM.exidx     0x00084a68        0x8 c:/program files/atmel/atmel toolchain/arm gcc/native/4.8.1443/arm-gnu-toolchain/bin/../lib/gcc/arm-none-eabi/4.8.4/armv7-m\libgcc.a(_divdi3.o)
 .ARM.exidx     0x00084a70        0x0 c:/program files/atmel/atmel toolchain/arm gcc/native/4.8.1443/arm-gnu-toolchain/bin/../lib/gcc/arm-none-eabi/4.8.4/armv7-m\libgcc.a(_udivdi3.o)
                                  0x8 (size before relaxing)
                0x00084a70                PROVIDE (__exidx_end, .)

.eh_frame       0x00084a70        0x0
 .eh_frame      0x00084a70        0x0 c:/program files/atmel/atmel toolchain/arm gcc/native/4.8.1443/arm-gnu-toolchain/bin/../lib/gcc/arm-none-eabi/4.8.4/armv7-m/crtbegin.o

.rel.dyn        0x00084a70        0x0
 .rel.iplt      0x00000000        0x0 c:/program files/atmel/atmel toolchain/arm gcc/native/4.8.1443/arm-gnu-toolchain/bin/../lib/gcc/arm-none-eabi/4.8.4/armv7-m/crtbegin.o

.jcr            0x00084a70        0x0
 .jcr           0x00084a70        0x0 c:/program files/atmel/atmel toolchain/arm gcc/native/4.8.1443/arm-gnu-toolchain/bin/../lib/gcc/arm-none-eabi/4.8.4/armv7-m/crtbegin.o

.igot.plt       0x00084a70        0x0
 .igot.plt      0x00000000        0x0 c:/program files/atmel/atmel toolchain/arm gcc/native/4.8.1443/arm-gnu-toolchain/bin/../lib/gcc/arm-none-eabi/4.8.4/armv7-m/crtbegin.o
                0x00084a70                . = ALIGN (0x4)
                0x00084a70                _etext = .

.relocate       0x20070000      0x99c load address 0x00084a70
                0x20070000                . = ALIGN (0x4)
                0x20070000                _srelocate = .
 *(.ramfunc .ramfunc.*)
 .ramfunc       0x20070000      0x12c src/ASF/sam/utils/cmsis/sam3x/source/templates/system_sam3x.o
                0x20070000                SystemInit
                0x200700a4                system_init_flash
 *(.data .data.*)
 .data.g_interrupt_enabled
                0x2007012c        0x1 src/ASF/common/utils/interrupt/interrupt_sam_nvic.o
                0x2007012c                g_interrupt_enabled
 *fill*         0x2007012d        0x3 
 .data.SystemCoreClock
                0x20070130        0x4 src/ASF/sam/utils/cmsis/sam3x/source/templates/system_sam3x.o
                0x20070130                SystemCoreClock
 *fill*         0x20070134        0x4 
 .data.impure_data
                0x20070138      0x428 c:/program files/atmel/atmel toolchain/arm gcc/native/4.8.1443/arm-gnu-toolchain/bin/../lib/gcc/arm-none-eabi/4.8.4/../../../../arm-none-eabi/lib/armv7-m\libc.a(lib_a-impure.o)
 .data._impure_ptr
                0x20070560        0x4 c:/program files/atmel/atmel toolchain/arm gcc/native/4.8.1443/arm-gnu-toolchain/bin/../lib/gcc/arm-none-eabi/4.8.4/../../../../arm-none-eabi/lib/armv7-m\libc.a(lib_a-impure.o)
                0x20070560                _impure_ptr
 .data.lc_ctype_charset
                0x20070564       0x20 c:/program files/atmel/atmel toolchain/arm gcc/native/4.8.1443/arm-gnu-toolchain/bin/../lib/gcc/arm-none-eabi/4.8.4/../../../../arm-none-eabi/lib/armv7-m\libc.a(lib_a-locale.o)
 .data.__mb_cur_max
                0x20070584        0x4 c:/program files/atmel/atmel toolchain/arm gcc/native/4.8.1443/arm-gnu-toolchain/bin/../lib/gcc/arm-none-eabi/4.8.4/../../../../arm-none-eabi/lib/armv7-m\libc.a(lib_a-locale.o)
                0x20070584                __mb_cur_max
 .data.__malloc_av_
                0x20070588      0x408 c:/program files/atmel/atmel toolchain/arm gcc/native/4.8.1443/arm-gnu-toolchain/bin/../lib/gcc/arm-none-eabi/4.8.4/../../../../arm-none-eabi/lib/armv7-m\libc.a(lib_a-mallocr.o)
                0x20070588                __malloc_av_
 .data.__malloc_trim_threshold
                0x20070990        0x4 c:/program files/atmel/atmel toolchain/arm gcc/native/4.8.1443/arm-gnu-toolchain/bin/../lib/gcc/arm-none-eabi/4.8.4/../../../../arm-none-eabi/lib/armv7-m\libc.a(lib_a-mallocr.o)
                0x20070990                __malloc_trim_threshold
 .data.__malloc_sbrk_base
                0x20070994        0x4 c:/program files/atmel/atmel toolchain/arm gcc/native/4.8.1443/arm-gnu-toolchain/bin/../lib/gcc/arm-none-eabi/4.8.4/../../../../arm-none-eabi/lib/armv7-m\libc.a(lib_a-mallocr.o)
                0x20070994                __malloc_sbrk_base
 .data.__wctomb
                0x20070998        0x4 c:/program files/atmel/atmel toolchain/arm gcc/native/4.8.1443/arm-gnu-toolchain/bin/../lib/gcc/arm-none-eabi/4.8.4/../../../../arm-none-eabi/lib/armv7-m\libc.a(lib_a-wctomb_r.o)
                0x20070998                __wctomb
                0x2007099c                . = ALIGN (0x4)
                0x2007099c                _erelocate = .

.bss            0x2007099c      0x1f0 load address 0x0008540c
                0x2007099c                . = ALIGN (0x4)
                0x2007099c                _sbss = .
                0x2007099c                _szero = .
 *(.bss .bss.*)
 .bss           0x2007099c       0x1c c:/program files/atmel/atmel toolchain/arm gcc/native/4.8.1443/arm-gnu-toolchain/bin/../lib/gcc/arm-none-eabi/4.8.4/armv7-m/crtbegin.o
 .bss.serial_rx_buf
                0x200709b8       0x9c src/ASF/thirdparty/wireless/addons/sio2host/uart/sio2host.o
 .bss.serial_rx_buf_tail
                0x20070a54        0x1 src/ASF/thirdparty/wireless/addons/sio2host/uart/sio2host.o
 *fill*         0x20070a55        0x3 
 .bss.gs_interrupt_sources
                0x20070a58       0x70 src/ASF/sam/drivers/pio/pio_handler.o
 .bss.heap.5098
                0x20070ac8        0x4 src/ASF/sam/utils/syscalls/gcc/syscalls.o
 .bss.__malloc_max_total_mem
                0x20070acc        0x4 c:/program files/atmel/atmel toolchain/arm gcc/native/4.8.1443/arm-gnu-toolchain/bin/../lib/gcc/arm-none-eabi/4.8.4/../../../../arm-none-eabi/lib/armv7-m\libc.a(lib_a-mallocr.o)
                0x20070acc                __malloc_max_total_mem
 .bss.__malloc_max_sbrked_mem
                0x20070ad0        0x4 c:/program files/atmel/atmel toolchain/arm gcc/native/4.8.1443/arm-gnu-toolchain/bin/../lib/gcc/arm-none-eabi/4.8.4/../../../../arm-none-eabi/lib/armv7-m\libc.a(lib_a-mallocr.o)
                0x20070ad0                __malloc_max_sbrked_mem
 .bss.__malloc_top_pad
                0x20070ad4        0x4 c:/program files/atmel/atmel toolchain/arm gcc/native/4.8.1443/arm-gnu-toolchain/bin/../lib/gcc/arm-none-eabi/4.8.4/../../../../arm-none-eabi/lib/armv7-m\libc.a(lib_a-mallocr.o)
                0x20070ad4                __malloc_top_pad
 .bss.__malloc_current_mallinfo
                0x20070ad8       0x28 c:/program files/atmel/atmel toolchain/arm gcc/native/4.8.1443/arm-gnu-toolchain/bin/../lib/gcc/arm-none-eabi/4.8.4/../../../../arm-none-eabi/lib/armv7-m\libc.a(lib_a-mallocr.o)
                0x20070ad8                __malloc_current_mallinfo
 *(COMMON)
 COMMON         0x20070b00        0x4 src/ASF/common/utils/stdio/read.o
                0x20070b00                ptr_get
 COMMON         0x20070b04       0x7c unity/unity.o
                0x20070b04                Unity
 COMMON         0x20070b80        0x8 src/ASF/common/utils/stdio/write.o
                0x20070b80                ptr_put
                0x20070b84                stdio_base
 COMMON         0x20070b88        0x4 c:/program files/atmel/atmel toolchain/arm gcc/native/4.8.1443/arm-gnu-toolchain/bin/../lib/gcc/arm-none-eabi/4.8.4/../../../../arm-none-eabi/lib/armv7-m\libc.a(lib_a-reent.o)
                0x20070b88                errno
                0x20070b8c                . = ALIGN (0x4)
                0x20070b8c                _ebss = .
                0x20070b8c                _ezero = .

.stack          0x20070b8c     0x2004 load address 0x000855fc
                0x20070b90                . = ALIGN (0x8)
 *fill*         0x20070b8c        0x4 
                0x20070b90                _sstack = .
                0x20072b90                . = (. + __stack_size__)
 *fill*         0x20070b90     0x2000 
                0x20072b90                . = ALIGN (0x8)
                0x20072b90                _estack = .
                0x20072b90                . = ALIGN (0x4)
                0x20072b90                _end = .
OUTPUT(ProjectDigitalIO.elf elf32-littlearm)

.ARM.attributes
                0x00000000       0x29
 .ARM.attributes
                0x00000000       0x1d c:/program files/atmel/atmel toolchain/arm gcc/native/4.8.1443/arm-gnu-toolchain/bin/../lib/gcc/arm-none-eabi/4.8.4/armv7-m/crti.o
 .ARM.attributes
                0x0000001d       0x2d c:/program files/atmel/atmel toolchain/arm gcc/native/4.8.1443/arm-gnu-toolchain/bin/../lib/gcc/arm-none-eabi/4.8.4/armv7-m/crtbegin.o
 .ARM.attributes
                0x0000004a       0x33 src/ASF/common/utils/stdio/read.o
 .ARM.attributes
                0x0000007d       0x33 src/ASF/sam/drivers/usart/usart.o
 .ARM.attributes
                0x000000b0       0x33 src/ASF/thirdparty/wireless/addons/sio2host/uart/sio2host.o
 .ARM.attributes
                0x000000e3       0x33 src/digitalIO.o
 .ARM.attributes
                0x00000116       0x33 unity/unity.o
 .ARM.attributes
                0x00000149       0x33 src/ASF/common/utils/stdio/write.o
 .ARM.attributes
                0x0000017c       0x33 src/ASF/common/services/serial/usart_serial.o
 .ARM.attributes
                0x000001af       0x33 src/ASF/sam/drivers/uart/uart.o
 .ARM.attributes
                0x000001e2       0x33 test/test_digitalIO.o
 .ARM.attributes
                0x00000215       0x33 test/main.o
 .ARM.attributes
                0x00000248       0x33 src/ASF/common/services/clock/sam3x/sysclk.o
 .ARM.attributes
                0x0000027b       0x33 src/ASF/common/utils/interrupt/interrupt_sam_nvic.o
 .ARM.attributes
                0x000002ae       0x33 src/ASF/sam/boards/arduino_due_x/init.o
 .ARM.attributes
                0x000002e1       0x33 src/ASF/sam/drivers/pio/pio.o
 .ARM.attributes
                0x00000314       0x33 src/ASF/sam/drivers/pio/pio_handler.o
 .ARM.attributes
                0x00000347       0x33 src/ASF/sam/drivers/pmc/pmc.o
 .ARM.attributes
                0x0000037a       0x33 src/ASF/sam/utils/cmsis/sam3x/source/templates/exceptions.o
 .ARM.attributes
                0x000003ad       0x33 src/ASF/sam/utils/cmsis/sam3x/source/templates/gcc/startup_sam3x.o
 .ARM.attributes
                0x000003e0       0x33 src/ASF/sam/utils/cmsis/sam3x/source/templates/system_sam3x.o
 .ARM.attributes
                0x00000413       0x33 src/ASF/sam/utils/syscalls/gcc/syscalls.o
 .ARM.attributes
                0x00000446       0x2d c:/program files/atmel/atmel toolchain/arm gcc/native/4.8.1443/arm-gnu-toolchain/bin/../lib/gcc/arm-none-eabi/4.8.4/../../../../arm-none-eabi/lib/armv7-m\libc.a(lib_a-impure.o)
 .ARM.attributes
                0x00000473       0x2d c:/program files/atmel/atmel toolchain/arm gcc/native/4.8.1443/arm-gnu-toolchain/bin/../lib/gcc/arm-none-eabi/4.8.4/../../../../arm-none-eabi/lib/armv7-m\libc.a(lib_a-init.o)
 .ARM.attributes
                0x000004a0       0x2d c:/program files/atmel/atmel toolchain/arm gcc/native/4.8.1443/arm-gnu-toolchain/bin/../lib/gcc/arm-none-eabi/4.8.4/../../../../arm-none-eabi/lib/armv7-m\libc.a(lib_a-iprintf.o)
 .ARM.attributes
                0x000004cd       0x2d c:/program files/atmel/atmel toolchain/arm gcc/native/4.8.1443/arm-gnu-toolchain/bin/../lib/gcc/arm-none-eabi/4.8.4/../../../../arm-none-eabi/lib/armv7-m\libc.a(lib_a-memset.o)
 .ARM.attributes
                0x000004fa       0x2d c:/program files/atmel/atmel toolchain/arm gcc/native/4.8.1443/arm-gnu-toolchain/bin/../lib/gcc/arm-none-eabi/4.8.4/../../../../arm-none-eabi/lib/armv7-m\libc.a(lib_a-setbuf.o)
 .ARM.attributes
                0x00000527       0x1b c:/program files/atmel/atmel toolchain/arm gcc/native/4.8.1443/arm-gnu-toolchain/bin/../lib/gcc/arm-none-eabi/4.8.4/../../../../arm-none-eabi/lib/armv7-m\libc.a(lib_a-setjmp.o)
 .ARM.attributes
                0x00000542       0x2d c:/program files/atmel/atmel toolchain/arm gcc/native/4.8.1443/arm-gnu-toolchain/bin/../lib/gcc/arm-none-eabi/4.8.4/../../../../arm-none-eabi/lib/armv7-m\libc.a(lib_a-setvbuf.o)
 .ARM.attributes
                0x0000056f       0x2d c:/program files/atmel/atmel toolchain/arm gcc/native/4.8.1443/arm-gnu-toolchain/bin/../lib/gcc/arm-none-eabi/4.8.4/../../../../arm-none-eabi/lib/armv7-m\libc.a(lib_a-vfiprintf.o)
 .ARM.attributes
                0x0000059c       0x2d c:/program files/atmel/atmel toolchain/arm gcc/native/4.8.1443/arm-gnu-toolchain/bin/../lib/gcc/arm-none-eabi/4.8.4/../../../../arm-none-eabi/lib/armv7-m\libc.a(lib_a-wbuf.o)
 .ARM.attributes
                0x000005c9       0x2d c:/program files/atmel/atmel toolchain/arm gcc/native/4.8.1443/arm-gnu-toolchain/bin/../lib/gcc/arm-none-eabi/4.8.4/../../../../arm-none-eabi/lib/armv7-m\libc.a(lib_a-wsetup.o)
 .ARM.attributes
                0x000005f6       0x2d c:/program files/atmel/atmel toolchain/arm gcc/native/4.8.1443/arm-gnu-toolchain/bin/../lib/gcc/arm-none-eabi/4.8.4/../../../../arm-none-eabi/lib/armv7-m\libc.a(lib_a-__call_atexit.o)
 .ARM.attributes
                0x00000623       0x2d c:/program files/atmel/atmel toolchain/arm gcc/native/4.8.1443/arm-gnu-toolchain/bin/../lib/gcc/arm-none-eabi/4.8.4/../../../../arm-none-eabi/lib/armv7-m\libc.a(lib_a-atexit.o)
 .ARM.attributes
                0x00000650       0x2d c:/program files/atmel/atmel toolchain/arm gcc/native/4.8.1443/arm-gnu-toolchain/bin/../lib/gcc/arm-none-eabi/4.8.4/../../../../arm-none-eabi/lib/armv7-m\libc.a(lib_a-fflush.o)
 .ARM.attributes
                0x0000067d       0x2d c:/program files/atmel/atmel toolchain/arm gcc/native/4.8.1443/arm-gnu-toolchain/bin/../lib/gcc/arm-none-eabi/4.8.4/../../../../arm-none-eabi/lib/armv7-m\libc.a(lib_a-findfp.o)
 .ARM.attributes
                0x000006aa       0x2d c:/program files/atmel/atmel toolchain/arm gcc/native/4.8.1443/arm-gnu-toolchain/bin/../lib/gcc/arm-none-eabi/4.8.4/../../../../arm-none-eabi/lib/armv7-m\libc.a(lib_a-fini.o)
 .ARM.attributes
                0x000006d7       0x2d c:/program files/atmel/atmel toolchain/arm gcc/native/4.8.1443/arm-gnu-toolchain/bin/../lib/gcc/arm-none-eabi/4.8.4/../../../../arm-none-eabi/lib/armv7-m\libc.a(lib_a-fputwc.o)
 .ARM.attributes
                0x00000704       0x2d c:/program files/atmel/atmel toolchain/arm gcc/native/4.8.1443/arm-gnu-toolchain/bin/../lib/gcc/arm-none-eabi/4.8.4/../../../../arm-none-eabi/lib/armv7-m\libc.a(lib_a-freer.o)
 .ARM.attributes
                0x00000731       0x2d c:/program files/atmel/atmel toolchain/arm gcc/native/4.8.1443/arm-gnu-toolchain/bin/../lib/gcc/arm-none-eabi/4.8.4/../../../../arm-none-eabi/lib/armv7-m\libc.a(lib_a-fvwrite.o)
 .ARM.attributes
                0x0000075e       0x2d c:/program files/atmel/atmel toolchain/arm gcc/native/4.8.1443/arm-gnu-toolchain/bin/../lib/gcc/arm-none-eabi/4.8.4/../../../../arm-none-eabi/lib/armv7-m\libc.a(lib_a-fwalk.o)
 .ARM.attributes
                0x0000078b       0x2d c:/program files/atmel/atmel toolchain/arm gcc/native/4.8.1443/arm-gnu-toolchain/bin/../lib/gcc/arm-none-eabi/4.8.4/../../../../arm-none-eabi/lib/armv7-m\libc.a(lib_a-locale.o)
 .ARM.attributes
                0x000007b8       0x2d c:/program files/atmel/atmel toolchain/arm gcc/native/4.8.1443/arm-gnu-toolchain/bin/../lib/gcc/arm-none-eabi/4.8.4/../../../../arm-none-eabi/lib/armv7-m\libc.a(lib_a-makebuf.o)
 .ARM.attributes
                0x000007e5       0x2d c:/program files/atmel/atmel toolchain/arm gcc/native/4.8.1443/arm-gnu-toolchain/bin/../lib/gcc/arm-none-eabi/4.8.4/../../../../arm-none-eabi/lib/armv7-m\libc.a(lib_a-malloc.o)
 .ARM.attributes
                0x00000812       0x2d c:/program files/atmel/atmel toolchain/arm gcc/native/4.8.1443/arm-gnu-toolchain/bin/../lib/gcc/arm-none-eabi/4.8.4/../../../../arm-none-eabi/lib/armv7-m\libc.a(lib_a-mallocr.o)
 .ARM.attributes
                0x0000083f       0x2d c:/program files/atmel/atmel toolchain/arm gcc/native/4.8.1443/arm-gnu-toolchain/bin/../lib/gcc/arm-none-eabi/4.8.4/../../../../arm-none-eabi/lib/armv7-m\libc.a(lib_a-memchr-stub.o)
 .ARM.attributes
                0x0000086c       0x1b c:/program files/atmel/atmel toolchain/arm gcc/native/4.8.1443/arm-gnu-toolchain/bin/../lib/gcc/arm-none-eabi/4.8.4/../../../../arm-none-eabi/lib/armv7-m\libc.a(lib_a-memcpy.o)
 .ARM.attributes
                0x00000887       0x2d c:/program files/atmel/atmel toolchain/arm gcc/native/4.8.1443/arm-gnu-toolchain/bin/../lib/gcc/arm-none-eabi/4.8.4/../../../../arm-none-eabi/lib/armv7-m\libc.a(lib_a-memmove.o)
 .ARM.attributes
                0x000008b4       0x2d c:/program files/atmel/atmel toolchain/arm gcc/native/4.8.1443/arm-gnu-toolchain/bin/../lib/gcc/arm-none-eabi/4.8.4/../../../../arm-none-eabi/lib/armv7-m\libc.a(lib_a-mlock.o)
 .ARM.attributes
                0x000008e1       0x2d c:/program files/atmel/atmel toolchain/arm gcc/native/4.8.1443/arm-gnu-toolchain/bin/../lib/gcc/arm-none-eabi/4.8.4/../../../../arm-none-eabi/lib/armv7-m\libc.a(lib_a-reallocr.o)
 .ARM.attributes
                0x0000090e       0x2d c:/program files/atmel/atmel toolchain/arm gcc/native/4.8.1443/arm-gnu-toolchain/bin/../lib/gcc/arm-none-eabi/4.8.4/../../../../arm-none-eabi/lib/armv7-m\libc.a(lib_a-sbrkr.o)
 .ARM.attributes
                0x0000093b       0x2d c:/program files/atmel/atmel toolchain/arm gcc/native/4.8.1443/arm-gnu-toolchain/bin/../lib/gcc/arm-none-eabi/4.8.4/../../../../arm-none-eabi/lib/armv7-m\libc.a(lib_a-stdio.o)
 .ARM.attributes
                0x00000968       0x2d c:/program files/atmel/atmel toolchain/arm gcc/native/4.8.1443/arm-gnu-toolchain/bin/../lib/gcc/arm-none-eabi/4.8.4/../../../../arm-none-eabi/lib/armv7-m\libc.a(lib_a-strlen.o)
 .ARM.attributes
                0x00000995       0x2d c:/program files/atmel/atmel toolchain/arm gcc/native/4.8.1443/arm-gnu-toolchain/bin/../lib/gcc/arm-none-eabi/4.8.4/../../../../arm-none-eabi/lib/armv7-m\libc.a(lib_a-wcrtomb.o)
 .ARM.attributes
                0x000009c2       0x2d c:/program files/atmel/atmel toolchain/arm gcc/native/4.8.1443/arm-gnu-toolchain/bin/../lib/gcc/arm-none-eabi/4.8.4/../../../../arm-none-eabi/lib/armv7-m\libc.a(lib_a-wctomb_r.o)
 .ARM.attributes
                0x000009ef       0x2d c:/program files/atmel/atmel toolchain/arm gcc/native/4.8.1443/arm-gnu-toolchain/bin/../lib/gcc/arm-none-eabi/4.8.4/../../../../arm-none-eabi/lib/armv7-m\libc.a(lib_a-writer.o)
 .ARM.attributes
                0x00000a1c       0x2d c:/program files/atmel/atmel toolchain/arm gcc/native/4.8.1443/arm-gnu-toolchain/bin/../lib/gcc/arm-none-eabi/4.8.4/../../../../arm-none-eabi/lib/armv7-m\libc.a(lib_a-__atexit.o)
 .ARM.attributes
                0x00000a49       0x2d c:/program files/atmel/atmel toolchain/arm gcc/native/4.8.1443/arm-gnu-toolchain/bin/../lib/gcc/arm-none-eabi/4.8.4/../../../../arm-none-eabi/lib/armv7-m\libc.a(lib_a-closer.o)
 .ARM.attributes
                0x00000a76       0x2d c:/program files/atmel/atmel toolchain/arm gcc/native/4.8.1443/arm-gnu-toolchain/bin/../lib/gcc/arm-none-eabi/4.8.4/../../../../arm-none-eabi/lib/armv7-m\libc.a(lib_a-fclose.o)
 .ARM.attributes
                0x00000aa3       0x2d c:/program files/atmel/atmel toolchain/arm gcc/native/4.8.1443/arm-gnu-toolchain/bin/../lib/gcc/arm-none-eabi/4.8.4/../../../../arm-none-eabi/lib/armv7-m\libc.a(lib_a-fstatr.o)
 .ARM.attributes
                0x00000ad0       0x2d c:/program files/atmel/atmel toolchain/arm gcc/native/4.8.1443/arm-gnu-toolchain/bin/../lib/gcc/arm-none-eabi/4.8.4/../../../../arm-none-eabi/lib/armv7-m\libc.a(lib_a-isattyr.o)
 .ARM.attributes
                0x00000afd       0x2d c:/program files/atmel/atmel toolchain/arm gcc/native/4.8.1443/arm-gnu-toolchain/bin/../lib/gcc/arm-none-eabi/4.8.4/../../../../arm-none-eabi/lib/armv7-m\libc.a(lib_a-lseekr.o)
 .ARM.attributes
                0x00000b2a       0x2d c:/program files/atmel/atmel toolchain/arm gcc/native/4.8.1443/arm-gnu-toolchain/bin/../lib/gcc/arm-none-eabi/4.8.4/../../../../arm-none-eabi/lib/armv7-m\libc.a(lib_a-readr.o)
 .ARM.attributes
                0x00000b57       0x2d c:/program files/atmel/atmel toolchain/arm gcc/native/4.8.1443/arm-gnu-toolchain/bin/../lib/gcc/arm-none-eabi/4.8.4/../../../../arm-none-eabi/lib/armv7-m\libc.a(lib_a-reent.o)
 .ARM.attributes
                0x00000b84       0x1d c:/program files/atmel/atmel toolchain/arm gcc/native/4.8.1443/arm-gnu-toolchain/bin/../lib/gcc/arm-none-eabi/4.8.4/armv7-m\libgcc.a(_aeabi_uldivmod.o)
 .ARM.attributes
                0x00000ba1       0x2d c:/program files/atmel/atmel toolchain/arm gcc/native/4.8.1443/arm-gnu-toolchain/bin/../lib/gcc/arm-none-eabi/4.8.4/armv7-m\libgcc.a(bpabi.o)
 .ARM.attributes
                0x00000bce       0x1d c:/program files/atmel/atmel toolchain/arm gcc/native/4.8.1443/arm-gnu-toolchain/bin/../lib/gcc/arm-none-eabi/4.8.4/armv7-m\libgcc.a(_dvmd_tls.o)
 .ARM.attributes
                0x00000beb       0x2d c:/program files/atmel/atmel toolchain/arm gcc/native/4.8.1443/arm-gnu-toolchain/bin/../lib/gcc/arm-none-eabi/4.8.4/armv7-m\libgcc.a(_divdi3.o)
 .ARM.attributes
                0x00000c18       0x2d c:/program files/atmel/atmel toolchain/arm gcc/native/4.8.1443/arm-gnu-toolchain/bin/../lib/gcc/arm-none-eabi/4.8.4/armv7-m\libgcc.a(_udivdi3.o)
 .ARM.attributes
                0x00000c45       0x1d c:/program files/atmel/atmel toolchain/arm gcc/native/4.8.1443/arm-gnu-toolchain/bin/../lib/gcc/arm-none-eabi/4.8.4/armv7-m/crtn.o

.comment        0x00000000       0x5b
 .comment       0x00000000       0x5b src/ASF/common/utils/stdio/read.o
                                 0x5c (size before relaxing)
 .comment       0x00000000       0x5c src/ASF/sam/drivers/usart/usart.o
 .comment       0x00000000       0x5c src/ASF/thirdparty/wireless/addons/sio2host/uart/sio2host.o
 .comment       0x00000000       0x5c src/digitalIO.o
 .comment       0x00000000       0x5c unity/unity.o
 .comment       0x00000000       0x5c src/ASF/common/utils/stdio/write.o
 .comment       0x00000000       0x5c src/ASF/common/services/serial/usart_serial.o
 .comment       0x00000000       0x5c src/ASF/sam/drivers/uart/uart.o
 .comment       0x00000000       0x5c test/test_digitalIO.o
 .comment       0x00000000       0x5c test/main.o
 .comment       0x00000000       0x5c src/ASF/common/services/clock/sam3x/sysclk.o
 .comment       0x00000000       0x5c src/ASF/common/utils/interrupt/interrupt_sam_nvic.o
 .comment       0x00000000       0x5c src/ASF/sam/boards/arduino_due_x/init.o
 .comment       0x00000000       0x5c src/ASF/sam/drivers/pio/pio.o
 .comment       0x00000000       0x5c src/ASF/sam/drivers/pio/pio_handler.o
 .comment       0x00000000       0x5c src/ASF/sam/drivers/pmc/pmc.o
 .comment       0x00000000       0x5c src/ASF/sam/utils/cmsis/sam3x/source/templates/exceptions.o
 .comment       0x00000000       0x5c src/ASF/sam/utils/cmsis/sam3x/source/templates/gcc/startup_sam3x.o
 .comment       0x00000000       0x5c src/ASF/sam/utils/cmsis/sam3x/source/templates/system_sam3x.o
 .comment       0x00000000       0x5c src/ASF/sam/utils/syscalls/gcc/syscalls.o

.debug_info     0x00000000     0xf383
 .debug_info    0x00000000      0x1bb src/ASF/common/utils/stdio/read.o
 .debug_info    0x000001bb     0x1bfa src/ASF/sam/drivers/usart/usart.o
 .debug_info    0x00001db5     0x187d src/ASF/thirdparty/wireless/addons/sio2host/uart/sio2host.o
 .debug_info    0x00003632      0xad2 src/digitalIO.o
 .debug_info    0x00004104     0x2b92 unity/unity.o
 .debug_info    0x00006c96      0x1c0 src/ASF/common/utils/stdio/write.o
 .debug_info    0x00006e56      0x7c5 src/ASF/common/services/serial/usart_serial.o
 .debug_info    0x0000761b      0x889 src/ASF/sam/drivers/uart/uart.o
 .debug_info    0x00007ea4     0x1093 test/test_digitalIO.o
 .debug_info    0x00008f37     0x1335 test/main.o
 .debug_info    0x0000a26c      0x796 src/ASF/common/services/clock/sam3x/sysclk.o
 .debug_info    0x0000aa02      0x1e8 src/ASF/common/utils/interrupt/interrupt_sam_nvic.o
 .debug_info    0x0000abea      0x75c src/ASF/sam/boards/arduino_due_x/init.o
 .debug_info    0x0000b346     0x1385 src/ASF/sam/drivers/pio/pio.o
 .debug_info    0x0000c6cb      0xe52 src/ASF/sam/drivers/pio/pio_handler.o
 .debug_info    0x0000d51d     0x1080 src/ASF/sam/drivers/pmc/pmc.o
 .debug_info    0x0000e59d      0x124 src/ASF/sam/utils/cmsis/sam3x/source/templates/exceptions.o
 .debug_info    0x0000e6c1      0x3bd src/ASF/sam/utils/cmsis/sam3x/source/templates/gcc/startup_sam3x.o
 .debug_info    0x0000ea7e      0x4c6 src/ASF/sam/utils/cmsis/sam3x/source/templates/system_sam3x.o
 .debug_info    0x0000ef44      0x43f src/ASF/sam/utils/syscalls/gcc/syscalls.o

.debug_abbrev   0x00000000     0x26e8
 .debug_abbrev  0x00000000      0x101 src/ASF/common/utils/stdio/read.o
 .debug_abbrev  0x00000101      0x2dc src/ASF/sam/drivers/usart/usart.o
 .debug_abbrev  0x000003dd      0x3da src/ASF/thirdparty/wireless/addons/sio2host/uart/sio2host.o
 .debug_abbrev  0x000007b7      0x1c7 src/digitalIO.o
 .debug_abbrev  0x0000097e      0x371 unity/unity.o
 .debug_abbrev  0x00000cef       0xf5 src/ASF/common/utils/stdio/write.o
 .debug_abbrev  0x00000de4      0x1a8 src/ASF/common/services/serial/usart_serial.o
 .debug_abbrev  0x00000f8c      0x1bd src/ASF/sam/drivers/uart/uart.o
 .debug_abbrev  0x00001149      0x244 test/test_digitalIO.o
 .debug_abbrev  0x0000138d      0x33b test/main.o
 .debug_abbrev  0x000016c8      0x227 src/ASF/common/services/clock/sam3x/sysclk.o
 .debug_abbrev  0x000018ef       0xef src/ASF/common/utils/interrupt/interrupt_sam_nvic.o
 .debug_abbrev  0x000019de      0x16f src/ASF/sam/boards/arduino_due_x/init.o
 .debug_abbrev  0x00001b4d      0x2d5 src/ASF/sam/drivers/pio/pio.o
 .debug_abbrev  0x00001e22      0x257 src/ASF/sam/drivers/pio/pio_handler.o
 .debug_abbrev  0x00002079      0x268 src/ASF/sam/drivers/pmc/pmc.o
 .debug_abbrev  0x000022e1       0x8c src/ASF/sam/utils/cmsis/sam3x/source/templates/exceptions.o
 .debug_abbrev  0x0000236d      0x118 src/ASF/sam/utils/cmsis/sam3x/source/templates/gcc/startup_sam3x.o
 .debug_abbrev  0x00002485      0x115 src/ASF/sam/utils/cmsis/sam3x/source/templates/system_sam3x.o
 .debug_abbrev  0x0000259a      0x14e src/ASF/sam/utils/syscalls/gcc/syscalls.o

.debug_loc      0x00000000     0x6134
 .debug_loc     0x00000000       0xc5 src/ASF/common/utils/stdio/read.o
 .debug_loc     0x000000c5     0x128d src/ASF/sam/drivers/usart/usart.o
 .debug_loc     0x00001352      0x4b5 src/ASF/thirdparty/wireless/addons/sio2host/uart/sio2host.o
 .debug_loc     0x00001807     0x1f45 unity/unity.o
 .debug_loc     0x0000374c      0x161 src/ASF/common/utils/stdio/write.o
 .debug_loc     0x000038ad      0x2d1 src/ASF/common/services/serial/usart_serial.o
 .debug_loc     0x00003b7e      0x236 src/ASF/sam/drivers/uart/uart.o
 .debug_loc     0x00003db4      0x18c test/test_digitalIO.o
 .debug_loc     0x00003f40      0x28b test/main.o
 .debug_loc     0x000041cb      0x12d src/ASF/common/services/clock/sam3x/sysclk.o
 .debug_loc     0x000042f8       0x1e src/ASF/common/utils/interrupt/interrupt_sam_nvic.o
 .debug_loc     0x00004316       0x20 src/ASF/sam/boards/arduino_due_x/init.o
 .debug_loc     0x00004336      0xa83 src/ASF/sam/drivers/pio/pio.o
 .debug_loc     0x00004db9      0x53d src/ASF/sam/drivers/pio/pio_handler.o
 .debug_loc     0x000052f6      0xc95 src/ASF/sam/drivers/pmc/pmc.o
 .debug_loc     0x00005f8b       0x7e src/ASF/sam/utils/cmsis/sam3x/source/templates/gcc/startup_sam3x.o
 .debug_loc     0x00006009      0x12b src/ASF/sam/utils/syscalls/gcc/syscalls.o

.debug_aranges  0x00000000      0xb30
 .debug_aranges
                0x00000000       0x20 src/ASF/common/utils/stdio/read.o
 .debug_aranges
                0x00000020      0x2a8 src/ASF/sam/drivers/usart/usart.o
 .debug_aranges
                0x000002c8       0x60 src/ASF/thirdparty/wireless/addons/sio2host/uart/sio2host.o
 .debug_aranges
                0x00000328       0x28 src/digitalIO.o
 .debug_aranges
                0x00000350      0x110 unity/unity.o
 .debug_aranges
                0x00000460       0x20 src/ASF/common/utils/stdio/write.o
 .debug_aranges
                0x00000480       0x28 src/ASF/common/services/serial/usart_serial.o
 .debug_aranges
                0x000004a8       0xe8 src/ASF/sam/drivers/uart/uart.o
 .debug_aranges
                0x00000590       0x78 test/test_digitalIO.o
 .debug_aranges
                0x00000608       0x30 test/main.o
 .debug_aranges
                0x00000638       0x40 src/ASF/common/services/clock/sam3x/sysclk.o
 .debug_aranges
                0x00000678       0x28 src/ASF/common/utils/interrupt/interrupt_sam_nvic.o
 .debug_aranges
                0x000006a0       0x20 src/ASF/sam/boards/arduino_due_x/init.o
 .debug_aranges
                0x000006c0      0x148 src/ASF/sam/drivers/pio/pio.o
 .debug_aranges
                0x00000808       0x58 src/ASF/sam/drivers/pio/pio_handler.o
 .debug_aranges
                0x00000860      0x200 src/ASF/sam/drivers/pmc/pmc.o
 .debug_aranges
                0x00000a60       0x20 src/ASF/sam/utils/cmsis/sam3x/source/templates/exceptions.o
 .debug_aranges
                0x00000a80       0x20 src/ASF/sam/utils/cmsis/sam3x/source/templates/gcc/startup_sam3x.o
 .debug_aranges
                0x00000aa0       0x30 src/ASF/sam/utils/cmsis/sam3x/source/templates/system_sam3x.o
 .debug_aranges
                0x00000ad0       0x60 src/ASF/sam/utils/syscalls/gcc/syscalls.o

.debug_ranges   0x00000000      0xa08
 .debug_ranges  0x00000000       0x10 src/ASF/common/utils/stdio/read.o
 .debug_ranges  0x00000010      0x298 src/ASF/sam/drivers/usart/usart.o
 .debug_ranges  0x000002a8       0x50 src/ASF/thirdparty/wireless/addons/sio2host/uart/sio2host.o
 .debug_ranges  0x000002f8       0x18 src/digitalIO.o
 .debug_ranges  0x00000310      0x100 unity/unity.o
 .debug_ranges  0x00000410       0x10 src/ASF/common/utils/stdio/write.o
 .debug_ranges  0x00000420       0x30 src/ASF/common/services/serial/usart_serial.o
 .debug_ranges  0x00000450       0xd8 src/ASF/sam/drivers/uart/uart.o
 .debug_ranges  0x00000528       0x68 test/test_digitalIO.o
 .debug_ranges  0x00000590       0x20 test/main.o
 .debug_ranges  0x000005b0       0x30 src/ASF/common/services/clock/sam3x/sysclk.o
 .debug_ranges  0x000005e0       0x18 src/ASF/common/utils/interrupt/interrupt_sam_nvic.o
 .debug_ranges  0x000005f8       0x10 src/ASF/sam/boards/arduino_due_x/init.o
 .debug_ranges  0x00000608      0x138 src/ASF/sam/drivers/pio/pio.o
 .debug_ranges  0x00000740       0x48 src/ASF/sam/drivers/pio/pio_handler.o
 .debug_ranges  0x00000788      0x1f0 src/ASF/sam/drivers/pmc/pmc.o
 .debug_ranges  0x00000978       0x10 src/ASF/sam/utils/cmsis/sam3x/source/templates/exceptions.o
 .debug_ranges  0x00000988       0x10 src/ASF/sam/utils/cmsis/sam3x/source/templates/gcc/startup_sam3x.o
 .debug_ranges  0x00000998       0x20 src/ASF/sam/utils/cmsis/sam3x/source/templates/system_sam3x.o
 .debug_ranges  0x000009b8       0x50 src/ASF/sam/utils/syscalls/gcc/syscalls.o

.debug_macro    0x00000000    0x1955c
 .debug_macro   0x00000000      0x4a9 src/ASF/common/utils/stdio/read.o
 .debug_macro   0x000004a9      0x874 src/ASF/common/utils/stdio/read.o
 .debug_macro   0x00000d1d      0x166 src/ASF/common/utils/stdio/read.o
 .debug_macro   0x00000e83      0x517 src/ASF/common/utils/stdio/read.o
 .debug_macro   0x0000139a       0x76 src/ASF/common/utils/stdio/read.o
 .debug_macro   0x00001410       0x16 src/ASF/common/utils/stdio/read.o
 .debug_macro   0x00001426      0x6e4 src/ASF/common/utils/stdio/read.o
 .debug_macro   0x00001b0a       0x16 src/ASF/common/utils/stdio/read.o
 .debug_macro   0x00001b20       0x44 src/ASF/common/utils/stdio/read.o
 .debug_macro   0x00001b64      0x209 src/ASF/common/utils/stdio/read.o
 .debug_macro   0x00001d6d       0x20 src/ASF/common/utils/stdio/read.o
 .debug_macro   0x00001d8d       0x3a src/ASF/common/utils/stdio/read.o
 .debug_macro   0x00001dc7       0x2d src/ASF/common/utils/stdio/read.o
 .debug_macro   0x00001df4      0xbb1 src/ASF/common/utils/stdio/read.o
 .debug_macro   0x000029a5      0xab6 src/ASF/common/utils/stdio/read.o
 .debug_macro   0x0000345b      0x569 src/ASF/common/utils/stdio/read.o
 .debug_macro   0x000039c4      0x2b5 src/ASF/common/utils/stdio/read.o
 .debug_macro   0x00003c79      0x31a src/ASF/common/utils/stdio/read.o
 .debug_macro   0x00003f93      0x74f src/ASF/common/utils/stdio/read.o
 .debug_macro   0x000046e2       0x82 src/ASF/common/utils/stdio/read.o
 .debug_macro   0x00004764      0x57b src/ASF/common/utils/stdio/read.o
 .debug_macro   0x00004cdf       0x1c src/ASF/common/utils/stdio/read.o
 .debug_macro   0x00004cfb      0x6b7 src/ASF/common/utils/stdio/read.o
 .debug_macro   0x000053b2      0x52d src/ASF/common/utils/stdio/read.o
 .debug_macro   0x000058df       0xbe src/ASF/common/utils/stdio/read.o
 .debug_macro   0x0000599d     0x2342 src/ASF/common/utils/stdio/read.o
 .debug_macro   0x00007cdf      0x85d src/ASF/common/utils/stdio/read.o
 .debug_macro   0x0000853c      0xdc9 src/ASF/common/utils/stdio/read.o
 .debug_macro   0x00009305       0x7c src/ASF/common/utils/stdio/read.o
 .debug_macro   0x00009381      0x263 src/ASF/common/utils/stdio/read.o
 .debug_macro   0x000095e4       0x58 src/ASF/common/utils/stdio/read.o
 .debug_macro   0x0000963c      0x9a7 src/ASF/common/utils/stdio/read.o
 .debug_macro   0x00009fe3      0x248 src/ASF/common/utils/stdio/read.o
 .debug_macro   0x0000a22b      0x4df src/ASF/common/utils/stdio/read.o
 .debug_macro   0x0000a70a      0x6b3 src/ASF/common/utils/stdio/read.o
 .debug_macro   0x0000adbd      0x59f src/ASF/common/utils/stdio/read.o
 .debug_macro   0x0000b35c       0x46 src/ASF/common/utils/stdio/read.o
 .debug_macro   0x0000b3a2      0x34d src/ASF/common/utils/stdio/read.o
 .debug_macro   0x0000b6ef      0x28c src/ASF/common/utils/stdio/read.o
 .debug_macro   0x0000b97b     0x14d7 src/ASF/common/utils/stdio/read.o
 .debug_macro   0x0000ce52      0x7ba src/ASF/common/utils/stdio/read.o
 .debug_macro   0x0000d60c       0x76 src/ASF/common/utils/stdio/read.o
 .debug_macro   0x0000d682       0x82 src/ASF/common/utils/stdio/read.o
 .debug_macro   0x0000d704       0x76 src/ASF/common/utils/stdio/read.o
 .debug_macro   0x0000d77a       0x4c src/ASF/common/utils/stdio/read.o
 .debug_macro   0x0000d7c6      0x105 src/ASF/common/utils/stdio/read.o
 .debug_macro   0x0000d8cb      0x105 src/ASF/common/utils/stdio/read.o
 .debug_macro   0x0000d9d0      0x105 src/ASF/common/utils/stdio/read.o
 .debug_macro   0x0000dad5       0x88 src/ASF/common/utils/stdio/read.o
 .debug_macro   0x0000db5d       0x88 src/ASF/common/utils/stdio/read.o
 .debug_macro   0x0000dbe5      0x3b4 src/ASF/common/utils/stdio/read.o
 .debug_macro   0x0000df99       0xb8 src/ASF/common/utils/stdio/read.o
 .debug_macro   0x0000e051       0xb8 src/ASF/common/utils/stdio/read.o
 .debug_macro   0x0000e109       0xb8 src/ASF/common/utils/stdio/read.o
 .debug_macro   0x0000e1c1       0xb8 src/ASF/common/utils/stdio/read.o
 .debug_macro   0x0000e279      0x2b8 src/ASF/common/utils/stdio/read.o
 .debug_macro   0x0000e531      0x125 src/ASF/common/utils/stdio/read.o
 .debug_macro   0x0000e656      0x225 src/ASF/common/utils/stdio/read.o
 .debug_macro   0x0000e87b      0x225 src/ASF/common/utils/stdio/read.o
 .debug_macro   0x0000eaa0       0x2e src/ASF/common/utils/stdio/read.o
 .debug_macro   0x0000eace       0xac src/ASF/common/utils/stdio/read.o
 .debug_macro   0x0000eb7a      0x14d src/ASF/common/utils/stdio/read.o
 .debug_macro   0x0000ecc7       0x7c src/ASF/common/utils/stdio/read.o
 .debug_macro   0x0000ed43      0x205 src/ASF/common/utils/stdio/read.o
 .debug_macro   0x0000ef48       0x64 src/ASF/common/utils/stdio/read.o
 .debug_macro   0x0000efac       0xa6 src/ASF/common/utils/stdio/read.o
 .debug_macro   0x0000f052       0x7c src/ASF/common/utils/stdio/read.o
 .debug_macro   0x0000f0ce       0x16 src/ASF/common/utils/stdio/read.o
 .debug_macro   0x0000f0e4       0x22 src/ASF/common/utils/stdio/read.o
 .debug_macro   0x0000f106       0x22 src/ASF/common/utils/stdio/read.o
 .debug_macro   0x0000f128      0x115 src/ASF/common/utils/stdio/read.o
 .debug_macro   0x0000f23d      0x115 src/ASF/common/utils/stdio/read.o
 .debug_macro   0x0000f352      0x115 src/ASF/common/utils/stdio/read.o
 .debug_macro   0x0000f467      0x115 src/ASF/common/utils/stdio/read.o
 .debug_macro   0x0000f57c       0x1c src/ASF/common/utils/stdio/read.o
 .debug_macro   0x0000f598       0x2e src/ASF/common/utils/stdio/read.o
 .debug_macro   0x0000f5c6       0x22 src/ASF/common/utils/stdio/read.o
 .debug_macro   0x0000f5e8       0x1c src/ASF/common/utils/stdio/read.o
 .debug_macro   0x0000f604       0x58 src/ASF/common/utils/stdio/read.o
 .debug_macro   0x0000f65c       0x10 src/ASF/common/utils/stdio/read.o
 .debug_macro   0x0000f66c      0x273 src/ASF/common/utils/stdio/read.o
 .debug_macro   0x0000f8df      0xd43 src/ASF/common/utils/stdio/read.o
 .debug_macro   0x00010622      0x131 src/ASF/common/utils/stdio/read.o
 .debug_macro   0x00010753       0x58 src/ASF/common/utils/stdio/read.o
 .debug_macro   0x000107ab       0x35 src/ASF/common/utils/stdio/read.o
 .debug_macro   0x000107e0       0xa3 src/ASF/common/utils/stdio/read.o
 .debug_macro   0x00010883       0x16 src/ASF/common/utils/stdio/read.o
 .debug_macro   0x00010899       0x35 src/ASF/common/utils/stdio/read.o
 .debug_macro   0x000108ce       0x10 src/ASF/common/utils/stdio/read.o
 .debug_macro   0x000108de       0x52 src/ASF/common/utils/stdio/read.o
 .debug_macro   0x00010930       0x16 src/ASF/common/utils/stdio/read.o
 .debug_macro   0x00010946       0x43 src/ASF/common/utils/stdio/read.o
 .debug_macro   0x00010989      0x180 src/ASF/common/utils/stdio/read.o
 .debug_macro   0x00010b09       0x10 src/ASF/common/utils/stdio/read.o
 .debug_macro   0x00010b19       0x22 src/ASF/common/utils/stdio/read.o
 .debug_macro   0x00010b3b       0xbd src/ASF/common/utils/stdio/read.o
 .debug_macro   0x00010bf8       0x16 src/ASF/common/utils/stdio/read.o
 .debug_macro   0x00010c0e      0x16c src/ASF/common/utils/stdio/read.o
 .debug_macro   0x00010d7a       0x22 src/ASF/common/utils/stdio/read.o
 .debug_macro   0x00010d9c       0x16 src/ASF/common/utils/stdio/read.o
 .debug_macro   0x00010db2       0x16 src/ASF/common/utils/stdio/read.o
 .debug_macro   0x00010dc8       0x29 src/ASF/common/utils/stdio/read.o
 .debug_macro   0x00010df1       0x6e src/ASF/common/utils/stdio/read.o
 .debug_macro   0x00010e5f       0x45 src/ASF/common/utils/stdio/read.o
 .debug_macro   0x00010ea4      0x3ca src/ASF/common/utils/stdio/read.o
 .debug_macro   0x0001126e      0x4f4 src/ASF/sam/drivers/usart/usart.o
 .debug_macro   0x00011762       0x28 src/ASF/sam/drivers/usart/usart.o
 .debug_macro   0x0001178a      0x5d8 src/ASF/thirdparty/wireless/addons/sio2host/uart/sio2host.o
 .debug_macro   0x00011d62       0x94 src/ASF/thirdparty/wireless/addons/sio2host/uart/sio2host.o
 .debug_macro   0x00011df6       0x40 src/ASF/thirdparty/wireless/addons/sio2host/uart/sio2host.o
 .debug_macro   0x00011e36      0x25d src/ASF/thirdparty/wireless/addons/sio2host/uart/sio2host.o
 .debug_macro   0x00012093      0x790 src/ASF/thirdparty/wireless/addons/sio2host/uart/sio2host.o
 .debug_macro   0x00012823       0x34 src/ASF/thirdparty/wireless/addons/sio2host/uart/sio2host.o
 .debug_macro   0x00012857       0x5e src/ASF/thirdparty/wireless/addons/sio2host/uart/sio2host.o
 .debug_macro   0x000128b5       0x64 src/ASF/thirdparty/wireless/addons/sio2host/uart/sio2host.o
 .debug_macro   0x00012919       0x5f src/ASF/thirdparty/wireless/addons/sio2host/uart/sio2host.o
 .debug_macro   0x00012978       0x90 src/ASF/thirdparty/wireless/addons/sio2host/uart/sio2host.o
 .debug_macro   0x00012a08       0x6a src/ASF/thirdparty/wireless/addons/sio2host/uart/sio2host.o
 .debug_macro   0x00012a72       0x34 src/ASF/thirdparty/wireless/addons/sio2host/uart/sio2host.o
 .debug_macro   0x00012aa6       0x1c src/ASF/thirdparty/wireless/addons/sio2host/uart/sio2host.o
 .debug_macro   0x00012ac2       0x2e src/ASF/thirdparty/wireless/addons/sio2host/uart/sio2host.o
 .debug_macro   0x00012af0       0x1c src/ASF/thirdparty/wireless/addons/sio2host/uart/sio2host.o
 .debug_macro   0x00012b0c       0x40 src/ASF/thirdparty/wireless/addons/sio2host/uart/sio2host.o
 .debug_macro   0x00012b4c      0x5e7 src/digitalIO.o
 .debug_macro   0x00013133       0x4a src/digitalIO.o
 .debug_macro   0x0001317d       0x82 src/digitalIO.o
 .debug_macro   0x000131ff      0x452 src/digitalIO.o
 .debug_macro   0x00013651       0xf6 src/digitalIO.o
 .debug_macro   0x00013747       0x26 src/digitalIO.o
 .debug_macro   0x0001376d      0x17a unity/unity.o
 .debug_macro   0x000138e7       0x10 unity/unity.o
 .debug_macro   0x000138f7       0x2b unity/unity.o
 .debug_macro   0x00013922      0x118 unity/unity.o
 .debug_macro   0x00013a3a       0x55 unity/unity.o
 .debug_macro   0x00013a8f       0x1c unity/unity.o
 .debug_macro   0x00013aab       0x97 unity/unity.o
 .debug_macro   0x00013b42       0xef unity/unity.o
 .debug_macro   0x00013c31      0x2b2 unity/unity.o
 .debug_macro   0x00013ee3      0x4a2 unity/unity.o
 .debug_macro   0x00014385      0x4a9 src/ASF/common/utils/stdio/write.o
 .debug_macro   0x0001482e      0x55c src/ASF/common/services/serial/usart_serial.o
 .debug_macro   0x00014d8a      0x4b8 src/ASF/sam/drivers/uart/uart.o
 .debug_macro   0x00015242       0x16 src/ASF/sam/drivers/uart/uart.o
 .debug_macro   0x00015258      0x658 test/test_digitalIO.o
 .debug_macro   0x000158b0      0x303 test/test_digitalIO.o
 .debug_macro   0x00015bb3      0x645 test/main.o
 .debug_macro   0x000161f8       0x7f test/main.o
 .debug_macro   0x00016277       0x70 test/main.o
 .debug_macro   0x000162e7       0x16 test/main.o
 .debug_macro   0x000162fd      0x529 src/ASF/common/services/clock/sam3x/sysclk.o
 .debug_macro   0x00016826      0x257 src/ASF/common/services/clock/sam3x/sysclk.o
 .debug_macro   0x00016a7d      0x4b3 src/ASF/common/utils/interrupt/interrupt_sam_nvic.o
 .debug_macro   0x00016f30       0x3f src/ASF/common/utils/interrupt/interrupt_sam_nvic.o
 .debug_macro   0x00016f6f      0x568 src/ASF/sam/boards/arduino_due_x/init.o
 .debug_macro   0x000174d7      0x4c4 src/ASF/sam/drivers/pio/pio.o
 .debug_macro   0x0001799b       0x8e src/ASF/sam/drivers/pio/pio.o
 .debug_macro   0x00017a29      0x4c8 src/ASF/sam/drivers/pio/pio_handler.o
 .debug_macro   0x00017ef1      0x4be src/ASF/sam/drivers/pmc/pmc.o
 .debug_macro   0x000183af       0x58 src/ASF/sam/drivers/pmc/pmc.o
 .debug_macro   0x00018407      0x4bd src/ASF/sam/utils/cmsis/sam3x/source/templates/exceptions.o
 .debug_macro   0x000188c4      0x4cb src/ASF/sam/utils/cmsis/sam3x/source/templates/gcc/startup_sam3x.o
 .debug_macro   0x00018d8f      0x4cb src/ASF/sam/utils/cmsis/sam3x/source/templates/system_sam3x.o
 .debug_macro   0x0001925a      0x129 src/ASF/sam/utils/syscalls/gcc/syscalls.o
 .debug_macro   0x00019383       0x52 src/ASF/sam/utils/syscalls/gcc/syscalls.o
 .debug_macro   0x000193d5       0x16 src/ASF/sam/utils/syscalls/gcc/syscalls.o
 .debug_macro   0x000193eb       0x10 src/ASF/sam/utils/syscalls/gcc/syscalls.o
 .debug_macro   0x000193fb       0x41 src/ASF/sam/utils/syscalls/gcc/syscalls.o
 .debug_macro   0x0001943c      0x120 src/ASF/sam/utils/syscalls/gcc/syscalls.o

.debug_line     0x00000000     0xfa84
 .debug_line    0x00000000      0xac1 src/ASF/common/utils/stdio/read.o
 .debug_line    0x00000ac1     0x1192 src/ASF/sam/drivers/usart/usart.o
 .debug_line    0x00001c53      0xfe5 src/ASF/thirdparty/wireless/addons/sio2host/uart/sio2host.o
 .debug_line    0x00002c38      0xe1a src/digitalIO.o
 .debug_line    0x00003a52      0xa59 unity/unity.o
 .debug_line    0x000044ab      0xab7 src/ASF/common/utils/stdio/write.o
 .debug_line    0x00004f62      0xd03 src/ASF/common/services/serial/usart_serial.o
 .debug_line    0x00005c65      0xc77 src/ASF/sam/drivers/uart/uart.o
 .debug_line    0x000068dc     0x1003 test/test_digitalIO.o
 .debug_line    0x000078df      0xfef test/main.o
 .debug_line    0x000088ce      0xc30 src/ASF/common/services/clock/sam3x/sysclk.o
 .debug_line    0x000094fe      0xadc src/ASF/common/utils/interrupt/interrupt_sam_nvic.o
 .debug_line    0x00009fda      0xcc7 src/ASF/sam/boards/arduino_due_x/init.o
 .debug_line    0x0000aca1      0xe2a src/ASF/sam/drivers/pio/pio.o
 .debug_line    0x0000bacb      0xb75 src/ASF/sam/drivers/pio/pio_handler.o
 .debug_line    0x0000c640     0x102d src/ASF/sam/drivers/pmc/pmc.o
 .debug_line    0x0000d66d      0xa9d src/ASF/sam/utils/cmsis/sam3x/source/templates/exceptions.o
 .debug_line    0x0000e10a      0xaed src/ASF/sam/utils/cmsis/sam3x/source/templates/gcc/startup_sam3x.o
 .debug_line    0x0000ebf7      0xb0a src/ASF/sam/utils/cmsis/sam3x/source/templates/system_sam3x.o
 .debug_line    0x0000f701      0x383 src/ASF/sam/utils/syscalls/gcc/syscalls.o

.debug_str      0x00000000    0x6bad0
 .debug_str     0x00000000    0x59093 src/ASF/common/utils/stdio/read.o
                              0x5938b (size before relaxing)
 .debug_str     0x00059093      0xc86 src/ASF/sam/drivers/usart/usart.o
                              0x5a002 (size before relaxing)
 .debug_str     0x00059d19     0x512e src/ASF/thirdparty/wireless/addons/sio2host/uart/sio2host.o
                              0x5e786 (size before relaxing)
 .debug_str     0x0005ee47      0xe5a src/digitalIO.o
                              0x5eb00 (size before relaxing)
 .debug_str     0x0005fca1     0x9dd5 unity/unity.o
                               0xf2bd (size before relaxing)
 .debug_str     0x00069a76       0x26 src/ASF/common/utils/stdio/write.o
                              0x5938d (size before relaxing)
 .debug_str     0x00069a9c       0x64 src/ASF/common/services/serial/usart_serial.o
                              0x5d3b3 (size before relaxing)
 .debug_str     0x00069b00      0x203 src/ASF/sam/drivers/uart/uart.o
                              0x59751 (size before relaxing)
 .debug_str     0x00069d03      0x1d9 test/test_digitalIO.o
                              0x681ad (size before relaxing)
 .debug_str     0x00069edc       0x76 test/main.o
                              0x6841d (size before relaxing)
 .debug_str     0x00069f52      0x26a src/ASF/common/services/clock/sam3x/sysclk.o
                              0x5d1ae (size before relaxing)
 .debug_str     0x0006a1bc       0x73 src/ASF/common/utils/interrupt/interrupt_sam_nvic.o
                              0x593dc (size before relaxing)
 .debug_str     0x0006a22f      0x225 src/ASF/sam/boards/arduino_due_x/init.o
                              0x5d968 (size before relaxing)
 .debug_str     0x0006a454      0x432 src/ASF/sam/drivers/pio/pio.o
                              0x59d30 (size before relaxing)
 .debug_str     0x0006a886      0x1bf src/ASF/sam/drivers/pio/pio_handler.o
                              0x59d78 (size before relaxing)
 .debug_str     0x0006aa45      0x67e src/ASF/sam/drivers/pmc/pmc.o
                              0x59da6 (size before relaxing)
 .debug_str     0x0006b0c3       0x4d src/ASF/sam/utils/cmsis/sam3x/source/templates/exceptions.o
                              0x593a5 (size before relaxing)
 .debug_str     0x0006b110       0xb2 src/ASF/sam/utils/cmsis/sam3x/source/templates/gcc/startup_sam3x.o
                              0x5947a (size before relaxing)
 .debug_str     0x0006b1c2      0x1cd src/ASF/sam/utils/cmsis/sam3x/source/templates/system_sam3x.o
                              0x5968d (size before relaxing)
 .debug_str     0x0006b38f      0x741 src/ASF/sam/utils/syscalls/gcc/syscalls.o
                               0x4f1c (size before relaxing)

.debug_frame    0x00000000     0x23a0
 .debug_frame   0x00000000       0x30 src/ASF/common/utils/stdio/read.o
 .debug_frame   0x00000030      0x5c8 src/ASF/sam/drivers/usart/usart.o
 .debug_frame   0x000005f8      0x10c src/ASF/thirdparty/wireless/addons/sio2host/uart/sio2host.o
 .debug_frame   0x00000704       0x30 src/digitalIO.o
 .debug_frame   0x00000734      0x398 unity/unity.o
 .debug_frame   0x00000acc       0x30 src/ASF/common/utils/stdio/write.o
 .debug_frame   0x00000afc       0x60 src/ASF/common/services/serial/usart_serial.o
 .debug_frame   0x00000b5c      0x1b8 src/ASF/sam/drivers/uart/uart.o
 .debug_frame   0x00000d14      0x13c test/test_digitalIO.o
 .debug_frame   0x00000e50       0x68 test/main.o
 .debug_frame   0x00000eb8       0x88 src/ASF/common/services/clock/sam3x/sysclk.o
 .debug_frame   0x00000f40       0x30 src/ASF/common/utils/interrupt/interrupt_sam_nvic.o
 .debug_frame   0x00000f70       0x28 src/ASF/sam/boards/arduino_due_x/init.o
 .debug_frame   0x00000f98      0x2a8 src/ASF/sam/drivers/pio/pio.o
 .debug_frame   0x00001240       0xf8 src/ASF/sam/drivers/pio/pio_handler.o
 .debug_frame   0x00001338      0x410 src/ASF/sam/drivers/pmc/pmc.o
 .debug_frame   0x00001748       0x20 src/ASF/sam/utils/cmsis/sam3x/source/templates/exceptions.o
 .debug_frame   0x00001768       0x28 src/ASF/sam/utils/cmsis/sam3x/source/templates/gcc/startup_sam3x.o
 .debug_frame   0x00001790       0x40 src/ASF/sam/utils/cmsis/sam3x/source/templates/system_sam3x.o
 .debug_frame   0x000017d0       0xa8 src/ASF/sam/utils/syscalls/gcc/syscalls.o
 .debug_frame   0x00001878       0x2c c:/program files/atmel/atmel toolchain/arm gcc/native/4.8.1443/arm-gnu-toolchain/bin/../lib/gcc/arm-none-eabi/4.8.4/../../../../arm-none-eabi/lib/armv7-m\libc.a(lib_a-init.o)
 .debug_frame   0x000018a4       0x5c c:/program files/atmel/atmel toolchain/arm gcc/native/4.8.1443/arm-gnu-toolchain/bin/../lib/gcc/arm-none-eabi/4.8.4/../../../../arm-none-eabi/lib/armv7-m\libc.a(lib_a-iprintf.o)
 .debug_frame   0x00001900       0x2c c:/program files/atmel/atmel toolchain/arm gcc/native/4.8.1443/arm-gnu-toolchain/bin/../lib/gcc/arm-none-eabi/4.8.4/../../../../arm-none-eabi/lib/armv7-m\libc.a(lib_a-memset.o)
 .debug_frame   0x0000192c       0x20 c:/program files/atmel/atmel toolchain/arm gcc/native/4.8.1443/arm-gnu-toolchain/bin/../lib/gcc/arm-none-eabi/4.8.4/../../../../arm-none-eabi/lib/armv7-m\libc.a(lib_a-setbuf.o)
 .debug_frame   0x0000194c       0x30 c:/program files/atmel/atmel toolchain/arm gcc/native/4.8.1443/arm-gnu-toolchain/bin/../lib/gcc/arm-none-eabi/4.8.4/../../../../arm-none-eabi/lib/armv7-m\libc.a(lib_a-setvbuf.o)
 .debug_frame   0x0000197c       0xb8 c:/program files/atmel/atmel toolchain/arm gcc/native/4.8.1443/arm-gnu-toolchain/bin/../lib/gcc/arm-none-eabi/4.8.4/../../../../arm-none-eabi/lib/armv7-m\libc.a(lib_a-vfiprintf.o)
 .debug_frame   0x00001a34       0x40 c:/program files/atmel/atmel toolchain/arm gcc/native/4.8.1443/arm-gnu-toolchain/bin/../lib/gcc/arm-none-eabi/4.8.4/../../../../arm-none-eabi/lib/armv7-m\libc.a(lib_a-wbuf.o)
 .debug_frame   0x00001a74       0x2c c:/program files/atmel/atmel toolchain/arm gcc/native/4.8.1443/arm-gnu-toolchain/bin/../lib/gcc/arm-none-eabi/4.8.4/../../../../arm-none-eabi/lib/armv7-m\libc.a(lib_a-wsetup.o)
 .debug_frame   0x00001aa0       0x48 c:/program files/atmel/atmel toolchain/arm gcc/native/4.8.1443/arm-gnu-toolchain/bin/../lib/gcc/arm-none-eabi/4.8.4/../../../../arm-none-eabi/lib/armv7-m\libc.a(lib_a-__call_atexit.o)
 .debug_frame   0x00001ae8       0x20 c:/program files/atmel/atmel toolchain/arm gcc/native/4.8.1443/arm-gnu-toolchain/bin/../lib/gcc/arm-none-eabi/4.8.4/../../../../arm-none-eabi/lib/armv7-m\libc.a(lib_a-atexit.o)
 .debug_frame   0x00001b08       0x5c c:/program files/atmel/atmel toolchain/arm gcc/native/4.8.1443/arm-gnu-toolchain/bin/../lib/gcc/arm-none-eabi/4.8.4/../../../../arm-none-eabi/lib/armv7-m\libc.a(lib_a-fflush.o)
 .debug_frame   0x00001b64      0x110 c:/program files/atmel/atmel toolchain/arm gcc/native/4.8.1443/arm-gnu-toolchain/bin/../lib/gcc/arm-none-eabi/4.8.4/../../../../arm-none-eabi/lib/armv7-m\libc.a(lib_a-findfp.o)
 .debug_frame   0x00001c74       0x2c c:/program files/atmel/atmel toolchain/arm gcc/native/4.8.1443/arm-gnu-toolchain/bin/../lib/gcc/arm-none-eabi/4.8.4/../../../../arm-none-eabi/lib/armv7-m\libc.a(lib_a-fini.o)
 .debug_frame   0x00001ca0       0x50 c:/program files/atmel/atmel toolchain/arm gcc/native/4.8.1443/arm-gnu-toolchain/bin/../lib/gcc/arm-none-eabi/4.8.4/../../../../arm-none-eabi/lib/armv7-m\libc.a(lib_a-fputwc.o)
 .debug_frame   0x00001cf0       0x50 c:/program files/atmel/atmel toolchain/arm gcc/native/4.8.1443/arm-gnu-toolchain/bin/../lib/gcc/arm-none-eabi/4.8.4/../../../../arm-none-eabi/lib/armv7-m\libc.a(lib_a-freer.o)
 .debug_frame   0x00001d40       0x38 c:/program files/atmel/atmel toolchain/arm gcc/native/4.8.1443/arm-gnu-toolchain/bin/../lib/gcc/arm-none-eabi/4.8.4/../../../../arm-none-eabi/lib/armv7-m\libc.a(lib_a-fvwrite.o)
 .debug_frame   0x00001d78       0x54 c:/program files/atmel/atmel toolchain/arm gcc/native/4.8.1443/arm-gnu-toolchain/bin/../lib/gcc/arm-none-eabi/4.8.4/../../../../arm-none-eabi/lib/armv7-m\libc.a(lib_a-fwalk.o)
 .debug_frame   0x00001dcc       0x98 c:/program files/atmel/atmel toolchain/arm gcc/native/4.8.1443/arm-gnu-toolchain/bin/../lib/gcc/arm-none-eabi/4.8.4/../../../../arm-none-eabi/lib/armv7-m\libc.a(lib_a-locale.o)
 .debug_frame   0x00001e64       0x30 c:/program files/atmel/atmel toolchain/arm gcc/native/4.8.1443/arm-gnu-toolchain/bin/../lib/gcc/arm-none-eabi/4.8.4/../../../../arm-none-eabi/lib/armv7-m\libc.a(lib_a-makebuf.o)
 .debug_frame   0x00001e94       0x30 c:/program files/atmel/atmel toolchain/arm gcc/native/4.8.1443/arm-gnu-toolchain/bin/../lib/gcc/arm-none-eabi/4.8.4/../../../../arm-none-eabi/lib/armv7-m\libc.a(lib_a-malloc.o)
 .debug_frame   0x00001ec4       0x38 c:/program files/atmel/atmel toolchain/arm gcc/native/4.8.1443/arm-gnu-toolchain/bin/../lib/gcc/arm-none-eabi/4.8.4/../../../../arm-none-eabi/lib/armv7-m\libc.a(lib_a-mallocr.o)
 .debug_frame   0x00001efc       0x2c c:/program files/atmel/atmel toolchain/arm gcc/native/4.8.1443/arm-gnu-toolchain/bin/../lib/gcc/arm-none-eabi/4.8.4/../../../../arm-none-eabi/lib/armv7-m\libc.a(lib_a-memchr-stub.o)
 .debug_frame   0x00001f28       0x2c c:/program files/atmel/atmel toolchain/arm gcc/native/4.8.1443/arm-gnu-toolchain/bin/../lib/gcc/arm-none-eabi/4.8.4/../../../../arm-none-eabi/lib/armv7-m\libc.a(lib_a-memmove.o)
 .debug_frame   0x00001f54       0x30 c:/program files/atmel/atmel toolchain/arm gcc/native/4.8.1443/arm-gnu-toolchain/bin/../lib/gcc/arm-none-eabi/4.8.4/../../../../arm-none-eabi/lib/armv7-m\libc.a(lib_a-mlock.o)
 .debug_frame   0x00001f84       0x38 c:/program files/atmel/atmel toolchain/arm gcc/native/4.8.1443/arm-gnu-toolchain/bin/../lib/gcc/arm-none-eabi/4.8.4/../../../../arm-none-eabi/lib/armv7-m\libc.a(lib_a-reallocr.o)
 .debug_frame   0x00001fbc       0x2c c:/program files/atmel/atmel toolchain/arm gcc/native/4.8.1443/arm-gnu-toolchain/bin/../lib/gcc/arm-none-eabi/4.8.4/../../../../arm-none-eabi/lib/armv7-m\libc.a(lib_a-sbrkr.o)
 .debug_frame   0x00001fe8       0x80 c:/program files/atmel/atmel toolchain/arm gcc/native/4.8.1443/arm-gnu-toolchain/bin/../lib/gcc/arm-none-eabi/4.8.4/../../../../arm-none-eabi/lib/armv7-m\libc.a(lib_a-stdio.o)
 .debug_frame   0x00002068       0x20 c:/program files/atmel/atmel toolchain/arm gcc/native/4.8.1443/arm-gnu-toolchain/bin/../lib/gcc/arm-none-eabi/4.8.4/../../../../arm-none-eabi/lib/armv7-m\libc.a(lib_a-strlen.o)
 .debug_frame   0x00002088       0x58 c:/program files/atmel/atmel toolchain/arm gcc/native/4.8.1443/arm-gnu-toolchain/bin/../lib/gcc/arm-none-eabi/4.8.4/../../../../arm-none-eabi/lib/armv7-m\libc.a(lib_a-wcrtomb.o)
 .debug_frame   0x000020e0       0x44 c:/program files/atmel/atmel toolchain/arm gcc/native/4.8.1443/arm-gnu-toolchain/bin/../lib/gcc/arm-none-eabi/4.8.4/../../../../arm-none-eabi/lib/armv7-m\libc.a(lib_a-wctomb_r.o)
 .debug_frame   0x00002124       0x2c c:/program files/atmel/atmel toolchain/arm gcc/native/4.8.1443/arm-gnu-toolchain/bin/../lib/gcc/arm-none-eabi/4.8.4/../../../../arm-none-eabi/lib/armv7-m\libc.a(lib_a-writer.o)
 .debug_frame   0x00002150       0x30 c:/program files/atmel/atmel toolchain/arm gcc/native/4.8.1443/arm-gnu-toolchain/bin/../lib/gcc/arm-none-eabi/4.8.4/../../../../arm-none-eabi/lib/armv7-m\libc.a(lib_a-__atexit.o)
 .debug_frame   0x00002180       0x2c c:/program files/atmel/atmel toolchain/arm gcc/native/4.8.1443/arm-gnu-toolchain/bin/../lib/gcc/arm-none-eabi/4.8.4/../../../../arm-none-eabi/lib/armv7-m\libc.a(lib_a-closer.o)
 .debug_frame   0x000021ac       0x3c c:/program files/atmel/atmel toolchain/arm gcc/native/4.8.1443/arm-gnu-toolchain/bin/../lib/gcc/arm-none-eabi/4.8.4/../../../../arm-none-eabi/lib/armv7-m\libc.a(lib_a-fclose.o)
 .debug_frame   0x000021e8       0x2c c:/program files/atmel/atmel toolchain/arm gcc/native/4.8.1443/arm-gnu-toolchain/bin/../lib/gcc/arm-none-eabi/4.8.4/../../../../arm-none-eabi/lib/armv7-m\libc.a(lib_a-fstatr.o)
 .debug_frame   0x00002214       0x2c c:/program files/atmel/atmel toolchain/arm gcc/native/4.8.1443/arm-gnu-toolchain/bin/../lib/gcc/arm-none-eabi/4.8.4/../../../../arm-none-eabi/lib/armv7-m\libc.a(lib_a-isattyr.o)
 .debug_frame   0x00002240       0x2c c:/program files/atmel/atmel toolchain/arm gcc/native/4.8.1443/arm-gnu-toolchain/bin/../lib/gcc/arm-none-eabi/4.8.4/../../../../arm-none-eabi/lib/armv7-m\libc.a(lib_a-lseekr.o)
 .debug_frame   0x0000226c       0x2c c:/program files/atmel/atmel toolchain/arm gcc/native/4.8.1443/arm-gnu-toolchain/bin/../lib/gcc/arm-none-eabi/4.8.4/../../../../arm-none-eabi/lib/armv7-m\libc.a(lib_a-readr.o)
 .debug_frame   0x00002298       0x48 c:/program files/atmel/atmel toolchain/arm gcc/native/4.8.1443/arm-gnu-toolchain/bin/../lib/gcc/arm-none-eabi/4.8.4/../../../../arm-none-eabi/lib/armv7-m\libc.a(lib_a-reent.o)
 .debug_frame   0x000022e0       0x58 c:/program files/atmel/atmel toolchain/arm gcc/native/4.8.1443/arm-gnu-toolchain/bin/../lib/gcc/arm-none-eabi/4.8.4/armv7-m\libgcc.a(bpabi.o)
 .debug_frame   0x00002338       0x34 c:/program files/atmel/atmel toolchain/arm gcc/native/4.8.1443/arm-gnu-toolchain/bin/../lib/gcc/arm-none-eabi/4.8.4/armv7-m\libgcc.a(_divdi3.o)
 .debug_frame   0x0000236c       0x34 c:/program files/atmel/atmel toolchain/arm gcc/native/4.8.1443/arm-gnu-toolchain/bin/../lib/gcc/arm-none-eabi/4.8.4/armv7-m\libgcc.a(_udivdi3.o)

Cross Reference Table

Symbol                                            File
ADC_Handler                                       src/ASF/sam/utils/cmsis/sam3x/source/templates/exceptions.o
                                                  src/ASF/sam/utils/cmsis/sam3x/source/templates/gcc/startup_sam3x.o
BusFault_Handler                                  src/ASF/sam/utils/cmsis/sam3x/source/templates/exceptions.o