Archive member included because of file (symbol)

u:/installedapps/atmel/atmel toolchain/arm gcc/native/4.7.3.1029/arm-gnu-toolchain/bin/../lib/gcc/arm-none-eabi/4.7.3/../../../../arm-none-eabi/lib/armv7-m\libc.a(lib_a-__atexit.o)
                              u:/installedapps/atmel/atmel toolchain/arm gcc/native/4.7.3.1029/arm-gnu-toolchain/bin/../lib/gcc/arm-none-eabi/4.7.3/../../../../arm-none-eabi/lib/armv7-m/crt0.o (__register_exitproc)
u:/installedapps/atmel/atmel toolchain/arm gcc/native/4.7.3.1029/arm-gnu-toolchain/bin/../lib/gcc/arm-none-eabi/4.7.3/../../../../arm-none-eabi/lib/armv7-m\libc.a(lib_a-exit.o)
                              u:/installedapps/atmel/atmel toolchain/arm gcc/native/4.7.3.1029/arm-gnu-toolchain/bin/../lib/gcc/arm-none-eabi/4.7.3/../../../../arm-none-eabi/lib/armv7-m/crt0.o (exit)
u:/installedapps/atmel/atmel toolchain/arm gcc/native/4.7.3.1029/arm-gnu-toolchain/bin/../lib/gcc/arm-none-eabi/4.7.3/../../../../arm-none-eabi/lib/armv7-m\libc.a(lib_a-fini.o)
                              u:/installedapps/atmel/atmel toolchain/arm gcc/native/4.7.3.1029/arm-gnu-toolchain/bin/../lib/gcc/arm-none-eabi/4.7.3/../../../../arm-none-eabi/lib/armv7-m/crt0.o (__libc_fini_array)
u:/installedapps/atmel/atmel toolchain/arm gcc/native/4.7.3.1029/arm-gnu-toolchain/bin/../lib/gcc/arm-none-eabi/4.7.3/../../../../arm-none-eabi/lib/armv7-m\libc.a(lib_a-impure.o)
                              u:/installedapps/atmel/atmel toolchain/arm gcc/native/4.7.3.1029/arm-gnu-toolchain/bin/../lib/gcc/arm-none-eabi/4.7.3/../../../../arm-none-eabi/lib/armv7-m\libc.a(lib_a-__atexit.o) (_global_impure_ptr)
u:/installedapps/atmel/atmel toolchain/arm gcc/native/4.7.3.1029/arm-gnu-toolchain/bin/../lib/gcc/arm-none-eabi/4.7.3/../../../../arm-none-eabi/lib/armv7-m\libc.a(lib_a-init.o)
                              u:/installedapps/atmel/atmel toolchain/arm gcc/native/4.7.3.1029/arm-gnu-toolchain/bin/../lib/gcc/arm-none-eabi/4.7.3/../../../../arm-none-eabi/lib/armv7-m/crt0.o (__libc_init_array)
u:/installedapps/atmel/atmel toolchain/arm gcc/native/4.7.3.1029/arm-gnu-toolchain/bin/../lib/gcc/arm-none-eabi/4.7.3/../../../../arm-none-eabi/lib/armv7-m\libc.a(lib_a-iprintf.o)
                              src/ASF/sam/utils/syscalls/gcc/syscalls.o (iprintf)
u:/installedapps/atmel/atmel toolchain/arm gcc/native/4.7.3.1029/arm-gnu-toolchain/bin/../lib/gcc/arm-none-eabi/4.7.3/../../../../arm-none-eabi/lib/armv7-m\libc.a(lib_a-memset.o)
                              u:/installedapps/atmel/atmel toolchain/arm gcc/native/4.7.3.1029/arm-gnu-toolchain/bin/../lib/gcc/arm-none-eabi/4.7.3/../../../../arm-none-eabi/lib/armv7-m/crt0.o (memset)
u:/installedapps/atmel/atmel toolchain/arm gcc/native/4.7.3.1029/arm-gnu-toolchain/bin/../lib/gcc/arm-none-eabi/4.7.3/../../../../arm-none-eabi/lib/armv7-m\libc.a(lib_a-vfiprintf.o)
                              u:/installedapps/atmel/atmel toolchain/arm gcc/native/4.7.3.1029/arm-gnu-toolchain/bin/../lib/gcc/arm-none-eabi/4.7.3/../../../../arm-none-eabi/lib/armv7-m\libc.a(lib_a-iprintf.o) (_vfiprintf_r)
u:/installedapps/atmel/atmel toolchain/arm gcc/native/4.7.3.1029/arm-gnu-toolchain/bin/../lib/gcc/arm-none-eabi/4.7.3/../../../../arm-none-eabi/lib/armv7-m\libc.a(lib_a-wsetup.o)
                              u:/installedapps/atmel/atmel toolchain/arm gcc/native/4.7.3.1029/arm-gnu-toolchain/bin/../lib/gcc/arm-none-eabi/4.7.3/../../../../arm-none-eabi/lib/armv7-m\libc.a(lib_a-vfiprintf.o) (__swsetup_r)
u:/installedapps/atmel/atmel toolchain/arm gcc/native/4.7.3.1029/arm-gnu-toolchain/bin/../lib/gcc/arm-none-eabi/4.7.3/../../../../arm-none-eabi/lib/armv7-m\libc.a(lib_a-__call_atexit.o)
                              u:/installedapps/atmel/atmel toolchain/arm gcc/native/4.7.3.1029/arm-gnu-toolchain/bin/../lib/gcc/arm-none-eabi/4.7.3/../../../../arm-none-eabi/lib/armv7-m\libc.a(lib_a-exit.o) (__call_exitprocs)
u:/installedapps/atmel/atmel toolchain/arm gcc/native/4.7.3.1029/arm-gnu-toolchain/bin/../lib/gcc/arm-none-eabi/4.7.3/../../../../arm-none-eabi/lib/armv7-m\libc.a(lib_a-atexit.o)
                              u:/installedapps/atmel/atmel toolchain/arm gcc/native/4.7.3.1029/arm-gnu-toolchain/bin/../lib/gcc/arm-none-eabi/4.7.3/../../../../arm-none-eabi/lib/armv7-m\libc.a(lib_a-__call_atexit.o) (atexit)
u:/installedapps/atmel/atmel toolchain/arm gcc/native/4.7.3.1029/arm-gnu-toolchain/bin/../lib/gcc/arm-none-eabi/4.7.3/../../../../arm-none-eabi/lib/armv7-m\libc.a(lib_a-fflush.o)
                              u:/installedapps/atmel/atmel toolchain/arm gcc/native/4.7.3.1029/arm-gnu-toolchain/bin/../lib/gcc/arm-none-eabi/4.7.3/../../../../arm-none-eabi/lib/armv7-m\libc.a(lib_a-vfiprintf.o) (_fflush_r)
u:/installedapps/atmel/atmel toolchain/arm gcc/native/4.7.3.1029/arm-gnu-toolchain/bin/../lib/gcc/arm-none-eabi/4.7.3/../../../../arm-none-eabi/lib/armv7-m\libc.a(lib_a-findfp.o)
[...]
Memory Configuration

Name             Origin             Length             Attributes
rom              0x00080000         0x00080000         xr
sram0            0x20000000         0x00010000         xrw
sram1            0x20080000         0x00008000         xrw
ram              0x20070000         0x00018000         xrw
*default*        0x00000000         0xffffffff

Linker script and memory map

LOAD u:/installedapps/atmel/atmel toolchain/arm gcc/native/4.7.3.1029/arm-gnu-toolchain/bin/../lib/gcc/arm-none-eabi/4.7.3/armv7-m/crti.o
LOAD u:/installedapps/atmel/atmel toolchain/arm gcc/native/4.7.3.1029/arm-gnu-toolchain/bin/../lib/gcc/arm-none-eabi/4.7.3/armv7-m/crtbegin.o
LOAD u:/installedapps/atmel/atmel toolchain/arm gcc/native/4.7.3.1029/arm-gnu-toolchain/bin/../lib/gcc/arm-none-eabi/4.7.3/../../../../arm-none-eabi/lib/armv7-m/crt0.o
LOAD src/main.o
LOAD src/ASF/common/services/clock/sam3x/sysclk.o
LOAD src/ASF/common/utils/interrupt/interrupt_sam_nvic.o
LOAD src/ASF/sam/boards/arduino_due_x/init.o
LOAD src/ASF/sam/drivers/pio/pio.o
LOAD src/ASF/sam/drivers/pio/pio_handler.o
LOAD src/ASF/sam/drivers/pmc/pmc.o
LOAD src/ASF/sam/drivers/pmc/sleep.o
LOAD src/ASF/sam/utils/cmsis/sam3x/source/templates/exceptions.o
LOAD src/ASF/sam/utils/cmsis/sam3x/source/templates/gcc/startup_sam3x.o
LOAD src/ASF/sam/utils/cmsis/sam3x/source/templates/system_sam3x.o
LOAD src/ASF/sam/utils/syscalls/gcc/syscalls.o
START GROUP
LOAD ../src/ASF/thirdparty/CMSIS/Lib/GCC\libarm_cortexM3l_math.a
LOAD u:/installedapps/atmel/atmel toolchain/arm gcc/native/4.7.3.1029/arm-gnu-toolchain/bin/../lib/gcc/arm-none-eabi/4.7.3/../../../../arm-none-eabi/lib/armv7-m\libm.a
END GROUP
START GROUP
LOAD u:/installedapps/atmel/atmel toolchain/arm gcc/native/4.7.3.1029/arm-gnu-toolchain/bin/../lib/gcc/arm-none-eabi/4.7.3/armv7-m\libgcc.a
LOAD u:/installedapps/atmel/atmel toolchain/arm gcc/native/4.7.3.1029/arm-gnu-toolchain/bin/../lib/gcc/arm-none-eabi/4.7.3/../../../../arm-none-eabi/lib/armv7-m\libc.a
END GROUP
LOAD u:/installedapps/atmel/atmel toolchain/arm gcc/native/4.7.3.1029/arm-gnu-toolchain/bin/../lib/gcc/arm-none-eabi/4.7.3/armv7-m/crtend.o
LOAD u:/installedapps/atmel/atmel toolchain/arm gcc/native/4.7.3.1029/arm-gnu-toolchain/bin/../lib/gcc/arm-none-eabi/4.7.3/armv7-m/crtn.o
                [0x00002000]                __stack_size__ = DEFINED (__stack_size__)?__stack_size__:0x2000

.text           0x00080000      0x5bc
                0x00080000                . = ALIGN (0x4)
                0x00080000                _sfixed = .
 *(.vectors .vectors.*)
 .vectors       0x00080000       0xf4 src/ASF/sam/utils/cmsis/sam3x/source/templates/gcc/startup_sam3x.o
                0x00080000                exception_table
 *(.text .text.* .gnu.linkonce.t.*)
 .text          0x000800f4       0xb0 u:/installedapps/atmel/atmel toolchain/arm gcc/native/4.7.3.1029/arm-gnu-toolchain/bin/../lib/gcc/arm-none-eabi/4.7.3/armv7-m/crtbegin.o
 .text.pin      0x000801a4        0xc src/main.o
                0x000801a4                pin
 .text.PIOB_init
                0x000801b0       0x2c src/main.o
                0x000801b0                PIOB_init
 .text.main     0x000801dc       0x78 src/main.o
                0x000801dc                main
 .text.pio_get_interrupt_status
                0x00080254        0x4 src/ASF/sam/drivers/pio/pio.o
                0x00080254                pio_get_interrupt_status
 .text.pio_get_interrupt_mask
                0x00080258        0x4 src/ASF/sam/drivers/pio/pio.o
                0x00080258                pio_get_interrupt_mask
 .text.pio_handler_process
                0x0008025c       0x54 src/ASF/sam/drivers/pio/pio_handler.o
                0x0008025c                pio_handler_process
 .text.PIOA_Handler
                0x000802b0       0x1c src/ASF/sam/drivers/pio/pio_handler.o
                0x000802b0                PIOA_Handler
 .text.PIOB_Handler
                0x000802cc       0x1c src/ASF/sam/drivers/pio/pio_handler.o
                0x000802cc                PIOB_Handler
 .text.PIOC_Handler
                0x000802e8       0x1c src/ASF/sam/drivers/pio/pio_handler.o
                0x000802e8                PIOC_Handler
 .text.PIOD_Handler
                0x00080304       0x1c src/ASF/sam/drivers/pio/pio_handler.o
                0x00080304                PIOD_Handler
 .text.Dummy_Handler
                0x00080320        0x4 src/ASF/sam/utils/cmsis/sam3x/source/templates/exceptions.o
                0x00080320                DACC_Handler
                0x00080320                DebugMon_Handler
                0x00080320                DMAC_Handler
                0x00080320                TRNG_Handler
                0x00080320                HardFault_Handler
                0x00080320                TC2_Handler
                0x00080320                SysTick_Handler
                0x00080320                USART3_Handler
                0x00080320                TWI1_Handler
                0x00080320                PendSV_Handler
                0x00080320                NMI_Handler
                0x00080320                TC7_Handler
                0x00080320                ADC_Handler
                0x00080320                SMC_Handler
                0x00080320                USART0_Handler
                0x00080320                RTT_Handler
                0x00080320                EFC1_Handler
                0x00080320                RTC_Handler
                0x00080320                UsageFault_Handler
                0x00080320                TC6_Handler
                0x00080320                WDT_Handler
                0x00080320                CAN0_Handler
                0x00080320                TC4_Handler
                0x00080320                TC1_Handler
                0x00080320                HSMCI_Handler
                0x00080320                TC3_Handler
                0x00080320                Dummy_Handler
                0x00080320                TWI0_Handler
                0x00080320                USART1_Handler
                0x00080320                SSC_Handler
                0x00080320                EFC0_Handler
                0x00080320                PMC_Handler
                0x00080320                PWM_Handler
                0x00080320                CAN1_Handler
                0x00080320                MemManage_Handler
                0x00080320                SUPC_Handler
                0x00080320                SVC_Handler
                0x00080320                TC8_Handler
                0x00080320                USART2_Handler
                0x00080320                EMAC_Handler
                0x00080320                UART_Handler
                0x00080320                BusFault_Handler
                0x00080320                RSTC_Handler
                0x00080320                TC0_Handler
                0x00080320                TC5_Handler
                0x00080320                UOTGHS_Handler
                0x00080320                SPI0_Handler
 .text.Reset_Handler
                0x00080324      0x138 src/ASF/sam/utils/cmsis/sam3x/source/templates/gcc/startup_sam3x.o
                0x00080324                Reset_Handler
 .text          0x0008045c       0x9c u:/installedapps/atmel/atmel toolchain/arm gcc/native/4.7.3.1029/arm-gnu-toolchain/bin/../lib/gcc/arm-none-eabi/4.7.3/../../../../arm-none-eabi/lib/armv7-m\libc.a(lib_a-__atexit.o)
                0x0008045c                __register_exitproc
 .text          0x000804f8       0x2c u:/installedapps/atmel/atmel toolchain/arm gcc/native/4.7.3.1029/arm-gnu-toolchain/bin/../lib/gcc/arm-none-eabi/4.7.3/../../../../arm-none-eabi/lib/armv7-m\libc.a(lib_a-fini.o)
                0x000804f8                __libc_fini_array
 .text          0x00080524       0x4c u:/installedapps/atmel/atmel toolchain/arm gcc/native/4.7.3.1029/arm-gnu-toolchain/bin/../lib/gcc/arm-none-eabi/4.7.3/../../../../arm-none-eabi/lib/armv7-m\libc.a(lib_a-init.o)
                0x00080524                __libc_init_array
 .text.startup  0x00080570       0x14 u:/installedapps/atmel/atmel toolchain/arm gcc/native/4.7.3.1029/arm-gnu-toolchain/bin/../lib/gcc/arm-none-eabi/4.7.3/../../../../arm-none-eabi/lib/armv7-m\libc.a(lib_a-__call_atexit.o)
 .text          0x00080584        0xc u:/installedapps/atmel/atmel toolchain/arm gcc/native/4.7.3.1029/arm-gnu-toolchain/bin/../lib/gcc/arm-none-eabi/4.7.3/../../../../arm-none-eabi/lib/armv7-m\libc.a(lib_a-atexit.o)
                0x00080584                atexit
 *(.glue_7t)
 .glue_7t       0x00000000        0x0 linker stubs
 *(.glue_7)
 .glue_7        0x00000000        0x0 linker stubs
 *(.rodata .rodata* .gnu.linkonce.r.*)
 .rodata        0x00080590        0x4 u:/installedapps/atmel/atmel toolchain/arm gcc/native/4.7.3.1029/arm-gnu-toolchain/bin/../lib/gcc/arm-none-eabi/4.7.3/../../../../arm-none-eabi/lib/armv7-m\libc.a(lib_a-impure.o)
                0x00080590                _global_impure_ptr
 .rodata.str1.1
                0x00080594        0x2 u:/installedapps/atmel/atmel toolchain/arm gcc/native/4.7.3.1029/arm-gnu-toolchain/bin/../lib/gcc/arm-none-eabi/4.7.3/../../../../arm-none-eabi/lib/armv7-m\libc.a(lib_a-impure.o)
 *(.ARM.extab* .gnu.linkonce.armextab.*)
                0x00080598                . = ALIGN (0x4)
 *fill*         0x00080596        0x2 00
 *(.init)
 .init          0x00080598        0x4 u:/installedapps/atmel/atmel toolchain/arm gcc/native/4.7.3.1029/arm-gnu-toolchain/bin/../lib/gcc/arm-none-eabi/4.7.3/armv7-m/crti.o
                0x00080598                _init
 .init          0x0008059c        0x8 u:/installedapps/atmel/atmel toolchain/arm gcc/native/4.7.3.1029/arm-gnu-toolchain/bin/../lib/gcc/arm-none-eabi/4.7.3/armv7-m/crtn.o
                0x000805a4                . = ALIGN (0x4)
                0x000805a4                __preinit_array_start = .
 *(.preinit_array)
                0x000805a4                __preinit_array_end = .
                0x000805a4                . = ALIGN (0x4)
                0x000805a4                __init_array_start = .
 *(SORT(.init_array.*))
 .init_array.00000
                0x000805a4        0x4 u:/installedapps/atmel/atmel toolchain/arm gcc/native/4.7.3.1029/arm-gnu-toolchain/bin/../lib/gcc/arm-none-eabi/4.7.3/../../../../arm-none-eabi/lib/armv7-m\libc.a(lib_a-__call_atexit.o)
 *(.init_array)
 .init_array    0x000805a8        0x4 u:/installedapps/atmel/atmel toolchain/arm gcc/native/4.7.3.1029/arm-gnu-toolchain/bin/../lib/gcc/arm-none-eabi/4.7.3/armv7-m/crtbegin.o
                0x000805ac                __init_array_end = .
                0x000805ac                . = ALIGN (0x4)
 *crtbegin.o(.ctors)
 *(EXCLUDE_FILE(*crtend.o) .ctors)
 *(SORT(.ctors.*))
 *crtend.o(.ctors)
                0x000805ac                . = ALIGN (0x4)
 *(.fini)
 .fini          0x000805ac        0x4 u:/installedapps/atmel/atmel toolchain/arm gcc/native/4.7.3.1029/arm-gnu-toolchain/bin/../lib/gcc/arm-none-eabi/4.7.3/armv7-m/crti.o
                0x000805ac                _fini
 .fini          0x000805b0        0x8 u:/installedapps/atmel/atmel toolchain/arm gcc/native/4.7.3.1029/arm-gnu-toolchain/bin/../lib/gcc/arm-none-eabi/4.7.3/armv7-m/crtn.o
                0x000805b8                . = ALIGN (0x4)
                0x000805b8                __fini_array_start = .
 *(.fini_array)
 .fini_array    0x000805b8        0x4 u:/installedapps/atmel/atmel toolchain/arm gcc/native/4.7.3.1029/arm-gnu-toolchain/bin/../lib/gcc/arm-none-eabi/4.7.3/armv7-m/crtbegin.o
 *(SORT(.fini_array.*))
                0x000805bc                __fini_array_end = .
 *crtbegin.o(.dtors)
 *(EXCLUDE_FILE(*crtend.o) .dtors)
 *(SORT(.dtors.*))
 *crtend.o(.dtors)
                0x000805bc                . = ALIGN (0x4)
                0x000805bc                _efixed = .
                0x000805bc                PROVIDE (__exidx_start, .)

.vfp11_veneer   0x000805bc        0x0
 .vfp11_veneer  0x00000000        0x0 linker stubs

.v4_bx          0x000805bc        0x0
 .v4_bx         0x00000000        0x0 linker stubs

.iplt           0x000805bc        0x0
 .iplt          0x00000000        0x0 u:/installedapps/atmel/atmel toolchain/arm gcc/native/4.7.3.1029/arm-gnu-toolchain/bin/../lib/gcc/arm-none-eabi/4.7.3/armv7-m/crtbegin.o

.eh_frame       0x000805bc        0x0
 .eh_frame      0x000805bc        0x0 u:/installedapps/atmel/atmel toolchain/arm gcc/native/4.7.3.1029/arm-gnu-toolchain/bin/../lib/gcc/arm-none-eabi/4.7.3/armv7-m/crtbegin.o

.rel.dyn        0x000805bc        0x0
 .rel.iplt      0x00000000        0x0 u:/installedapps/atmel/atmel toolchain/arm gcc/native/4.7.3.1029/arm-gnu-toolchain/bin/../lib/gcc/arm-none-eabi/4.7.3/armv7-m/crtbegin.o

.jcr            0x000805bc        0x0
 .jcr           0x000805bc        0x0 u:/installedapps/atmel/atmel toolchain/arm gcc/native/4.7.3.1029/arm-gnu-toolchain/bin/../lib/gcc/arm-none-eabi/4.7.3/armv7-m/crtbegin.o

.tm_clone_table
                0x000805bc        0x0
 .tm_clone_table
                0x000805bc        0x0 u:/installedapps/atmel/atmel toolchain/arm gcc/native/4.7.3.1029/arm-gnu-toolchain/bin/../lib/gcc/arm-none-eabi/4.7.3/armv7-m/crtbegin.o
 .tm_clone_table
                0x000805bc        0x0 u:/installedapps/atmel/atmel toolchain/arm gcc/native/4.7.3.1029/arm-gnu-toolchain/bin/../lib/gcc/arm-none-eabi/4.7.3/armv7-m/crtend.o

.igot.plt       0x000805bc        0x0
 .igot.plt      0x00000000        0x0 u:/installedapps/atmel/atmel toolchain/arm gcc/native/4.7.3.1029/arm-gnu-toolchain/bin/../lib/gcc/arm-none-eabi/4.7.3/armv7-m/crtbegin.o

.ARM.exidx
 *(.ARM.exidx* .gnu.linkonce.armexidx.*)
                0x000805bc                PROVIDE (__exidx_end, .)
                0x000805bc                . = ALIGN (0x4)
                0x000805bc                _etext = .

.relocate       0x20070000      0x430 load address 0x000805bc
                0x20070000                . = ALIGN (0x4)
                0x20070000                _srelocate = .
 *(.ramfunc .ramfunc.*)
 *(.data .data.*)
 .data          0x20070000      0x430 u:/installedapps/atmel/atmel toolchain/arm gcc/native/4.7.3.1029/arm-gnu-toolchain/bin/../lib/gcc/arm-none-eabi/4.7.3/../../../../arm-none-eabi/lib/armv7-m\libc.a(lib_a-impure.o)
                0x20070000                _impure_ptr
                0x20070430                . = ALIGN (0x4)
                0x20070430                _erelocate = .

.bss            0x20070430       0x8c load address 0x000809ec
                0x20070430                . = ALIGN (0x4)
                0x20070430                _sbss = .
                0x20070430                _szero = .
 *(.bss .bss.*)
 .bss           0x20070430       0x1c u:/installedapps/atmel/atmel toolchain/arm gcc/native/4.7.3.1029/arm-gnu-toolchain/bin/../lib/gcc/arm-none-eabi/4.7.3/armv7-m/crtbegin.o
 .bss.gs_interrupt_sources
                0x2007044c       0x70 src/ASF/sam/drivers/pio/pio_handler.o
 *(COMMON)
                0x200704bc                . = ALIGN (0x4)
                0x200704bc                _ebss = .
                0x200704bc                _ezero = .

.stack          0x200704bc     0x2004 load address 0x00080a78
                0x200704c0                . = ALIGN (0x8)
 *fill*         0x200704bc        0x4 00
                0x200704c0                _sstack = .
                0x200724c0                . = (. + __stack_size__)
 *fill*         0x200704c0     0x2000 00
                0x200724c0                . = ALIGN (0x8)
                0x200724c0                _estack = .
                0x200724c0                . = ALIGN (0x4)
                0x200724c0                _end = .
OUTPUT(Project1401a.elf elf32-littlearm)

.ARM.attributes
                0x00000000       0x29
 .ARM.attributes
                0x00000000       0x1d u:/installedapps/atmel/atmel toolchain/arm gcc/native/4.7.3.1029/arm-gnu-toolchain/bin/../lib/gcc/arm-none-eabi/4.7.3/armv7-m/crti.o
 .ARM.attributes
                0x0000001d       0x2d u:/installedapps/atmel/atmel toolchain/arm gcc/native/4.7.3.1029/arm-gnu-toolchain/bin/../lib/gcc/arm-none-eabi/4.7.3/armv7-m/crtbegin.o
 .ARM.attributes
                0x0000004a       0x33 src/main.o
 .ARM.attributes
                0x0000007d       0x33 src/ASF/sam/drivers/pio/pio.o
 .ARM.attributes
                0x000000b0       0x33 src/ASF/sam/drivers/pio/pio_handler.o
 .ARM.attributes
                0x000000e3       0x33 src/ASF/sam/utils/cmsis/sam3x/source/templates/exceptions.o
 .ARM.attributes
                0x00000116       0x33 src/ASF/sam/utils/cmsis/sam3x/source/templates/gcc/startup_sam3x.o
 .ARM.attributes
                0x00000149       0x2d u:/installedapps/atmel/atmel toolchain/arm gcc/native/4.7.3.1029/arm-gnu-toolchain/bin/../lib/gcc/arm-none-eabi/4.7.3/../../../../arm-none-eabi/lib/armv7-m\libc.a(lib_a-__atexit.o)
 .ARM.attributes
                0x00000176       0x2d u:/installedapps/atmel/atmel toolchain/arm gcc/native/4.7.3.1029/arm-gnu-toolchain/bin/../lib/gcc/arm-none-eabi/4.7.3/../../../../arm-none-eabi/lib/armv7-m\libc.a(lib_a-fini.o)
 .ARM.attributes
                0x000001a3       0x2d u:/installedapps/atmel/atmel toolchain/arm gcc/native/4.7.3.1029/arm-gnu-toolchain/bin/../lib/gcc/arm-none-eabi/4.7.3/../../../../arm-none-eabi/lib/armv7-m\libc.a(lib_a-impure.o)
 .ARM.attributes
                0x000001d0       0x2d u:/installedapps/atmel/atmel toolchain/arm gcc/native/4.7.3.1029/arm-gnu-toolchain/bin/../lib/gcc/arm-none-eabi/4.7.3/../../../../arm-none-eabi/lib/armv7-m\libc.a(lib_a-init.o)
 .ARM.attributes
                0x000001fd       0x2d u:/installedapps/atmel/atmel toolchain/arm gcc/native/4.7.3.1029/arm-gnu-toolchain/bin/../lib/gcc/arm-none-eabi/4.7.3/../../../../arm-none-eabi/lib/armv7-m\libc.a(lib_a-__call_atexit.o)
 .ARM.attributes
                0x0000022a       0x2d u:/installedapps/atmel/atmel toolchain/arm gcc/native/4.7.3.1029/arm-gnu-toolchain/bin/../lib/gcc/arm-none-eabi/4.7.3/../../../../arm-none-eabi/lib/armv7-m\libc.a(lib_a-atexit.o)
 .ARM.attributes
                0x00000257       0x2d u:/installedapps/atmel/atmel toolchain/arm gcc/native/4.7.3.1029/arm-gnu-toolchain/bin/../lib/gcc/arm-none-eabi/4.7.3/armv7-m/crtend.o
 .ARM.attributes
                0x00000284       0x1d u:/installedapps/atmel/atmel toolchain/arm gcc/native/4.7.3.1029/arm-gnu-toolchain/bin/../lib/gcc/arm-none-eabi/4.7.3/armv7-m/crtn.o

.comment        0x00000000       0x71
 .comment       0x00000000       0x71 u:/installedapps/atmel/atmel toolchain/arm gcc/native/4.7.3.1029/arm-gnu-toolchain/bin/../lib/gcc/arm-none-eabi/4.7.3/armv7-m/crtbegin.o
                                 0x72 (size before relaxing)
 .comment       0x00000000       0x72 src/main.o
 .comment       0x00000000       0x72 src/ASF/sam/drivers/pio/pio.o
 .comment       0x00000000       0x72 src/ASF/sam/drivers/pio/pio_handler.o
 .comment       0x00000000       0x72 src/ASF/sam/utils/cmsis/sam3x/source/templates/exceptions.o
 .comment       0x00000000       0x72 src/ASF/sam/utils/cmsis/sam3x/source/templates/gcc/startup_sam3x.o
 .comment       0x00000000       0x72 u:/installedapps/atmel/atmel toolchain/arm gcc/native/4.7.3.1029/arm-gnu-toolchain/bin/../lib/gcc/arm-none-eabi/4.7.3/../../../../arm-none-eabi/lib/armv7-m\libc.a(lib_a-__atexit.o)
 .comment       0x00000000       0x72 u:/installedapps/atmel/atmel toolchain/arm gcc/native/4.7.3.1029/arm-gnu-toolchain/bin/../lib/gcc/arm-none-eabi/4.7.3/../../../../arm-none-eabi/lib/armv7-m\libc.a(lib_a-fini.o)
 .comment       0x00000000       0x72 u:/installedapps/atmel/atmel toolchain/arm gcc/native/4.7.3.1029/arm-gnu-toolchain/bin/../lib/gcc/arm-none-eabi/4.7.3/../../../../arm-none-eabi/lib/armv7-m\libc.a(lib_a-impure.o)
 .comment       0x00000000       0x72 u:/installedapps/atmel/atmel toolchain/arm gcc/native/4.7.3.1029/arm-gnu-toolchain/bin/../lib/gcc/arm-none-eabi/4.7.3/../../../../arm-none-eabi/lib/armv7-m\libc.a(lib_a-init.o)
 .comment       0x00000000       0x72 u:/installedapps/atmel/atmel toolchain/arm gcc/native/4.7.3.1029/arm-gnu-toolchain/bin/../lib/gcc/arm-none-eabi/4.7.3/../../../../arm-none-eabi/lib/armv7-m\libc.a(lib_a-__call_atexit.o)
 .comment       0x00000000       0x72 u:/installedapps/atmel/atmel toolchain/arm gcc/native/4.7.3.1029/arm-gnu-toolchain/bin/../lib/gcc/arm-none-eabi/4.7.3/../../../../arm-none-eabi/lib/armv7-m\libc.a(lib_a-atexit.o)
 .comment       0x00000000       0x72 u:/installedapps/atmel/atmel toolchain/arm gcc/native/4.7.3.1029/arm-gnu-toolchain/bin/../lib/gcc/arm-none-eabi/4.7.3/armv7-m/crtend.o

.debug_info     0x00000000     0x4633
 .debug_info    0x00000000      0x1c6 src/main.o
 .debug_info    0x000001c6     0x11ab src/ASF/sam/drivers/pio/pio.o
 .debug_info    0x00001371      0xdc8 src/ASF/sam/drivers/pio/pio_handler.o
 .debug_info    0x00002139       0xae src/ASF/sam/utils/cmsis/sam3x/source/templates/exceptions.o
 .debug_info    0x000021e7      0x344 src/ASF/sam/utils/cmsis/sam3x/source/templates/gcc/startup_sam3x.o
 .debug_info    0x0000252b      0xa15 u:/installedapps/atmel/atmel toolchain/arm gcc/native/4.7.3.1029/arm-gnu-toolchain/bin/../lib/gcc/arm-none-eabi/4.7.3/../../../../arm-none-eabi/lib/armv7-m\libc.a(lib_a-__atexit.o)
 .debug_info    0x00002f40       0xf7 u:/installedapps/atmel/atmel toolchain/arm gcc/native/4.7.3.1029/arm-gnu-toolchain/bin/../lib/gcc/arm-none-eabi/4.7.3/../../../../arm-none-eabi/lib/armv7-m\libc.a(lib_a-fini.o)
 .debug_info    0x00003037      0x961 u:/installedapps/atmel/atmel toolchain/arm gcc/native/4.7.3.1029/arm-gnu-toolchain/bin/../lib/gcc/arm-none-eabi/4.7.3/../../../../arm-none-eabi/lib/armv7-m\libc.a(lib_a-impure.o)
 .debug_info    0x00003998      0x110 u:/installedapps/atmel/atmel toolchain/arm gcc/native/4.7.3.1029/arm-gnu-toolchain/bin/../lib/gcc/arm-none-eabi/4.7.3/../../../../arm-none-eabi/lib/armv7-m\libc.a(lib_a-init.o)
 .debug_info    0x00003aa8      0xa7c u:/installedapps/atmel/atmel toolchain/arm gcc/native/4.7.3.1029/arm-gnu-toolchain/bin/../lib/gcc/arm-none-eabi/4.7.3/../../../../arm-none-eabi/lib/armv7-m\libc.a(lib_a-__call_atexit.o)
 .debug_info    0x00004524      0x10f u:/installedapps/atmel/atmel toolchain/arm gcc/native/4.7.3.1029/arm-gnu-toolchain/bin/../lib/gcc/arm-none-eabi/4.7.3/../../../../arm-none-eabi/lib/armv7-m\libc.a(lib_a-atexit.o)

.debug_abbrev   0x00000000      0xee0
 .debug_abbrev  0x00000000      0x107 src/main.o
 .debug_abbrev  0x00000107      0x214 src/ASF/sam/drivers/pio/pio.o
 .debug_abbrev  0x0000031b      0x266 src/ASF/sam/drivers/pio/pio_handler.o
 .debug_abbrev  0x00000581       0x6c src/ASF/sam/utils/cmsis/sam3x/source/templates/exceptions.o
 .debug_abbrev  0x000005ed      0x107 src/ASF/sam/utils/cmsis/sam3x/source/templates/gcc/startup_sam3x.o
 .debug_abbrev  0x000006f4      0x1fe u:/installedapps/atmel/atmel toolchain/arm gcc/native/4.7.3.1029/arm-gnu-toolchain/bin/../lib/gcc/arm-none-eabi/4.7.3/../../../../arm-none-eabi/lib/armv7-m\libc.a(lib_a-__atexit.o)
 .debug_abbrev  0x000008f2       0xbb u:/installedapps/atmel/atmel toolchain/arm gcc/native/4.7.3.1029/arm-gnu-toolchain/bin/../lib/gcc/arm-none-eabi/4.7.3/../../../../arm-none-eabi/lib/armv7-m\libc.a(lib_a-fini.o)
 .debug_abbrev  0x000009ad      0x160 u:/installedapps/atmel/atmel toolchain/arm gcc/native/4.7.3.1029/arm-gnu-toolchain/bin/../lib/gcc/arm-none-eabi/4.7.3/../../../../arm-none-eabi/lib/armv7-m\libc.a(lib_a-impure.o)
 .debug_abbrev  0x00000b0d       0xb8 u:/installedapps/atmel/atmel toolchain/arm gcc/native/4.7.3.1029/arm-gnu-toolchain/bin/../lib/gcc/arm-none-eabi/4.7.3/../../../../arm-none-eabi/lib/armv7-m\libc.a(lib_a-init.o)
 .debug_abbrev  0x00000bc5      0x265 u:/installedapps/atmel/atmel toolchain/arm gcc/native/4.7.3.1029/arm-gnu-toolchain/bin/../lib/gcc/arm-none-eabi/4.7.3/../../../../arm-none-eabi/lib/armv7-m\libc.a(lib_a-__call_atexit.o)
 .debug_abbrev  0x00000e2a       0xb6 u:/installedapps/atmel/atmel toolchain/arm gcc/native/4.7.3.1029/arm-gnu-toolchain/bin/../lib/gcc/arm-none-eabi/4.7.3/../../../../arm-none-eabi/lib/armv7-m\libc.a(lib_a-atexit.o)

.debug_loc      0x00000000     0x1186
 .debug_loc     0x00000000      0x106 src/main.o
 .debug_loc     0x00000106      0x8dc src/ASF/sam/drivers/pio/pio.o
 .debug_loc     0x000009e2      0x4a4 src/ASF/sam/drivers/pio/pio_handler.o
 .debug_loc     0x00000e86       0x20 src/ASF/sam/utils/cmsis/sam3x/source/templates/gcc/startup_sam3x.o
 .debug_loc     0x00000ea6       0xfc u:/installedapps/atmel/atmel toolchain/arm gcc/native/4.7.3.1029/arm-gnu-toolchain/bin/../lib/gcc/arm-none-eabi/4.7.3/../../../../arm-none-eabi/lib/armv7-m\libc.a(lib_a-__atexit.o)
 .debug_loc     0x00000fa2       0x33 u:/installedapps/atmel/atmel toolchain/arm gcc/native/4.7.3.1029/arm-gnu-toolchain/bin/../lib/gcc/arm-none-eabi/4.7.3/../../../../arm-none-eabi/lib/armv7-m\libc.a(lib_a-fini.o)
 .debug_loc     0x00000fd5       0x4a u:/installedapps/atmel/atmel toolchain/arm gcc/native/4.7.3.1029/arm-gnu-toolchain/bin/../lib/gcc/arm-none-eabi/4.7.3/../../../../arm-none-eabi/lib/armv7-m\libc.a(lib_a-init.o)
 .debug_loc     0x0000101f      0x13b u:/installedapps/atmel/atmel toolchain/arm gcc/native/4.7.3.1029/arm-gnu-toolchain/bin/../lib/gcc/arm-none-eabi/4.7.3/../../../../arm-none-eabi/lib/armv7-m\libc.a(lib_a-__call_atexit.o)
 .debug_loc     0x0000115a       0x2c u:/installedapps/atmel/atmel toolchain/arm gcc/native/4.7.3.1029/arm-gnu-toolchain/bin/../lib/gcc/arm-none-eabi/4.7.3/../../../../arm-none-eabi/lib/armv7-m\libc.a(lib_a-atexit.o)

.debug_aranges  0x00000000      0x2d0
 .debug_aranges
                0x00000000       0x30 src/main.o
 .debug_aranges
                0x00000030      0x148 src/ASF/sam/drivers/pio/pio.o
 .debug_aranges
                0x00000178       0x58 src/ASF/sam/drivers/pio/pio_handler.o
 .debug_aranges
                0x000001d0       0x20 src/ASF/sam/utils/cmsis/sam3x/source/templates/exceptions.o
 .debug_aranges
                0x000001f0       0x20 src/ASF/sam/utils/cmsis/sam3x/source/templates/gcc/startup_sam3x.o
 .debug_aranges
                0x00000210       0x20 u:/installedapps/atmel/atmel toolchain/arm gcc/native/4.7.3.1029/arm-gnu-toolchain/bin/../lib/gcc/arm-none-eabi/4.7.3/../../../../arm-none-eabi/lib/armv7-m\libc.a(lib_a-__atexit.o)
 .debug_aranges
                0x00000230       0x20 u:/installedapps/atmel/atmel toolchain/arm gcc/native/4.7.3.1029/arm-gnu-toolchain/bin/../lib/gcc/arm-none-eabi/4.7.3/../../../../arm-none-eabi/lib/armv7-m\libc.a(lib_a-fini.o)
 .debug_aranges
                0x00000250       0x18 u:/installedapps/atmel/atmel toolchain/arm gcc/native/4.7.3.1029/arm-gnu-toolchain/bin/../lib/gcc/arm-none-eabi/4.7.3/../../../../arm-none-eabi/lib/armv7-m\libc.a(lib_a-impure.o)
 .debug_aranges
                0x00000268       0x20 u:/installedapps/atmel/atmel toolchain/arm gcc/native/4.7.3.1029/arm-gnu-toolchain/bin/../lib/gcc/arm-none-eabi/4.7.3/../../../../arm-none-eabi/lib/armv7-m\libc.a(lib_a-init.o)
 .debug_aranges
                0x00000288       0x28 u:/installedapps/atmel/atmel toolchain/arm gcc/native/4.7.3.1029/arm-gnu-toolchain/bin/../lib/gcc/arm-none-eabi/4.7.3/../../../../arm-none-eabi/lib/armv7-m\libc.a(lib_a-__call_atexit.o)
 .debug_aranges
                0x000002b0       0x20 u:/installedapps/atmel/atmel toolchain/arm gcc/native/4.7.3.1029/arm-gnu-toolchain/bin/../lib/gcc/arm-none-eabi/4.7.3/../../../../arm-none-eabi/lib/armv7-m\libc.a(lib_a-atexit.o)

.debug_ranges   0x00000000      0x210
 .debug_ranges  0x00000000       0x20 src/main.o
 .debug_ranges  0x00000020      0x138 src/ASF/sam/drivers/pio/pio.o
 .debug_ranges  0x00000158       0x48 src/ASF/sam/drivers/pio/pio_handler.o
 .debug_ranges  0x000001a0       0x10 src/ASF/sam/utils/cmsis/sam3x/source/templates/exceptions.o
 .debug_ranges  0x000001b0       0x10 src/ASF/sam/utils/cmsis/sam3x/source/templates/gcc/startup_sam3x.o
 .debug_ranges  0x000001c0       0x50 u:/installedapps/atmel/atmel toolchain/arm gcc/native/4.7.3.1029/arm-gnu-toolchain/bin/../lib/gcc/arm-none-eabi/4.7.3/../../../../arm-none-eabi/lib/armv7-m\libc.a(lib_a-__call_atexit.o)

.debug_macro    0x00000000     0x21c3
 .debug_macro   0x00000000       0xca src/main.o
 .debug_macro   0x000000ca      0x826 src/main.o
 .debug_macro   0x000008f0       0x3a src/main.o
 .debug_macro   0x0000092a       0x10 src/main.o
 .debug_macro   0x0000093a       0x2e src/main.o
 .debug_macro   0x00000968       0xa3 src/main.o
 .debug_macro   0x00000a0b      0x20e src/main.o
 .debug_macro   0x00000c19       0x82 src/main.o
 .debug_macro   0x00000c9b      0x447 src/main.o
 .debug_macro   0x000010e2      0x4c0 src/ASF/sam/drivers/pio/pio.o
 .debug_macro   0x000015a2       0x8e src/ASF/sam/drivers/pio/pio.o
 .debug_macro   0x00001630      0x4cd src/ASF/sam/drivers/pio/pio_handler.o
 .debug_macro   0x00001afd      0x35c src/ASF/sam/utils/cmsis/sam3x/source/templates/exceptions.o
 .debug_macro   0x00001e59      0x36a src/ASF/sam/utils/cmsis/sam3x/source/templates/gcc/startup_sam3x.o

.debug_line     0x00000000     0x3aa8
 .debug_line    0x00000000      0x342 src/main.o
 .debug_line    0x00000342      0xe7a src/ASF/sam/drivers/pio/pio.o
 .debug_line    0x000011bc      0xc20 src/ASF/sam/drivers/pio/pio_handler.o
 .debug_line    0x00001ddc      0x970 src/ASF/sam/utils/cmsis/sam3x/source/templates/exceptions.o
 .debug_line    0x0000274c      0x9d1 src/ASF/sam/utils/cmsis/sam3x/source/templates/gcc/startup_sam3x.o
 .debug_line    0x0000311d      0x235 u:/installedapps/atmel/atmel toolchain/arm gcc/native/4.7.3.1029/arm-gnu-toolchain/bin/../lib/gcc/arm-none-eabi/4.7.3/../../../../arm-none-eabi/lib/armv7-m\libc.a(lib_a-__atexit.o)
 .debug_line    0x00003352      0x123 u:/installedapps/atmel/atmel toolchain/arm gcc/native/4.7.3.1029/arm-gnu-toolchain/bin/../lib/gcc/arm-none-eabi/4.7.3/../../../../arm-none-eabi/lib/armv7-m\libc.a(lib_a-fini.o)
 .debug_line    0x00003475      0x183 u:/installedapps/atmel/atmel toolchain/arm gcc/native/4.7.3.1029/arm-gnu-toolchain/bin/../lib/gcc/arm-none-eabi/4.7.3/../../../../arm-none-eabi/lib/armv7-m\libc.a(lib_a-impure.o)
 .debug_line    0x000035f8      0x135 u:/installedapps/atmel/atmel toolchain/arm gcc/native/4.7.3.1029/arm-gnu-toolchain/bin/../lib/gcc/arm-none-eabi/4.7.3/../../../../arm-none-eabi/lib/armv7-m\libc.a(lib_a-init.o)
 .debug_line    0x0000372d      0x270 u:/installedapps/atmel/atmel toolchain/arm gcc/native/4.7.3.1029/arm-gnu-toolchain/bin/../lib/gcc/arm-none-eabi/4.7.3/../../../../arm-none-eabi/lib/armv7-m\libc.a(lib_a-__call_atexit.o)
 .debug_line    0x0000399d      0x10b u:/installedapps/atmel/atmel toolchain/arm gcc/native/4.7.3.1029/arm-gnu-toolchain/bin/../lib/gcc/arm-none-eabi/4.7.3/../../../../arm-none-eabi/lib/armv7-m\libc.a(lib_a-atexit.o)

.debug_str      0x00000000    0x59d7a
 .debug_str     0x00000000     0x3e89 src/main.o
                               0x3fec (size before relaxing)
 .debug_str     0x00003e89    0x55265 src/ASF/sam/drivers/pio/pio.o
                              0x58432 (size before relaxing)
 .debug_str     0x000590ee      0x485 src/ASF/sam/drivers/pio/pio_handler.o
                              0x58474 (size before relaxing)
 .debug_str     0x00059573       0x4d src/ASF/sam/utils/cmsis/sam3x/source/templates/exceptions.o
                              0x4c4b8 (size before relaxing)
 .debug_str     0x000595c0       0xb2 src/ASF/sam/utils/cmsis/sam3x/source/templates/gcc/startup_sam3x.o
                              0x4c58c (size before relaxing)
 .debug_str     0x00059672      0x431 u:/installedapps/atmel/atmel toolchain/arm gcc/native/4.7.3.1029/arm-gnu-toolchain/bin/../lib/gcc/arm-none-eabi/4.7.3/../../../../arm-none-eabi/lib/armv7-m\libc.a(lib_a-__atexit.o)
                                0x56d (size before relaxing)
 .debug_str     0x00059aa3       0x96 u:/installedapps/atmel/atmel toolchain/arm gcc/native/4.7.3.1029/arm-gnu-toolchain/bin/../lib/gcc/arm-none-eabi/4.7.3/../../../../arm-none-eabi/lib/armv7-m\libc.a(lib_a-fini.o)
                                0x184 (size before relaxing)
 .debug_str     0x00059b39       0x6f u:/installedapps/atmel/atmel toolchain/arm gcc/native/4.7.3.1029/arm-gnu-toolchain/bin/../lib/gcc/arm-none-eabi/4.7.3/../../../../arm-none-eabi/lib/armv7-m\libc.a(lib_a-impure.o)
                                0x518 (size before relaxing)
 .debug_str     0x00059ba8       0xc0 u:/installedapps/atmel/atmel toolchain/arm gcc/native/4.7.3.1029/arm-gnu-toolchain/bin/../lib/gcc/arm-none-eabi/4.7.3/../../../../arm-none-eabi/lib/armv7-m\libc.a(lib_a-init.o)
                                0x1ae (size before relaxing)
 .debug_str     0x00059c68       0xae u:/installedapps/atmel/atmel toolchain/arm gcc/native/4.7.3.1029/arm-gnu-toolchain/bin/../lib/gcc/arm-none-eabi/4.7.3/../../../../arm-none-eabi/lib/armv7-m\libc.a(lib_a-__call_atexit.o)
                                0x569 (size before relaxing)
 .debug_str     0x00059d16       0x64 u:/installedapps/atmel/atmel toolchain/arm gcc/native/4.7.3.1029/arm-gnu-toolchain/bin/../lib/gcc/arm-none-eabi/4.7.3/../../../../arm-none-eabi/lib/armv7-m\libc.a(lib_a-atexit.o)
                                0x18a (size before relaxing)

.debug_frame    0x00000000      0x540
 .debug_frame   0x00000000       0x58 src/main.o
 .debug_frame   0x00000058      0x2bc src/ASF/sam/drivers/pio/pio.o
 .debug_frame   0x00000314       0xf0 src/ASF/sam/drivers/pio/pio_handler.o
 .debug_frame   0x00000404       0x20 src/ASF/sam/utils/cmsis/sam3x/source/templates/exceptions.o
 .debug_frame   0x00000424       0x2c src/ASF/sam/utils/cmsis/sam3x/source/templates/gcc/startup_sam3x.o
 .debug_frame   0x00000450       0x34 u:/installedapps/atmel/atmel toolchain/arm gcc/native/4.7.3.1029/arm-gnu-toolchain/bin/../lib/gcc/arm-none-eabi/4.7.3/../../../../arm-none-eabi/lib/armv7-m\libc.a(lib_a-__atexit.o)
 .debug_frame   0x00000484       0x2c u:/installedapps/atmel/atmel toolchain/arm gcc/native/4.7.3.1029/arm-gnu-toolchain/bin/../lib/gcc/arm-none-eabi/4.7.3/../../../../arm-none-eabi/lib/armv7-m\libc.a(lib_a-fini.o)
 .debug_frame   0x000004b0       0x2c u:/installedapps/atmel/atmel toolchain/arm gcc/native/4.7.3.1029/arm-gnu-toolchain/bin/../lib/gcc/arm-none-eabi/4.7.3/../../../../arm-none-eabi/lib/armv7-m\libc.a(lib_a-init.o)
 .debug_frame   0x000004dc       0x44 u:/installedapps/atmel/atmel toolchain/arm gcc/native/4.7.3.1029/arm-gnu-toolchain/bin/../lib/gcc/arm-none-eabi/4.7.3/../../../../arm-none-eabi/lib/armv7-m\libc.a(lib_a-__call_atexit.o)
 .debug_frame   0x00000520       0x20 u:/installedapps/atmel/atmel toolchain/arm gcc/native/4.7.3.1029/arm-gnu-toolchain/bin/../lib/gcc/arm-none-eabi/4.7.3/../../../../arm-none-eabi/lib/armv7-m\libc.a(lib_a-atexit.o)

Cross Reference Table

Symbol                                            File
ADC_Handler                                       src/ASF/sam/utils/cmsis/sam3x/source/templates/exceptions.o
                                                  src/ASF/sam/utils/cmsis/sam3x/source/templates/gcc/startup_sam3x.o
BusFault_Handler                                  src/ASF/sam/utils/cmsis/sam3x/source/templates/exceptions.o
                                                  src/ASF/sam/utils/cmsis/sam3x/source/templates/gcc/startup_sam3x.o
CAN0_Handler                                      src/ASF/sam/utils/cmsis/sam3x/source/templates/exceptions.o
                                                  src/ASF/sam/utils/cmsis/sam3x/source/templates/gcc/startup_sam3x.o
CAN1_Handler                                      src/ASF/sam/utils/cmsis/sam3x/source/templates/exceptions.o
                                                  src/ASF/sam/utils/cmsis/sam3x/source/templates/gcc/startup_sam3x.o
DACC_Handler                                      src/ASF/sam/utils/cmsis/sam3x/source/templates/exceptions.o
                                                  src/ASF/sam/utils/cmsis/sam3x/source/templates/gcc/startup_sam3x.o
DMAC_Handler                                      src/ASF/sam/utils/cmsis/sam3x/source/templates/exceptions.o
                                                  src/ASF/sam/utils/cmsis/sam3x/source/templates/gcc/startup_sam3x.o
DebugMon_Handler                                  src/ASF/sam/utils/cmsis/sam3x/source/templates/exceptions.o
                                                  src/ASF/sam/utils/cmsis/sam3x/source/templates/gcc/startup_sam3x.o
Dummy_Handler                                     src/ASF/sam/utils/cmsis/sam3x/source/templates/exceptions.o
EFC0_Handler                                      src/ASF/sam/utils/cmsis/sam3x/source/templates/exceptions.o
                                                  src/ASF/sam/utils/cmsis/sam3x/source/templates/gcc/startup_sam3x.o
EFC1_Handler                                      src/ASF/sam/utils/cmsis/sam3x/source/templates/exceptions.o
                                                  src/ASF/sam/utils/cmsis/sam3x/source/templates/gcc/startup_sam3x.o
EMAC_Handler                                      src/ASF/sam/utils/cmsis/sam3x/source/templates/exceptions.o
                                                  src/ASF/sam/utils/cmsis/sam3x/source/templates/gcc/startup_sam3x.o
HSMCI_Handler                                     src/ASF/sam/utils/cmsis/sam3x/source/templates/exceptions.o
                                                  src/ASF/sam/utils/cmsis/sam3x/source/templates/gcc/startup_sam3x.o
HardFault_Handler                                 src/ASF/sam/utils/cmsis/sam3x/source/templates/exceptions.o
                                                  src/ASF/sam/utils/cmsis/sam3x/source/templates/gcc/startup_sam3x.o
MemManage_Handler                                 src/ASF/sam/utils/cmsis/sam3x/source/templates/exceptions.o
                                                  src/ASF/sam/utils/cmsis/sam3x/source/templates/gcc/startup_sam3x.o
NMI_Handler                                       src/ASF/sam/utils/cmsis/sam3x/source/templates/exceptions.o
                                                  src/ASF/sam/utils/cmsis/sam3x/source/templates/gcc/startup_sam3x.o
PIOA_Handler                                      src/ASF/sam/drivers/pio/pio_handler.o
                                                  src/ASF/sam/utils/cmsis/sam3x/source/templates/gcc/startup_sam3x.o
PIOB_Handler                                      src/ASF/sam/drivers/pio/pio_handler.o
                                                  src/ASF/sam/utils/cmsis/sam3x/source/templates/gcc/startup_sam3x.o
PIOB_init                                         src/main.o
PIOC_Handler                                      src/ASF/sam/drivers/pio/pio_handler.o
                                                  src/ASF/sam/utils/cmsis/sam3x/source/templates/gcc/startup_sam3x.o
PIOD_Handler                                      src/ASF/sam/drivers/pio/pio_handler.o
                                                  src/ASF/sam/utils/cmsis/sam3x/source/templates/gcc/startup_sam3x.o
PMC_Handler                                       src/ASF/sam/utils/cmsis/sam3x/source/templates/exceptions.o
                                                  src/ASF/sam/utils/cmsis/sam3x/source/templates/gcc/startup_sam3x.o
PWM_Handler                                       src/ASF/sam/utils/cmsis/sam3x/source/templates/exceptions.o
                                                  src/ASF/sam/utils/cmsis/sam3x/source/templates/gcc/startup_sam3x.o
PendSV_Handler                                    src/ASF/sam/utils/cmsis/sam3x/source/templates/exceptions.o
                                                  src/ASF/sam/utils/cmsis/sam3x/source/templates/gcc/startup_sam3x.o
RSTC_Handler                                      src/ASF/sam/utils/cmsis/sam3x/source/templates/exceptions.o
                                                  src/ASF/sam/utils/cmsis/sam3x/source/templates/gcc/startup_sam3x.o
RTC_Handler                                       src/ASF/sam/utils/cmsis/sam3x/source/templates/exceptions.o
                                                  src/ASF/sam/utils/cmsis/sam3x/source/templates/gcc/startup_sam3x.o
RTT_Handler                                       src/ASF/sam/utils/cmsis/sam3x/source/templates/exceptions.o
                                                  src/ASF/sam/utils/cmsis/sam3x/source/templates/gcc/startup_sam3x.o
Reset_Handler                                     src/ASF/sam/utils/cmsis/sam3x/source/templates/gcc/startup_sam3x.o
SMC_Handler                                       src/ASF/sam/utils/cmsis/sam3x/source/templates/exceptions.o
                                                  src/ASF/sam/utils/cmsis/sam3x/source/templates/gcc/startup_sam3x.o
SPI0_Handler                                      src/ASF/sam/utils/cmsis/sam3x/source/templates/exceptions.o
                                                  src/ASF/sam/utils/cmsis/sam3x/source/templates/gcc/startup_sam3x.o
SSC_Handler                                       src/ASF/sam/utils/cmsis/sam3x/source/templates/exceptions.o
                                                  src/ASF/sam/utils/cmsis/sam3x/source/templates/gcc/startup_sam3x.o
SUPC_Handler                                      src/ASF/sam/utils/cmsis/sam3x/source/templates/exceptions.o
                                                  src/ASF/sam/utils/cmsis/sam3x/source/templates/gcc/startup_sam3x.o
SVC_Handler                                       src/ASF/sam/utils/cmsis/sam3x/source/templates/exceptions.o
                                                  src/ASF/sam/utils/cmsis/sam3x/source/templates/gcc/startup_sam3x.o
SysTick_Handler                                   src/ASF/sam/utils/cmsis/sam3x/source/templates/exceptions.o
                                                  src/ASF/sam/utils/cmsis/sam3x/source/templates/gcc/startup_sam3x.o
SystemCoreClock                                   src/ASF/sam/utils/cmsis/sam3x/source/templates/system_sam3x.o
SystemCoreClockUpdate                             src/ASF/sam/utils/cmsis/sam3x/source/templates/system_sam3x.o
                                                  src/ASF/common/services/clock/sam3x/sysclk.o
SystemInit                                        src/ASF/sam/utils/cmsis/sam3x/source/templates/system_sam3x.o
TC0_Handler                                       src/ASF/sam/utils/cmsis/sam3x/source/templates/exceptions.o
                                                  src/ASF/sam/utils/cmsis/sam3x/source/templates/gcc/startup_sam3x.o
TC1_Handler                                       src/ASF/sam/utils/cmsis/sam3x/source/templates/exceptions.o
                                                  src/ASF/sam/utils/cmsis/sam3x/source/templates/gcc/startup_sam3x.o
TC2_Handler                                       src/ASF/sam/utils/cmsis/sam3x/source/templates/exceptions.o
                                                  src/ASF/sam/utils/cmsis/sam3x/source/templates/gcc/startup_sam3x.o
TC3_Handler                                       src/ASF/sam/utils/cmsis/sam3x/source/templates/exceptions.o
                                                  src/ASF/sam/utils/cmsis/sam3x/source/templates/gcc/startup_sam3x.o
TC4_Handler                                       src/ASF/sam/utils/cmsis/sam3x/source/templates/exceptions.o
                                                  src/ASF/sam/utils/cmsis/sam3x/source/templates/gcc/startup_sam3x.o
TC5_Handler                                       src/ASF/sam/utils/cmsis/sam3x/source/templates/exceptions.o
                                                  src/ASF/sam/utils/cmsis/sam3x/source/templates/gcc/startup_sam3x.o
TC6_Handler                                       src/ASF/sam/utils/cmsis/sam3x/source/templates/exceptions.o
                                                  src/ASF/sam/utils/cmsis/sam3x/source/templates/gcc/startup_sam3x.o
TC7_Handler                                       src/ASF/sam/utils/cmsis/sam3x/source/templates/exceptions.o
                                                  src/ASF/sam/utils/cmsis/sam3x/source/templates/gcc/startup_sam3x.o
TC8_Handler                                       src/ASF/sam/utils/cmsis/sam3x/source/templates/exceptions.o
                                                  src/ASF/sam/utils/cmsis/sam3x/source/templates/gcc/startup_sam3x.o
TRNG_Handler                                      src/ASF/sam/utils/cmsis/sam3x/source/templates/exceptions.o
                                                  src/ASF/sam/utils/cmsis/sam3x/source/templates/gcc/startup_sam3x.o
TWI0_Handler                                      src/ASF/sam/utils/cmsis/sam3x/source/templates/exceptions.o
                                                  src/ASF/sam/utils/cmsis/sam3x/source/templates/gcc/startup_sam3x.o
TWI1_Handler                                      src/ASF/sam/utils/cmsis/sam3x/source/templates/exceptions.o
                                                  src/ASF/sam/utils/cmsis/sam3x/source/templates/gcc/startup_sam3x.o
UART_Handler                                      src/ASF/sam/utils/cmsis/sam3x/source/templates/exceptions.o
                                                  src/ASF/sam/utils/cmsis/sam3x/source/templates/gcc/startup_sam3x.o
UOTGHS_Handler                                    src/ASF/sam/utils/cmsis/sam3x/source/templates/exceptions.o
                                                  src/ASF/sam/utils/cmsis/sam3x/source/templates/gcc/startup_sam3x.o
USART0_Handler                                    src/ASF/sam/utils/cmsis/sam3x/source/templates/exceptions.o
                                                  src/ASF/sam/utils/cmsis/sam3x/source/templates/gcc/startup_sam3x.o
USART1_Handler                                    src/ASF/sam/utils/cmsis/sam3x/source/templates/exceptions.o
                                                  src/ASF/sam/utils/cmsis/sam3x/source/templates/gcc/startup_sam3x.o
USART2_Handler                                    src/ASF/sam/utils/cmsis/sam3x/source/templates/exceptions.o
                                                  src/ASF/sam/utils/cmsis/sam3x/source/templates/gcc/startup_sam3x.o
USART3_Handler                                    src/ASF/sam/utils/cmsis/sam3x/source/templates/exceptions.o
                                                  src/ASF/sam/utils/cmsis/sam3x/source/templates/gcc/startup_sam3x.o
UsageFault_Handler                                src/ASF/sam/utils/cmsis/sam3x/source/templates/exceptions.o
                                                  src/ASF/sam/utils/cmsis/sam3x/source/templates/gcc/startup_sam3x.o
WDT_Handler                                       src/ASF/sam/utils/cmsis/sam3x/source/templates/exceptions.o
                                                  src/ASF/sam/utils/cmsis/sam3x/source/templates/gcc/startup_sam3x.o
_ITM_deregisterTMCloneTable                       u:/installedapps/atmel/atmel toolchain/arm gcc/native/4.7.3.1029/arm-gnu-toolchain/bin/../lib/gcc/arm-none-eabi/4.7.3/armv7-m/crtbegin.o
_ITM_registerTMCloneTable                         u:/installedapps/atmel/atmel toolchain/arm gcc/native/4.7.3.1029/arm-gnu-toolchain/bin/../lib/gcc/arm-none-eabi/4.7.3/armv7-m/crtbegin.o
_Jv_RegisterClasses                               u:/installedapps/atmel/atmel toolchain/arm gcc/native/4.7.3.1029/arm-gnu-toolchain/bin/../lib/gcc/arm-none-eabi/4.7.3/armv7-m/crtbegin.o
_PathLocale                                       u:/installedapps/atmel/atmel toolchain/arm gcc/native/4.7.3.1029/arm-gnu-toolchain/bin/../lib/gcc/arm-none-eabi/4.7.3/../../../../arm-none-eabi/lib/armv7-m\libc.a(lib_a-locale.o)
__TMC_END__                                       u:/installedapps/atmel/atmel toolchain/arm gcc/native/4.7.3.1029/arm-gnu-toolchain/bin/../lib/gcc/arm-none-eabi/4.7.3/armv7-m/crtend.o
                                                  u:/installedapps/atmel/atmel toolchain/arm gcc/native/4.7.3.1029/arm-gnu-toolchain/bin/../lib/gcc/arm-none-eabi/4.7.3/armv7-m/crtbegin.o
__aeabi_idiv0                                     u:/installedapps/atmel/atmel toolchain/arm gcc/native/4.7.3.1029/arm-gnu-toolchain/bin/../lib/gcc/arm-none-eabi/4.7.3/armv7-m\libgcc.a(_dvmd_tls.o)
__aeabi_ldiv0                                     u:/installedapps/atmel/atmel toolchain/arm gcc/native/4.7.3.1029/arm-gnu-toolchain/bin/../lib/gcc/arm-none-eabi/4.7.3/armv7-m\libgcc.a(_dvmd_tls.o)
                                                  u:/installedapps/atmel/atmel toolchain/arm gcc/native/4.7.3.1029/arm-gnu-toolchain/bin/../lib/gcc/arm-none-eabi/4.7.3/armv7-m\libgcc.a(_aeabi_uldivmod.o)
__aeabi_uldivmod                                  u:/installedapps/atmel/atmel toolchain/arm gcc/native/4.7.3.1029/arm-gnu-toolchain/bin/../lib/gcc/arm-none-eabi/4.7.3/armv7-m\libgcc.a(_aeabi_uldivmod.o)
                                                  u:/installedapps/atmel/atmel toolchain/arm gcc/native/4.7.3.1029/arm-gnu-toolchain/bin/../lib/gcc/arm-none-eabi/4.7.3/../../../../arm-none-eabi/lib/armv7-m\libc.a(lib_a-vfiprintf.o)
__ascii_wctomb                                    u:/installedapps/atmel/atmel toolchain/arm gcc/native/4.7.3.1029/arm-gnu-toolchain/bin/../lib/gcc/arm-none-eabi/4.7.3/../../../../arm-none-eabi/lib/armv7-m\libc.a(lib_a-wctomb_r.o)
__bss_end__                                       u:/installedapps/atmel/atmel toolchain/arm gcc/native/4.7.3.1029/arm-gnu-toolchain/bin/../lib/gcc/arm-none-eabi/4.7.3/../../../../arm-none-eabi/lib/armv7-m/crt0.o
__bss_start__                                     u:/installedapps/atmel/atmel toolchain/arm gcc/native/4.7.3.1029/arm-gnu-toolchain/bin/../lib/gcc/arm-none-eabi/4.7.3/../../../../arm-none-eabi/lib/armv7-m/crt0.o
__call_exitprocs                                  u:/installedapps/atmel/atmel toolchain/arm gcc/native/4.7.3.1029/arm-gnu-toolchain/bin/../lib/gcc/arm-none-eabi/4.7.3/../../../../arm-none-eabi/lib/armv7-m\libc.a(lib_a-__call_atexit.o)
                                                  u:/installedapps/atmel/atmel toolchain/arm gcc/native/4.7.3.1029/arm-gnu-toolchain/bin/../lib/gcc/arm-none-eabi/4.7.3/../../../../arm-none-eabi/lib/armv7-m\libc.a(lib_a-exit.o)
__deregister_frame_info                           u:/installedapps/atmel/atmel toolchain/arm gcc/native/4.7.3.1029/arm-gnu-toolchain/bin/../lib/gcc/arm-none-eabi/4.7.3/armv7-m/crtbegin.o
__divdi3                                          u:/installedapps/atmel/atmel toolchain/arm gcc/native/4.7.3.1029/arm-gnu-toolchain/bin/../lib/gcc/arm-none-eabi/4.7.3/armv7-m\libgcc.a(_divdi3.o)
                                                  u:/installedapps/atmel/atmel toolchain/arm gcc/native/4.7.3.1029/arm-gnu-toolchain/bin/../lib/gcc/arm-none-eabi/4.7.3/armv7-m\libgcc.a(bpabi.o)
__dso_handle                                      u:/installedapps/atmel/atmel toolchain/arm gcc/native/4.7.3.1029/arm-gnu-toolchain/bin/../lib/gcc/arm-none-eabi/4.7.3/armv7-m/crtbegin.o
__fini_array_end                                  u:/installedapps/atmel/atmel toolchain/arm gcc/native/4.7.3.1029/arm-gnu-toolchain/bin/../lib/gcc/arm-none-eabi/4.7.3/../../../../arm-none-eabi/lib/armv7-m\libc.a(lib_a-fini.o)
__fini_array_start                                u:/installedapps/atmel/atmel toolchain/arm gcc/native/4.7.3.1029/arm-gnu-toolchain/bin/../lib/gcc/arm-none-eabi/4.7.3/../../../../arm-none-eabi/lib/armv7-m\libc.a(lib_a-fini.o)
__fp_lock_all                                     u:/installedapps/atmel/atmel toolchain/arm gcc/native/4.7.3.1029/arm-gnu-toolchain/bin/../lib/gcc/arm-none-eabi/4.7.3/../../../../arm-none-eabi/lib/armv7-m\libc.a(lib_a-findfp.o)
__fp_unlock_all                                   u:/installedapps/atmel/atmel toolchain/arm gcc/native/4.7.3.1029/arm-gnu-toolchain/bin/../lib/gcc/arm-none-eabi/4.7.3/../../../../arm-none-eabi/lib/armv7-m\libc.a(lib_a-findfp.o)
__gnu_ldivmod_helper                              u:/installedapps/atmel/atmel toolchain/arm gcc/native/4.7.3.1029/arm-gnu-toolchain/bin/../lib/gcc/arm-none-eabi/4.7.3/armv7-m\libgcc.a(bpabi.o)
__gnu_uldivmod_helper                             u:/installedapps/atmel/atmel toolchain/arm gcc/native/4.7.3.1029/arm-gnu-toolchain/bin/../lib/gcc/arm-none-eabi/4.7.3/armv7-m\libgcc.a(bpabi.o)
                                                  u:/installedapps/atmel/atmel toolchain/arm gcc/native/4.7.3.1029/arm-gnu-toolchain/bin/../lib/gcc/arm-none-eabi/4.7.3/armv7-m\libgcc.a(_aeabi_uldivmod.o)
__init_array_end                                  u:/installedapps/atmel/atmel toolchain/arm gcc/native/4.7.3.1029/arm-gnu-toolchain/bin/../lib/gcc/arm-none-eabi/4.7.3/../../../../arm-none-eabi/lib/armv7-m\libc.a(lib_a-init.o)
__init_array_start                                u:/installedapps/atmel/atmel toolchain/arm gcc/native/4.7.3.1029/arm-gnu-toolchain/bin/../lib/gcc/arm-none-eabi/4.7.3/../../../../arm-none-eabi/lib/armv7-m\libc.a(lib_a-init.o)
__libc_fini                                       u:/installedapps/atmel/atmel toolchain/arm gcc/native/4.7.3.1029/arm-gnu-toolchain/bin/../lib/gcc/arm-none-eabi/4.7.3/../../../../arm-none-eabi/lib/armv7-m\libc.a(lib_a-__call_atexit.o)
__libc_fini_array                                 u:/installedapps/atmel/atmel toolchain/arm gcc/native/4.7.3.1029/arm-gnu-toolchain/bin/../lib/gcc/arm-none-eabi/4.7.3/../../../../arm-none-eabi/lib/armv7-m\libc.a(lib_a-fini.o)
                                                  u:/installedapps/atmel/atmel toolchain/arm gcc/native/4.7.3.1029/arm-gnu-toolchain/bin/../lib/gcc/arm-none-eabi/4.7.3/../../../../arm-none-eabi/lib/armv7-m\libc.a(lib_a-__call_atexit.o)
                                                  u:/installedapps/atmel/atmel toolchain/arm gcc/native/4.7.3.1029/arm-gnu-toolchain/bin/../lib/gcc/arm-none-eabi/4.7.3/../../../../arm-none-eabi/lib/armv7-m/crt0.o
__libc_init_array                                 u:/installedapps/atmel/atmel toolchain/arm gcc/native/4.7.3.1029/arm-gnu-toolchain/bin/../lib/gcc/arm-none-eabi/4.7.3/../../../../arm-none-eabi/lib/armv7-m\libc.a(lib_a-init.o)
                                                  src/ASF/sam/utils/cmsis/sam3x/source/templates/gcc/startup_sam3x.o
                                                  u:/installedapps/atmel/atmel toolchain/arm gcc/native/4.7.3.1029/arm-gnu-toolchain/bin/../lib/gcc/arm-none-eabi/4.7.3/../../../../arm-none-eabi/lib/armv7-m/crt0.o
__locale_charset                                  u:/installedapps/atmel/atmel toolchain/arm gcc/native/4.7.3.1029/arm-gnu-toolchain/bin/../lib/gcc/arm-none-eabi/4.7.3/../../../../arm-none-eabi/lib/armv7-m\libc.a(lib_a-locale.o)
                                                  u:/installedapps/atmel/atmel toolchain/arm gcc/native/4.7.3.1029/arm-gnu-toolchain/bin/../lib/gcc/arm-none-eabi/4.7.3/../../../../arm-none-eabi/lib/armv7-m\libc.a(lib_a-wctomb_r.o)
                                                  u:/installedapps/atmel/atmel toolchain/arm gcc/native/4.7.3.1029/arm-gnu-toolchain/bin/../lib/gcc/arm-none-eabi/4.7.3/../../../../arm-none-eabi/lib/armv7-m\libc.a(lib_a-wcrtomb.o)
__locale_cjk_lang                                 u:/installedapps/atmel/atmel toolchain/arm gcc/native/4.7.3.1029/arm-gnu-toolchain/bin/../lib/gcc/arm-none-eabi/4.7.3/../../../../arm-none-eabi/lib/armv7-m\libc.a(lib_a-locale.o)
__locale_mb_cur_max                               u:/installedapps/atmel/atmel toolchain/arm gcc/native/4.7.3.1029/arm-gnu-toolchain/bin/../lib/gcc/arm-none-eabi/4.7.3/../../../../arm-none-eabi/lib/armv7-m\libc.a(lib_a-locale.o)
                                                  u:/installedapps/atmel/atmel toolchain/arm gcc/native/4.7.3.1029/arm-gnu-toolchain/bin/../lib/gcc/arm-none-eabi/4.7.3/../../../../arm-none-eabi/lib/armv7-m\libc.a(lib_a-fputwc.o)
__locale_msgcharset                               u:/installedapps/atmel/atmel toolchain/arm gcc/native/4.7.3.1029/arm-gnu-toolchain/bin/../lib/gcc/arm-none-eabi/4.7.3/../../../../arm-none-eabi/lib/armv7-m\libc.a(lib_a-locale.o)
__malloc_av_                                      u:/installedapps/atmel/atmel toolchain/arm gcc/native/4.7.3.1029/arm-gnu-toolchain/bin/../lib/gcc/arm-none-eabi/4.7.3/../../../../arm-none-eabi/lib/armv7-m\libc.a(lib_a-mallocr.o)
                                                  u:/installedapps/atmel/atmel toolchain/arm gcc/native/4.7.3.1029/arm-gnu-toolchain/bin/../lib/gcc/arm-none-eabi/4.7.3/../../../../arm-none-eabi/lib/armv7-m\libc.a(lib_a-reallocr.o)
                                                  u:/installedapps/atmel/atmel toolchain/arm gcc/native/4.7.3.1029/arm-gnu-toolchain/bin/../lib/gcc/arm-none-eabi/4.7.3/../../../../arm-none-eabi/lib/armv7-m\libc.a(lib_a-freer.o)
__malloc_current_mallinfo                         u:/installedapps/atmel/atmel toolchain/arm gcc/native/4.7.3.1029/arm-gnu-toolchain/bin/../lib/gcc/arm-none-eabi/4.7.3/../../../../arm-none-eabi/lib/armv7-m\libc.a(lib_a-mallocr.o)
                                                  u:/installedapps/atmel/atmel toolchain/arm gcc/native/4.7.3.1029/arm-gnu-toolchain/bin/../lib/gcc/arm-none-eabi/4.7.3/../../../../arm-none-eabi/lib/armv7-m\libc.a(lib_a-freer.o)
__malloc_lock                                     u:/installedapps/atmel/atmel toolchain/arm gcc/native/4.7.3.1029/arm-gnu-toolchain/bin/../lib/gcc/arm-none-eabi/4.7.3/../../../../arm-none-eabi/lib/armv7-m\libc.a(lib_a-mlock.o)
                                                  u:/installedapps/atmel/atmel toolchain/arm gcc/native/4.7.3.1029/arm-gnu-toolchain/bin/../lib/gcc/arm-none-eabi/4.7.3/../../../../arm-none-eabi/lib/armv7-m\libc.a(lib_a-reallocr.o)
                                                  u:/installedapps/atmel/atmel toolchain/arm gcc/native/4.7.3.1029/arm-gnu-toolchain/bin/../lib/gcc/arm-none-eabi/4.7.3/../../../../arm-none-eabi/lib/armv7-m\libc.a(lib_a-mallocr.o)
                                                  u:/installedapps/atmel/atmel toolchain/arm gcc/native/4.7.3.1029/arm-gnu-toolchain/bin/../lib/gcc/arm-none-eabi/4.7.3/../../../../arm-none-eabi/lib/armv7-m\libc.a(lib_a-freer.o)
__malloc_max_sbrked_mem                           u:/installedapps/atmel/atmel toolchain/arm gcc/native/4.7.3.1029/arm-gnu-toolchain/bin/../lib/gcc/arm-none-eabi/4.7.3/../../../../arm-none-eabi/lib/armv7-m\libc.a(lib_a-mallocr.o)
__malloc_max_total_mem                            u:/installedapps/atmel/atmel toolchain/arm gcc/native/4.7.3.1029/arm-gnu-toolchain/bin/../lib/gcc/arm-none-eabi/4.7.3/../../../../arm-none-eabi/lib/armv7-m\libc.a(lib_a-mallocr.o)
__malloc_sbrk_base                                u:/installedapps/atmel/atmel toolchain/arm gcc/native/4.7.3.1029/arm-gnu-toolchain/bin/../lib/gcc/arm-none-eabi/4.7.3/../../../../arm-none-eabi/lib/armv7-m\libc.a(lib_a-mallocr.o)
                                                  u:/installedapps/atmel/atmel toolchain/arm gcc/native/4.7.3.1029/arm-gnu-toolchain/bin/../lib/gcc/arm-none-eabi/4.7.3/../../../../arm-none-eabi/lib/armv7-m\libc.a(lib_a-freer.o)
__malloc_top_pad                                  u:/installedapps/atmel/atmel toolchain/arm gcc/native/4.7.3.1029/arm-gnu-toolchain/bin/../lib/gcc/arm-none-eabi/4.7.3/../../../../arm-none-eabi/lib/armv7-m\libc.a(lib_a-mallocr.o)
                                                  u:/installedapps/atmel/atmel toolchain/arm gcc/native/4.7.3.1029/arm-gnu-toolchain/bin/../lib/gcc/arm-none-eabi/4.7.3/../../../../arm-none-eabi/lib/armv7-m\libc.a(lib_a-freer.o)
__malloc_trim_threshold                           u:/installedapps/atmel/atmel toolchain/arm gcc/native/4.7.3.1029/arm-gnu-toolchain/bin/../lib/gcc/arm-none-eabi/4.7.3/../../../../arm-none-eabi/lib/armv7-m\libc.a(lib_a-mallocr.o)
                                                  u:/installedapps/atmel/atmel toolchain/arm gcc/native/4.7.3.1029/arm-gnu-toolchain/bin/../lib/gcc/arm-none-eabi/4.7.3/../../../../arm-none-eabi/lib/armv7-m\libc.a(lib_a-freer.o)
__malloc_unlock                                   u:/installedapps/atmel/atmel toolchain/arm gcc/native/4.7.3.1029/arm-gnu-toolchain/bin/../lib/gcc/arm-none-eabi/4.7.3/../../../../arm-none-eabi/lib/armv7-m\libc.a(lib_a-mlock.o)
                                                  u:/installedapps/atmel/atmel toolchain/arm gcc/native/4.7.3.1029/arm-gnu-toolchain/bin/../lib/gcc/arm-none-eabi/4.7.3/../../../../arm-none-eabi/lib/armv7-m\libc.a(lib_a-reallocr.o)
                                                  u:/installedapps/atmel/atmel toolchain/arm gcc/native/4.7.3.1029/arm-gnu-toolchain/bin/../lib/gcc/arm-none-eabi/4.7.3/../../../../arm-none-eabi/lib/armv7-m\libc.a(lib_a-mallocr.o)
                                                  u:/installedapps/atmel/atmel toolchain/arm gcc/native/4.7.3.1029/arm-gnu-toolchain/bin/../lib/gcc/arm-none-eabi/4.7.3/../../../../arm-none-eabi/lib/armv7-m\libc.a(lib_a-freer.o)
__mb_cur_max                                      u:/installedapps/atmel/atmel toolchain/arm gcc/native/4.7.3.1029/arm-gnu-toolchain/bin/../lib/gcc/arm-none-eabi/4.7.3/../../../../arm-none-eabi/lib/armv7-m\libc.a(lib_a-locale.o)
__mlocale_changed                                 u:/installedapps/atmel/atmel toolchain/arm gcc/native/4.7.3.1029/arm-gnu-toolchain/bin/../lib/gcc/arm-none-eabi/4.7.3/../../../../arm-none-eabi/lib/armv7-m\libc.a(lib_a-locale.o)
__nlocale_changed                                 u:/installedapps/atmel/atmel toolchain/arm gcc/native/4.7.3.1029/arm-gnu-toolchain/bin/../lib/gcc/arm-none-eabi/4.7.3/../../../../arm-none-eabi/lib/armv7-m\libc.a(lib_a-locale.o)
__preinit_array_end                               u:/installedapps/atmel/atmel toolchain/arm gcc/native/4.7.3.1029/arm-gnu-toolchain/bin/../lib/gcc/arm-none-eabi/4.7.3/../../../../arm-none-eabi/lib/armv7-m\libc.a(lib_a-init.o)
__preinit_array_start                             u:/installedapps/atmel/atmel toolchain/arm gcc/native/4.7.3.1029/arm-gnu-toolchain/bin/../lib/gcc/arm-none-eabi/4.7.3/../../../../arm-none-eabi/lib/armv7-m\libc.a(lib_a-init.o)
__register_exitproc                               u:/installedapps/atmel/atmel toolchain/arm gcc/native/4.7.3.1029/arm-gnu-toolchain/bin/../lib/gcc/arm-none-eabi/4.7.3/../../../../arm-none-eabi/lib/armv7-m\libc.a(lib_a-__atexit.o)
                                                  u:/installedapps/atmel/atmel toolchain/arm gcc/native/4.7.3.1029/arm-gnu-toolchain/bin/../lib/gcc/arm-none-eabi/4.7.3/../../../../arm-none-eabi/lib/armv7-m\libc.a(lib_a-atexit.o)
                                                  u:/installedapps/atmel/atmel toolchain/arm gcc/native/4.7.3.1029/arm-gnu-toolchain/bin/../lib/gcc/arm-none-eabi/4.7.3/../../../../arm-none-eabi/lib/armv7-m/crt0.o
__register_frame_info                             u:/installedapps/atmel/atmel toolchain/arm gcc/native/4.7.3.1029/arm-gnu-toolchain/bin/../lib/gcc/arm-none-eabi/4.7.3/armv7-m/crtbegin.o
__sclose                                          u:/installedapps/atmel/atmel toolchain/arm gcc/native/4.7.3.1029/arm-gnu-toolchain/bin/../lib/gcc/arm-none-eabi/4.7.3/../../../../arm-none-eabi/lib/armv7-m\libc.a(lib_a-stdio.o)
                                                  u:/installedapps/atmel/atmel toolchain/arm gcc/native/4.7.3.1029/arm-gnu-toolchain/bin/../lib/gcc/arm-none-eabi/4.7.3/../../../../arm-none-eabi/lib/armv7-m\libc.a(lib_a-findfp.o)
__seofread                                        u:/installedapps/atmel/atmel toolchain/arm gcc/native/4.7.3.1029/arm-gnu-toolchain/bin/../lib/gcc/arm-none-eabi/4.7.3/../../../../arm-none-eabi/lib/armv7-m\libc.a(lib_a-stdio.o)
__sfmoreglue                                      u:/installedapps/atmel/atmel toolchain/arm gcc/native/4.7.3.1029/arm-gnu-toolchain/bin/../lib/gcc/arm-none-eabi/4.7.3/../../../../arm-none-eabi/lib/armv7-m\libc.a(lib_a-findfp.o)
__sfp                                             u:/installedapps/atmel/atmel toolchain/arm gcc/native/4.7.3.1029/arm-gnu-toolchain/bin/../lib/gcc/arm-none-eabi/4.7.3/../../../../arm-none-eabi/lib/armv7-m\libc.a(lib_a-findfp.o)
__sfp_lock_acquire                                u:/installedapps/atmel/atmel toolchain/arm gcc/native/4.7.3.1029/arm-gnu-toolchain/bin/../lib/gcc/arm-none-eabi/4.7.3/../../../../arm-none-eabi/lib/armv7-m\libc.a(lib_a-findfp.o)
                                                  u:/installedapps/atmel/atmel toolchain/arm gcc/native/4.7.3.1029/arm-gnu-toolchain/bin/../lib/gcc/arm-none-eabi/4.7.3/../../../../arm-none-eabi/lib/armv7-m\libc.a(lib_a-fclose.o)
                                                  u:/installedapps/atmel/atmel toolchain/arm gcc/native/4.7.3.1029/arm-gnu-toolchain/bin/../lib/gcc/arm-none-eabi/4.7.3/../../../../arm-none-eabi/lib/armv7-m\libc.a(lib_a-fwalk.o)
__sfp_lock_release                                u:/installedapps/atmel/atmel toolchain/arm gcc/native/4.7.3.1029/arm-gnu-toolchain/bin/../lib/gcc/arm-none-eabi/4.7.3/../../../../arm-none-eabi/lib/armv7-m\libc.a(lib_a-findfp.o)
                                                  u:/installedapps/atmel/atmel toolchain/arm gcc/native/4.7.3.1029/arm-gnu-toolchain/bin/../lib/gcc/arm-none-eabi/4.7.3/../../../../arm-none-eabi/lib/armv7-m\libc.a(lib_a-fclose.o)
                                                  u:/installedapps/atmel/atmel toolchain/arm gcc/native/4.7.3.1029/arm-gnu-toolchain/bin/../lib/gcc/arm-none-eabi/4.7.3/../../../../arm-none-eabi/lib/armv7-m\libc.a(lib_a-fwalk.o)
__sfvwrite_r                                      u:/installedapps/atmel/atmel toolchain/arm gcc/native/4.7.3.1029/arm-gnu-toolchain/bin/../lib/gcc/arm-none-eabi/4.7.3/../../../../arm-none-eabi/lib/armv7-m\libc.a(lib_a-fvwrite.o)
                                                  u:/installedapps/atmel/atmel toolchain/arm gcc/native/4.7.3.1029/arm-gnu-toolchain/bin/../lib/gcc/arm-none-eabi/4.7.3/../../../../arm-none-eabi/lib/armv7-m\libc.a(lib_a-vfiprintf.o)
__sinit                                           u:/installedapps/atmel/atmel toolchain/arm gcc/native/4.7.3.1029/arm-gnu-toolchain/bin/../lib/gcc/arm-none-eabi/4.7.3/../../../../arm-none-eabi/lib/armv7-m\libc.a(lib_a-findfp.o)
                                                  u:/installedapps/atmel/atmel toolchain/arm gcc/native/4.7.3.1029/arm-gnu-toolchain/bin/../lib/gcc/arm-none-eabi/4.7.3/../../../../arm-none-eabi/lib/armv7-m\libc.a(lib_a-fclose.o)
                                                  u:/installedapps/atmel/atmel toolchain/arm gcc/native/4.7.3.1029/arm-gnu-toolchain/bin/../lib/gcc/arm-none-eabi/4.7.3/../../../../arm-none-eabi/lib/armv7-m\libc.a(lib_a-wbuf.o)
                                                  u:/installedapps/atmel/atmel toolchain/arm gcc/native/4.7.3.1029/arm-gnu-toolchain/bin/../lib/gcc/arm-none-eabi/4.7.3/../../../../arm-none-eabi/lib/armv7-m\libc.a(lib_a-fputwc.o)
                                                  u:/installedapps/atmel/atmel toolchain/arm gcc/native/4.7.3.1029/arm-gnu-toolchain/bin/../lib/gcc/arm-none-eabi/4.7.3/../../../../arm-none-eabi/lib/armv7-m\libc.a(lib_a-fflush.o)
                                                  u:/installedapps/atmel/atmel toolchain/arm gcc/native/4.7.3.1029/arm-gnu-toolchain/bin/../lib/gcc/arm-none-eabi/4.7.3/../../../../arm-none-eabi/lib/armv7-m\libc.a(lib_a-wsetup.o)
                                                  u:/installedapps/atmel/atmel toolchain/arm gcc/native/4.7.3.1029/arm-gnu-toolchain/bin/../lib/gcc/arm-none-eabi/4.7.3/../../../../arm-none-eabi/lib/armv7-m\libc.a(lib_a-vfiprintf.o)
__sinit_lock_acquire                              u:/installedapps/atmel/atmel toolchain/arm gcc/native/4.7.3.1029/arm-gnu-toolchain/bin/../lib/gcc/arm-none-eabi/4.7.3/../../../../arm-none-eabi/lib/armv7-m\libc.a(lib_a-findfp.o)
__sinit_lock_release                              u:/installedapps/atmel/atmel toolchain/arm gcc/native/4.7.3.1029/arm-gnu-toolchain/bin/../lib/gcc/arm-none-eabi/4.7.3/../../../../arm-none-eabi/lib/armv7-m\libc.a(lib_a-findfp.o)
__smakebuf_r                                      u:/installedapps/atmel/atmel toolchain/arm gcc/native/4.7.3.1029/arm-gnu-toolchain/bin/../lib/gcc/arm-none-eabi/4.7.3/../../../../arm-none-eabi/lib/armv7-m\libc.a(lib_a-makebuf.o)
                                                  u:/installedapps/atmel/atmel toolchain/arm gcc/native/4.7.3.1029/arm-gnu-toolchain/bin/../lib/gcc/arm-none-eabi/4.7.3/../../../../arm-none-eabi/lib/armv7-m\libc.a(lib_a-wsetup.o)
__sprint_r                                        u:/installedapps/atmel/atmel toolchain/arm gcc/native/4.7.3.1029/arm-gnu-toolchain/bin/../lib/gcc/arm-none-eabi/4.7.3/../../../../arm-none-eabi/lib/armv7-m\libc.a(lib_a-vfiprintf.o)
__sread                                           u:/installedapps/atmel/atmel toolchain/arm gcc/native/4.7.3.1029/arm-gnu-toolchain/bin/../lib/gcc/arm-none-eabi/4.7.3/../../../../arm-none-eabi/lib/armv7-m\libc.a(lib_a-stdio.o)
                                                  u:/installedapps/atmel/atmel toolchain/arm gcc/native/4.7.3.1029/arm-gnu-toolchain/bin/../lib/gcc/arm-none-eabi/4.7.3/../../../../arm-none-eabi/lib/armv7-m\libc.a(lib_a-findfp.o)
__sseek                                           u:/installedapps/atmel/atmel toolchain/arm gcc/native/4.7.3.1029/arm-gnu-toolchain/bin/../lib/gcc/arm-none-eabi/4.7.3/../../../../arm-none-eabi/lib/armv7-m\libc.a(lib_a-stdio.o)
                                                  u:/installedapps/atmel/atmel toolchain/arm gcc/native/4.7.3.1029/arm-gnu-toolchain/bin/../lib/gcc/arm-none-eabi/4.7.3/../../../../arm-none-eabi/lib/armv7-m\libc.a(lib_a-makebuf.o)
                                                  u:/installedapps/atmel/atmel toolchain/arm gcc/native/4.7.3.1029/arm-gnu-toolchain/bin/../lib/gcc/arm-none-eabi/4.7.3/../../../../arm-none-eabi/lib/armv7-m\libc.a(lib_a-findfp.o)
__stack                                           u:/installedapps/atmel/atmel toolchain/arm gcc/native/4.7.3.1029/arm-gnu-toolchain/bin/../lib/gcc/arm-none-eabi/4.7.3/../../../../arm-none-eabi/lib/armv7-m/crt0.o
__swbuf                                           u:/installedapps/atmel/atmel toolchain/arm gcc/native/4.7.3.1029/arm-gnu-toolchain/bin/../lib/gcc/arm-none-eabi/4.7.3/../../../../arm-none-eabi/lib/armv7-m\libc.a(lib_a-wbuf.o)
__swbuf_r                                         u:/installedapps/atmel/atmel toolchain/arm gcc/native/4.7.3.1029/arm-gnu-toolchain/bin/../lib/gcc/arm-none-eabi/4.7.3/../../../../arm-none-eabi/lib/armv7-m\libc.a(lib_a-wbuf.o)
                                                  u:/installedapps/atmel/atmel toolchain/arm gcc/native/4.7.3.1029/arm-gnu-toolchain/bin/../lib/gcc/arm-none-eabi/4.7.3/../../../../arm-none-eabi/lib/armv7-m\libc.a(lib_a-fputwc.o)
__swrite                                          u:/installedapps/atmel/atmel toolchain/arm gcc/native/4.7.3.1029/arm-gnu-toolchain/bin/../lib/gcc/arm-none-eabi/4.7.3/../../../../arm-none-eabi/lib/armv7-m\libc.a(lib_a-stdio.o)
                                                  u:/installedapps/atmel/atmel toolchain/arm gcc/native/4.7.3.1029/arm-gnu-toolchain/bin/../lib/gcc/arm-none-eabi/4.7.3/../../../../arm-none-eabi/lib/armv7-m\libc.a(lib_a-findfp.o)
__swsetup_r                                       u:/installedapps/atmel/atmel toolchain/arm gcc/native/4.7.3.1029/arm-gnu-toolchain/bin/../lib/gcc/arm-none-eabi/4.7.3/../../../../arm-none-eabi/lib/armv7-m\libc.a(lib_a-wsetup.o)
                                                  u:/installedapps/atmel/atmel toolchain/arm gcc/native/4.7.3.1029/arm-gnu-toolchain/bin/../lib/gcc/arm-none-eabi/4.7.3/../../../../arm-none-eabi/lib/armv7-m\libc.a(lib_a-wbuf.o)
                                                  u:/installedapps/atmel/atmel toolchain/arm gcc/native/4.7.3.1029/arm-gnu-toolchain/bin/../lib/gcc/arm-none-eabi/4.7.3/../../../../arm-none-eabi/lib/armv7-m\libc.a(lib_a-fvwrite.o)
                                                  u:/installedapps/atmel/atmel toolchain/arm gcc/native/4.7.3.1029/arm-gnu-toolchain/bin/../lib/gcc/arm-none-eabi/4.7.3/../../../../arm-none-eabi/lib/armv7-m\libc.a(lib_a-vfiprintf.o)
__udivdi3                                         u:/installedapps/atmel/atmel toolchain/arm gcc/native/4.7.3.1029/arm-gnu-toolchain/bin/../lib/gcc/arm-none-eabi/4.7.3/armv7-m\libgcc.a(_udivdi3.o)
                                                  u:/installedapps/atmel/atmel toolchain/arm gcc/native/4.7.3.1029/arm-gnu-toolchain/bin/../lib/gcc/arm-none-eabi/4.7.3/armv7-m\libgcc.a(bpabi.o)
__wctomb                                          u:/installedapps/atmel/atmel toolchain/arm gcc/native/4.7.3.1029/arm-gnu-toolchain/bin/../lib/gcc/arm-none-eabi/4.7.3/../../../../arm-none-eabi/lib/armv7-m\libc.a(lib_a-wctomb_r.o)
                                                  u:/installedapps/atmel/atmel toolchain/arm gcc/native/4.7.3.1029/arm-gnu-toolchain/bin/../lib/gcc/arm-none-eabi/4.7.3/../../../../arm-none-eabi/lib/armv7-m\libc.a(lib_a-wcrtomb.o)
_cleanup                                          u:/installedapps/atmel/atmel toolchain/arm gcc/native/4.7.3.1029/arm-gnu-toolchain/bin/../lib/gcc/arm-none-eabi/4.7.3/../../../../arm-none-eabi/lib/armv7-m\libc.a(lib_a-findfp.o)
_cleanup_r                                        u:/installedapps/atmel/atmel toolchain/arm gcc/native/4.7.3.1029/arm-gnu-toolchain/bin/../lib/gcc/arm-none-eabi/4.7.3/../../../../arm-none-eabi/lib/armv7-m\libc.a(lib_a-findfp.o)
                                                  u:/installedapps/atmel/atmel toolchain/arm gcc/native/4.7.3.1029/arm-gnu-toolchain/bin/../lib/gcc/arm-none-eabi/4.7.3/../../../../arm-none-eabi/lib/armv7-m\libc.a(lib_a-makebuf.o)
_close                                            src/ASF/sam/utils/syscalls/gcc/syscalls.o
                                                  u:/installedapps/atmel/atmel toolchain/arm gcc/native/4.7.3.1029/arm-gnu-toolchain/bin/../lib/gcc/arm-none-eabi/4.7.3/../../../../arm-none-eabi/lib/armv7-m\libc.a(lib_a-closer.o)
_close_r                                          u:/installedapps/atmel/atmel toolchain/arm gcc/native/4.7.3.1029/arm-gnu-toolchain/bin/../lib/gcc/arm-none-eabi/4.7.3/../../../../arm-none-eabi/lib/armv7-m\libc.a(lib_a-closer.o)
                                                  u:/installedapps/atmel/atmel toolchain/arm gcc/native/4.7.3.1029/arm-gnu-toolchain/bin/../lib/gcc/arm-none-eabi/4.7.3/../../../../arm-none-eabi/lib/armv7-m\libc.a(lib_a-stdio.o)
_end                                              src/ASF/sam/utils/syscalls/gcc/syscalls.o
_erelocate                                        src/ASF/sam/utils/cmsis/sam3x/source/templates/gcc/startup_sam3x.o
_estack                                           src/ASF/sam/utils/cmsis/sam3x/source/templates/gcc/startup_sam3x.o
_etext                                            src/ASF/sam/utils/cmsis/sam3x/source/templates/gcc/startup_sam3x.o
_exit                                             src/ASF/sam/utils/syscalls/gcc/syscalls.o
                                                  u:/installedapps/atmel/atmel toolchain/arm gcc/native/4.7.3.1029/arm-gnu-toolchain/bin/../lib/gcc/arm-none-eabi/4.7.3/../../../../arm-none-eabi/lib/armv7-m\libc.a(lib_a-exit.o)
_ezero                                            src/ASF/sam/utils/cmsis/sam3x/source/templates/gcc/startup_sam3x.o
_fclose_r                                         u:/installedapps/atmel/atmel toolchain/arm gcc/native/4.7.3.1029/arm-gnu-toolchain/bin/../lib/gcc/arm-none-eabi/4.7.3/../../../../arm-none-eabi/lib/armv7-m\libc.a(lib_a-fclose.o)
_fflush_r                                         u:/installedapps/atmel/atmel toolchain/arm gcc/native/4.7.3.1029/arm-gnu-toolchain/bin/../lib/gcc/arm-none-eabi/4.7.3/../../../../arm-none-eabi/lib/armv7-m\libc.a(lib_a-fflush.o)
                                                  u:/installedapps/atmel/atmel toolchain/arm gcc/native/4.7.3.1029/arm-gnu-toolchain/bin/../lib/gcc/arm-none-eabi/4.7.3/../../../../arm-none-eabi/lib/armv7-m\libc.a(lib_a-fclose.o)
                                                  u:/installedapps/atmel/atmel toolchain/arm gcc/native/4.7.3.1029/arm-gnu-toolchain/bin/../lib/gcc/arm-none-eabi/4.7.3/../../../../arm-none-eabi/lib/armv7-m\libc.a(lib_a-wbuf.o)
                                                  u:/installedapps/atmel/atmel toolchain/arm gcc/native/4.7.3.1029/arm-gnu-toolchain/bin/../lib/gcc/arm-none-eabi/4.7.3/../../../../arm-none-eabi/lib/armv7-m\libc.a(lib_a-fvwrite.o)
                                                  u:/installedapps/atmel/atmel toolchain/arm gcc/native/4.7.3.1029/arm-gnu-toolchain/bin/../lib/gcc/arm-none-eabi/4.7.3/../../../../arm-none-eabi/lib/armv7-m\libc.a(lib_a-vfiprintf.o)
_fini                                             u:/installedapps/atmel/atmel toolchain/arm gcc/native/4.7.3.1029/arm-gnu-toolchain/bin/../lib/gcc/arm-none-eabi/4.7.3/armv7-m/crti.o
                                                  u:/installedapps/atmel/atmel toolchain/arm gcc/native/4.7.3.1029/arm-gnu-toolchain/bin/../lib/gcc/arm-none-eabi/4.7.3/../../../../arm-none-eabi/lib/armv7-m\libc.a(lib_a-fini.o)
_fputwc_r                                         u:/installedapps/atmel/atmel toolchain/arm gcc/native/4.7.3.1029/arm-gnu-toolchain/bin/../lib/gcc/arm-none-eabi/4.7.3/../../../../arm-none-eabi/lib/armv7-m\libc.a(lib_a-fputwc.o)
                                                  u:/installedapps/atmel/atmel toolchain/arm gcc/native/4.7.3.1029/arm-gnu-toolchain/bin/../lib/gcc/arm-none-eabi/4.7.3/../../../../arm-none-eabi/lib/armv7-m\libc.a(lib_a-vfiprintf.o)
_free_r                                           u:/installedapps/atmel/atmel toolchain/arm gcc/native/4.7.3.1029/arm-gnu-toolchain/bin/../lib/gcc/arm-none-eabi/4.7.3/../../../../arm-none-eabi/lib/armv7-m\libc.a(lib_a-freer.o)
                                                  u:/installedapps/atmel/atmel toolchain/arm gcc/native/4.7.3.1029/arm-gnu-toolchain/bin/../lib/gcc/arm-none-eabi/4.7.3/../../../../arm-none-eabi/lib/armv7-m\libc.a(lib_a-reent.o)
                                                  u:/installedapps/atmel/atmel toolchain/arm gcc/native/4.7.3.1029/arm-gnu-toolchain/bin/../lib/gcc/arm-none-eabi/4.7.3/../../../../arm-none-eabi/lib/armv7-m\libc.a(lib_a-fclose.o)
                                                  u:/installedapps/atmel/atmel toolchain/arm gcc/native/4.7.3.1029/arm-gnu-toolchain/bin/../lib/gcc/arm-none-eabi/4.7.3/../../../../arm-none-eabi/lib/armv7-m\libc.a(lib_a-reallocr.o)
                                                  u:/installedapps/atmel/atmel toolchain/arm gcc/native/4.7.3.1029/arm-gnu-toolchain/bin/../lib/gcc/arm-none-eabi/4.7.3/../../../../arm-none-eabi/lib/armv7-m\libc.a(lib_a-mallocr.o)
                                                  u:/installedapps/atmel/atmel toolchain/arm gcc/native/4.7.3.1029/arm-gnu-toolchain/bin/../lib/gcc/arm-none-eabi/4.7.3/../../../../arm-none-eabi/lib/armv7-m\libc.a(lib_a-fvwrite.o)
                                                  u:/installedapps/atmel/atmel toolchain/arm gcc/native/4.7.3.1029/arm-gnu-toolchain/bin/../lib/gcc/arm-none-eabi/4.7.3/../../../../arm-none-eabi/lib/armv7-m\libc.a(lib_a-fflush.o)
                                                  u:/installedapps/atmel/atmel toolchain/arm gcc/native/4.7.3.1029/arm-gnu-toolchain/bin/../lib/gcc/arm-none-eabi/4.7.3/../../../../arm-none-eabi/lib/armv7-m\libc.a(lib_a-wsetup.o)
_fstat                                            src/ASF/sam/utils/syscalls/gcc/syscalls.o
                                                  u:/installedapps/atmel/atmel toolchain/arm gcc/native/4.7.3.1029/arm-gnu-toolchain/bin/../lib/gcc/arm-none-eabi/4.7.3/../../../../arm-none-eabi/lib/armv7-m\libc.a(lib_a-fstatr.o)
_fstat_r                                          u:/installedapps/atmel/atmel toolchain/arm gcc/native/4.7.3.1029/arm-gnu-toolchain/bin/../lib/gcc/arm-none-eabi/4.7.3/../../../../arm-none-eabi/lib/armv7-m\libc.a(lib_a-fstatr.o)
                                                  u:/installedapps/atmel/atmel toolchain/arm gcc/native/4.7.3.1029/arm-gnu-toolchain/bin/../lib/gcc/arm-none-eabi/4.7.3/../../../../arm-none-eabi/lib/armv7-m\libc.a(lib_a-makebuf.o)
_fwalk                                            u:/installedapps/atmel/atmel toolchain/arm gcc/native/4.7.3.1029/arm-gnu-toolchain/bin/../lib/gcc/arm-none-eabi/4.7.3/../../../../arm-none-eabi/lib/armv7-m\libc.a(lib_a-fwalk.o)
                                                  u:/installedapps/atmel/atmel toolchain/arm gcc/native/4.7.3.1029/arm-gnu-toolchain/bin/../lib/gcc/arm-none-eabi/4.7.3/../../../../arm-none-eabi/lib/armv7-m\libc.a(lib_a-findfp.o)
_fwalk_reent                                      u:/installedapps/atmel/atmel toolchain/arm gcc/native/4.7.3.1029/arm-gnu-toolchain/bin/../lib/gcc/arm-none-eabi/4.7.3/../../../../arm-none-eabi/lib/armv7-m\libc.a(lib_a-fwalk.o)
                                                  u:/installedapps/atmel/atmel toolchain/arm gcc/native/4.7.3.1029/arm-gnu-toolchain/bin/../lib/gcc/arm-none-eabi/4.7.3/../../../../arm-none-eabi/lib/armv7-m\libc.a(lib_a-fflush.o)
_getpid                                           src/ASF/sam/utils/syscalls/gcc/syscalls.o
_global_impure_ptr                                u:/installedapps/atmel/atmel toolchain/arm gcc/native/4.7.3.1029/arm-gnu-toolchain/bin/../lib/gcc/arm-none-eabi/4.7.3/../../../../arm-none-eabi/lib/armv7-m\libc.a(lib_a-impure.o)
                                                  u:/installedapps/atmel/atmel toolchain/arm gcc/native/4.7.3.1029/arm-gnu-toolchain/bin/../lib/gcc/arm-none-eabi/4.7.3/../../../../arm-none-eabi/lib/armv7-m\libc.a(lib_a-findfp.o)
                                                  u:/installedapps/atmel/atmel toolchain/arm gcc/native/4.7.3.1029/arm-gnu-toolchain/bin/../lib/gcc/arm-none-eabi/4.7.3/../../../../arm-none-eabi/lib/armv7-m\libc.a(lib_a-fflush.o)
                                                  u:/installedapps/atmel/atmel toolchain/arm gcc/native/4.7.3.1029/arm-gnu-toolchain/bin/../lib/gcc/arm-none-eabi/4.7.3/../../../../arm-none-eabi/lib/armv7-m\libc.a(lib_a-__call_atexit.o)
                                                  u:/installedapps/atmel/atmel toolchain/arm gcc/native/4.7.3.1029/arm-gnu-toolchain/bin/../lib/gcc/arm-none-eabi/4.7.3/../../../../arm-none-eabi/lib/armv7-m\libc.a(lib_a-exit.o)
                                                  u:/installedapps/atmel/atmel toolchain/arm gcc/native/4.7.3.1029/arm-gnu-toolchain/bin/../lib/gcc/arm-none-eabi/4.7.3/../../../../arm-none-eabi/lib/armv7-m\libc.a(lib_a-__atexit.o)
_impure_ptr                                       u:/installedapps/atmel/atmel toolchain/arm gcc/native/4.7.3.1029/arm-gnu-toolchain/bin/../lib/gcc/arm-none-eabi/4.7.3/../../../../arm-none-eabi/lib/armv7-m\libc.a(lib_a-impure.o)
                                                  u:/installedapps/atmel/atmel toolchain/arm gcc/native/4.7.3.1029/arm-gnu-toolchain/bin/../lib/gcc/arm-none-eabi/4.7.3/../../../../arm-none-eabi/lib/armv7-m\libc.a(lib_a-reent.o)
                                                  u:/installedapps/atmel/atmel toolchain/arm gcc/native/4.7.3.1029/arm-gnu-toolchain/bin/../lib/gcc/arm-none-eabi/4.7.3/../../../../arm-none-eabi/lib/armv7-m\libc.a(lib_a-fclose.o)
                                                  u:/installedapps/atmel/atmel toolchain/arm gcc/native/4.7.3.1029/arm-gnu-toolchain/bin/../lib/gcc/arm-none-eabi/4.7.3/../../../../arm-none-eabi/lib/armv7-m\libc.a(lib_a-wcrtomb.o)
                                                  u:/installedapps/atmel/atmel toolchain/arm gcc/native/4.7.3.1029/arm-gnu-toolchain/bin/../lib/gcc/arm-none-eabi/4.7.3/../../../../arm-none-eabi/lib/armv7-m\libc.a(lib_a-wbuf.o)
                                                  u:/installedapps/atmel/atmel toolchain/arm gcc/native/4.7.3.1029/arm-gnu-toolchain/bin/../lib/gcc/arm-none-eabi/4.7.3/../../../../arm-none-eabi/lib/armv7-m\libc.a(lib_a-locale.o)
                                                  u:/installedapps/atmel/atmel toolchain/arm gcc/native/4.7.3.1029/arm-gnu-toolchain/bin/../lib/gcc/arm-none-eabi/4.7.3/../../../../arm-none-eabi/lib/armv7-m\libc.a(lib_a-fputwc.o)
                                                  u:/installedapps/atmel/atmel toolchain/arm gcc/native/4.7.3.1029/arm-gnu-toolchain/bin/../lib/gcc/arm-none-eabi/4.7.3/../../../../arm-none-eabi/lib/armv7-m\libc.a(lib_a-findfp.o)
                                                  u:/installedapps/atmel/atmel toolchain/arm gcc/native/4.7.3.1029/arm-gnu-toolchain/bin/../lib/gcc/arm-none-eabi/4.7.3/../../../../arm-none-eabi/lib/armv7-m\libc.a(lib_a-fflush.o)
                                                  u:/installedapps/atmel/atmel toolchain/arm gcc/native/4.7.3.1029/arm-gnu-toolchain/bin/../lib/gcc/arm-none-eabi/4.7.3/../../../../arm-none-eabi/lib/armv7-m\libc.a(lib_a-wsetup.o)
                                                  u:/installedapps/atmel/atmel toolchain/arm gcc/native/4.7.3.1029/arm-gnu-toolchain/bin/../lib/gcc/arm-none-eabi/4.7.3/../../../../arm-none-eabi/lib/armv7-m\libc.a(lib_a-vfiprintf.o)
                                                  u:/installedapps/atmel/atmel toolchain/arm gcc/native/4.7.3.1029/arm-gnu-toolchain/bin/../lib/gcc/arm-none-eabi/4.7.3/../../../../arm-none-eabi/lib/armv7-m\libc.a(lib_a-iprintf.o)
_init                                             u:/installedapps/atmel/atmel toolchain/arm gcc/native/4.7.3.1029/arm-gnu-toolchain/bin/../lib/gcc/arm-none-eabi/4.7.3/armv7-m/crti.o
                                                  u:/installedapps/atmel/atmel toolchain/arm gcc/native/4.7.3.1029/arm-gnu-toolchain/bin/../lib/gcc/arm-none-eabi/4.7.3/../../../../arm-none-eabi/lib/armv7-m\libc.a(lib_a-init.o)
_iprintf_r                                        u:/installedapps/atmel/atmel toolchain/arm gcc/native/4.7.3.1029/arm-gnu-toolchain/bin/../lib/gcc/arm-none-eabi/4.7.3/../../../../arm-none-eabi/lib/armv7-m\libc.a(lib_a-iprintf.o)
_isatty                                           src/ASF/sam/utils/syscalls/gcc/syscalls.o
                                                  u:/installedapps/atmel/atmel toolchain/arm gcc/native/4.7.3.1029/arm-gnu-toolchain/bin/../lib/gcc/arm-none-eabi/4.7.3/../../../../arm-none-eabi/lib/armv7-m\libc.a(lib_a-isattyr.o)
_isatty_r                                         u:/installedapps/atmel/atmel toolchain/arm gcc/native/4.7.3.1029/arm-gnu-toolchain/bin/../lib/gcc/arm-none-eabi/4.7.3/../../../../arm-none-eabi/lib/armv7-m\libc.a(lib_a-isattyr.o)
                                                  u:/installedapps/atmel/atmel toolchain/arm gcc/native/4.7.3.1029/arm-gnu-toolchain/bin/../lib/gcc/arm-none-eabi/4.7.3/../../../../arm-none-eabi/lib/armv7-m\libc.a(lib_a-makebuf.o)
_kill                                             src/ASF/sam/utils/syscalls/gcc/syscalls.o
_localeconv_r                                     u:/installedapps/atmel/atmel toolchain/arm gcc/native/4.7.3.1029/arm-gnu-toolchain/bin/../lib/gcc/arm-none-eabi/4.7.3/../../../../arm-none-eabi/lib/armv7-m\libc.a(lib_a-locale.o)
_lseek                                            src/ASF/sam/utils/syscalls/gcc/syscalls.o
                                                  u:/installedapps/atmel/atmel toolchain/arm gcc/native/4.7.3.1029/arm-gnu-toolchain/bin/../lib/gcc/arm-none-eabi/4.7.3/../../../../arm-none-eabi/lib/armv7-m\libc.a(lib_a-lseekr.o)
_lseek_r                                          u:/installedapps/atmel/atmel toolchain/arm gcc/native/4.7.3.1029/arm-gnu-toolchain/bin/../lib/gcc/arm-none-eabi/4.7.3/../../../../arm-none-eabi/lib/armv7-m\libc.a(lib_a-lseekr.o)
                                                  u:/installedapps/atmel/atmel toolchain/arm gcc/native/4.7.3.1029/arm-gnu-toolchain/bin/../lib/gcc/arm-none-eabi/4.7.3/../../../../arm-none-eabi/lib/armv7-m\libc.a(lib_a-stdio.o)
_mainCRTStartup                                   u:/installedapps/atmel/atmel toolchain/arm gcc/native/4.7.3.1029/arm-gnu-toolchain/bin/../lib/gcc/arm-none-eabi/4.7.3/../../../../arm-none-eabi/lib/armv7-m/crt0.o
_malloc_r                                         u:/installedapps/atmel/atmel toolchain/arm gcc/native/4.7.3.1029/arm-gnu-toolchain/bin/../lib/gcc/arm-none-eabi/4.7.3/../../../../arm-none-eabi/lib/armv7-m\libc.a(lib_a-mallocr.o)
                                                  u:/installedapps/atmel/atmel toolchain/arm gcc/native/4.7.3.1029/arm-gnu-toolchain/bin/../lib/gcc/arm-none-eabi/4.7.3/../../../../arm-none-eabi/lib/armv7-m\libc.a(lib_a-reallocr.o)
                                                  u:/installedapps/atmel/atmel toolchain/arm gcc/native/4.7.3.1029/arm-gnu-toolchain/bin/../lib/gcc/arm-none-eabi/4.7.3/../../../../arm-none-eabi/lib/armv7-m\libc.a(lib_a-makebuf.o)
                                                  u:/installedapps/atmel/atmel toolchain/arm gcc/native/4.7.3.1029/arm-gnu-toolchain/bin/../lib/gcc/arm-none-eabi/4.7.3/../../../../arm-none-eabi/lib/armv7-m\libc.a(lib_a-fvwrite.o)
                                                  u:/installedapps/atmel/atmel toolchain/arm gcc/native/4.7.3.1029/arm-gnu-toolchain/bin/../lib/gcc/arm-none-eabi/4.7.3/../../../../arm-none-eabi/lib/armv7-m\libc.a(lib_a-findfp.o)
_malloc_trim_r                                    u:/installedapps/atmel/atmel toolchain/arm gcc/native/4.7.3.1029/arm-gnu-toolchain/bin/../lib/gcc/arm-none-eabi/4.7.3/../../../../arm-none-eabi/lib/armv7-m\libc.a(lib_a-freer.o)
_read                                             u:/installedapps/atmel/atmel toolchain/arm gcc/native/4.7.3.1029/arm-gnu-toolchain/bin/../lib/gcc/arm-none-eabi/4.7.3/../../../../arm-none-eabi/lib/armv7-m\libc.a(lib_a-readr.o)
_read_r                                           u:/installedapps/atmel/atmel toolchain/arm gcc/native/4.7.3.1029/arm-gnu-toolchain/bin/../lib/gcc/arm-none-eabi/4.7.3/../../../../arm-none-eabi/lib/armv7-m\libc.a(lib_a-readr.o)
                                                  u:/installedapps/atmel/atmel toolchain/arm gcc/native/4.7.3.1029/arm-gnu-toolchain/bin/../lib/gcc/arm-none-eabi/4.7.3/../../../../arm-none-eabi/lib/armv7-m\libc.a(lib_a-stdio.o)
_realloc_r                                        u:/installedapps/atmel/atmel toolchain/arm gcc/native/4.7.3.1029/arm-gnu-toolchain/bin/../lib/gcc/arm-none-eabi/4.7.3/../../../../arm-none-eabi/lib/armv7-m\libc.a(lib_a-reallocr.o)
                                                  u:/installedapps/atmel/atmel toolchain/arm gcc/native/4.7.3.1029/arm-gnu-toolchain/bin/../lib/gcc/arm-none-eabi/4.7.3/../../../../arm-none-eabi/lib/armv7-m\libc.a(lib_a-fvwrite.o)
_reclaim_reent                                    u:/installedapps/atmel/atmel toolchain/arm gcc/native/4.7.3.1029/arm-gnu-toolchain/bin/../lib/gcc/arm-none-eabi/4.7.3/../../../../arm-none-eabi/lib/armv7-m\libc.a(lib_a-reent.o)
_sbrk                                             src/ASF/sam/utils/syscalls/gcc/syscalls.o
                                                  u:/installedapps/atmel/atmel toolchain/arm gcc/native/4.7.3.1029/arm-gnu-toolchain/bin/../lib/gcc/arm-none-eabi/4.7.3/../../../../arm-none-eabi/lib/armv7-m\libc.a(lib_a-sbrkr.o)
_sbrk_r                                           u:/installedapps/atmel/atmel toolchain/arm gcc/native/4.7.3.1029/arm-gnu-toolchain/bin/../lib/gcc/arm-none-eabi/4.7.3/../../../../arm-none-eabi/lib/armv7-m\libc.a(lib_a-sbrkr.o)
                                                  u:/installedapps/atmel/atmel toolchain/arm gcc/native/4.7.3.1029/arm-gnu-toolchain/bin/../lib/gcc/arm-none-eabi/4.7.3/../../../../arm-none-eabi/lib/armv7-m\libc.a(lib_a-mallocr.o)
                                                  u:/installedapps/atmel/atmel toolchain/arm gcc/native/4.7.3.1029/arm-gnu-toolchain/bin/../lib/gcc/arm-none-eabi/4.7.3/../../../../arm-none-eabi/lib/armv7-m\libc.a(lib_a-freer.o)
_setlocale_r                                      u:/installedapps/atmel/atmel toolchain/arm gcc/native/4.7.3.1029/arm-gnu-toolchain/bin/../lib/gcc/arm-none-eabi/4.7.3/../../../../arm-none-eabi/lib/armv7-m\libc.a(lib_a-locale.o)
_sfixed                                           src/ASF/sam/utils/cmsis/sam3x/source/templates/gcc/startup_sam3x.o
_srelocate                                        src/ASF/sam/utils/cmsis/sam3x/source/templates/gcc/startup_sam3x.o
_start                                            u:/installedapps/atmel/atmel toolchain/arm gcc/native/4.7.3.1029/arm-gnu-toolchain/bin/../lib/gcc/arm-none-eabi/4.7.3/../../../../arm-none-eabi/lib/armv7-m/crt0.o
_szero                                            src/ASF/sam/utils/cmsis/sam3x/source/templates/gcc/startup_sam3x.o
_vfiprintf_r                                      u:/installedapps/atmel/atmel toolchain/arm gcc/native/4.7.3.1029/arm-gnu-toolchain/bin/../lib/gcc/arm-none-eabi/4.7.3/../../../../arm-none-eabi/lib/armv7-m\libc.a(lib_a-vfiprintf.o)
                                                  u:/installedapps/atmel/atmel toolchain/arm gcc/native/4.7.3.1029/arm-gnu-toolchain/bin/../lib/gcc/arm-none-eabi/4.7.3/../../../../arm-none-eabi/lib/armv7-m\libc.a(lib_a-iprintf.o)
_wcrtomb_r                                        u:/installedapps/atmel/atmel toolchain/arm gcc/native/4.7.3.1029/arm-gnu-toolchain/bin/../lib/gcc/arm-none-eabi/4.7.3/../../../../arm-none-eabi/lib/armv7-m\libc.a(lib_a-wcrtomb.o)
                                                  u:/installedapps/atmel/atmel toolchain/arm gcc/native/4.7.3.1029/arm-gnu-toolchain/bin/../lib/gcc/arm-none-eabi/4.7.3/../../../../arm-none-eabi/lib/armv7-m\libc.a(lib_a-fputwc.o)
_wctomb_r                                         u:/installedapps/atmel/atmel toolchain/arm gcc/native/4.7.3.1029/arm-gnu-toolchain/bin/../lib/gcc/arm-none-eabi/4.7.3/../../../../arm-none-eabi/lib/armv7-m\libc.a(lib_a-wctomb_r.o)
_wrapup_reent                                     u:/installedapps/atmel/atmel toolchain/arm gcc/native/4.7.3.1029/arm-gnu-toolchain/bin/../lib/gcc/arm-none-eabi/4.7.3/../../../../arm-none-eabi/lib/armv7-m\libc.a(lib_a-reent.o)
_write                                            u:/installedapps/atmel/atmel toolchain/arm gcc/native/4.7.3.1029/arm-gnu-toolchain/bin/../lib/gcc/arm-none-eabi/4.7.3/../../../../arm-none-eabi/lib/armv7-m\libc.a(lib_a-writer.o)
_write_r                                          u:/installedapps/atmel/atmel toolchain/arm gcc/native/4.7.3.1029/arm-gnu-toolchain/bin/../lib/gcc/arm-none-eabi/4.7.3/../../../../arm-none-eabi/lib/armv7-m\libc.a(lib_a-writer.o)
                                                  u:/installedapps/atmel/atmel toolchain/arm gcc/native/4.7.3.1029/arm-gnu-toolchain/bin/../lib/gcc/arm-none-eabi/4.7.3/../../../../arm-none-eabi/lib/armv7-m\libc.a(lib_a-stdio.o)
atexit                                            u:/installedapps/atmel/atmel toolchain/arm gcc/native/4.7.3.1029/arm-gnu-toolchain/bin/../lib/gcc/arm-none-eabi/4.7.3/../../../../arm-none-eabi/lib/armv7-m\libc.a(lib_a-atexit.o)
                                                  u:/installedapps/atmel/atmel toolchain/arm gcc/native/4.7.3.1029/arm-gnu-toolchain/bin/../lib/gcc/arm-none-eabi/4.7.3/../../../../arm-none-eabi/lib/armv7-m\libc.a(lib_a-__call_atexit.o)
board_init                                        src/ASF/sam/boards/arduino_due_x/init.o