Archive member included because of file (symbol)

c:/program files/atmel/atmel toolchain/arm gcc/native/4.8.1443/arm-gnu-toolchain/bin/../lib/gcc/arm-none-eabi/4.8.4/armv7-m\libgcc.a(_arm_addsubsf3.o)
                              unity/unity.o (__aeabi_fsub)
c:/program files/atmel/atmel toolchain/arm gcc/native/4.8.1443/arm-gnu-toolchain/bin/../lib/gcc/arm-none-eabi/4.8.4/armv7-m\libgcc.a(_arm_muldivsf3.o)
                              unity/unity.o (__aeabi_fmul)
c:/program files/atmel/atmel toolchain/arm gcc/native/4.8.1443/arm-gnu-toolchain/bin/../lib/gcc/arm-none-eabi/4.8.4/armv7-m\libgcc.a(_arm_cmpsf2.o)
                              unity/unity.o (__aeabi_fcmpeq)
c:/program files/atmel/atmel toolchain/arm gcc/native/4.8.1443/arm-gnu-toolchain/bin/../lib/gcc/arm-none-eabi/4.8.4/../../../../arm-none-eabi/lib/armv7-m\libc.a(lib_a-exit.o)
                              c:/program files/atmel/atmel toolchain/arm gcc/native/4.8.1443/arm-gnu-toolchain/bin/../lib/gcc/arm-none-eabi/4.8.4/../../../../arm-none-eabi/lib/armv7-m/crt0.o (exit)
c:/program files/atmel/atmel toolchain/arm gcc/native/4.8.1443/arm-gnu-toolchain/bin/../lib/gcc/arm-none-eabi/4.8.4/../../../../arm-none-eabi/lib/armv7-m\libc.a(lib_a-impure.o)
                              c:/program files/atmel/atmel toolchain/arm gcc/native/4.8.1443/arm-gnu-toolchain/bin/../lib/gcc/arm-none-eabi/4.8.4/../../../../arm-none-eabi/lib/armv7-m\libc.a(lib_a-exit.o) (_global_impure_ptr)
c:/program files/atmel/atmel toolchain/arm gcc/native/4.8.1443/arm-gnu-toolchain/bin/../lib/gcc/arm-none-eabi/4.8.4/../../../../arm-none-eabi/lib/armv7-m\libc.a(lib_a-init.o)
                              c:/program files/atmel/atmel toolchain/arm gcc/native/4.8.1443/arm-gnu-toolchain/bin/../lib/gcc/arm-none-eabi/4.8.4/../../../../arm-none-eabi/lib/armv7-m/crt0.o (__libc_init_array)
c:/program files/atmel/atmel toolchain/arm gcc/native/4.8.1443/arm-gnu-toolchain/bin/../lib/gcc/arm-none-eabi/4.8.4/../../../../arm-none-eabi/lib/armv7-m\libc.a(lib_a-iprintf.o)
                              src/ASF/sam/utils/syscalls/gcc/syscalls.o (iprintf)
c:/program files/atmel/atmel toolchain/arm gcc/native/4.8.1443/arm-gnu-toolchain/bin/../lib/gcc/arm-none-eabi/4.8.4/../../../../arm-none-eabi/lib/armv7-m\libc.a(lib_a-memset.o)
                              c:/program files/atmel/atmel toolchain/arm gcc/native/4.8.1443/arm-gnu-toolchain/bin/../lib/gcc/arm-none-eabi/4.8.4/../../../../arm-none-eabi/lib/armv7-m/crt0.o (memset)
c:/program files/atmel/atmel toolchain/arm gcc/native/4.8.1443/arm-gnu-toolchain/bin/../lib/gcc/arm-none-eabi/4.8.4/../../../../arm-none-eabi/lib/armv7-m\libc.a(lib_a-setbuf.o)
                              src/ASF/thirdparty/wireless/addons/sio2host/uart/sio2host.o (setbuf)
c:/program files/atmel/atmel toolchain/arm gcc/native/4.8.1443/arm-gnu-toolchain/bin/../lib/gcc/arm-none-eabi/4.8.4/../../../../arm-none-eabi/lib/armv7-m\libc.a(lib_a-setjmp.o)
                              unity/unity.o (setjmp)
c:/program files/atmel/atmel toolchain/arm gcc/native/4.8.1443/arm-gnu-toolchain/bin/../lib/gcc/arm-none-eabi/4.8.4/../../../../arm-none-eabi/lib/armv7-m\libc.a(lib_a-setvbuf.o)
                              c:/program files/atmel/atmel toolchain/arm gcc/native/4.8.1443/arm-gnu-toolchain/bin/../lib/gcc/arm-none-eabi/4.8.4/../../../../arm-none-eabi/lib/armv7-m\libc.a(lib_a-setbuf.o) (setvbuf)
c:/program files/atmel/atmel toolchain/arm gcc/native/4.8.1443/arm-gnu-toolchain/bin/../lib/gcc/arm-none-eabi/4.8.4/../../../../arm-none-eabi/lib/armv7-m\libc.a(lib_a-vfiprintf.o)
                              c:/program files/atmel/atmel toolchain/arm gcc/native/4.8.1443/arm-gnu-toolchain/bin/../lib/gcc/arm-none-eabi/4.8.4/../../../../arm-none-eabi/lib/armv7-m\libc.a(lib_a-iprintf.o) (_vfiprintf_r)
c:/program files/atmel/atmel toolchain/arm gcc/native/4.8.1443/arm-gnu-toolchain/bin/../lib/gcc/arm-none-eabi/4.8.4/../../../../arm-none-eabi/lib/armv7-m\libc.a(lib_a-wbuf.o)
                              unity/unity.o (__swbuf_r)
c:/program files/atmel/atmel toolchain/arm gcc/native/4.8.1443/arm-gnu-toolchain/bin/../lib/gcc/arm-none-eabi/4.8.4/../../../../arm-none-eabi/lib/armv7-m\libc.a(lib_a-wsetup.o)
                              c:/program files/atmel/atmel toolchain/arm gcc/native/4.8.1443/arm-gnu-toolchain/bin/../lib/gcc/arm-none-eabi/4.8.4/../../../../arm-none-eabi/lib/armv7-m\libc.a(lib_a-vfiprintf.o) (__swsetup_r)
c:/program files/atmel/atmel toolchain/arm gcc/native/4.8.1443/arm-gnu-toolchain/bin/../lib/gcc/arm-none-eabi/4.8.4/../../../../arm-none-eabi/lib/armv7-m\libc.a(lib_a-__call_atexit.o)
                              c:/program files/atmel/atmel toolchain/arm gcc/native/4.8.1443/arm-gnu-toolchain/bin/../lib/gcc/arm-none-eabi/4.8.4/../../../../arm-none-eabi/lib/armv7-m\libc.a(lib_a-exit.o) (__call_exitprocs)
c:/program files/atmel/atmel toolchain/arm gcc/native/4.8.1443/arm-gnu-toolchain/bin/../lib/gcc/arm-none-eabi/4.8.4/../../../../arm-none-eabi/lib/armv7-m\libc.a(lib_a-atexit.o)
[...]
Memory Configuration

Name             Origin             Length             Attributes
rom              0x00080000         0x00080000         xr
sram0            0x20000000         0x00010000         xrw
sram1            0x20080000         0x00008000         xrw
ram              0x20070000         0x00018000         xrw
*default*        0x00000000         0xffffffff

Linker script and memory map

LOAD c:/program files/atmel/atmel toolchain/arm gcc/native/4.8.1443/arm-gnu-toolchain/bin/../lib/gcc/arm-none-eabi/4.8.4/armv7-m/crti.o
LOAD c:/program files/atmel/atmel toolchain/arm gcc/native/4.8.1443/arm-gnu-toolchain/bin/../lib/gcc/arm-none-eabi/4.8.4/armv7-m/crtbegin.o
LOAD c:/program files/atmel/atmel toolchain/arm gcc/native/4.8.1443/arm-gnu-toolchain/bin/../lib/gcc/arm-none-eabi/4.8.4/../../../../arm-none-eabi/lib/armv7-m/crt0.o
LOAD src/ASF/common/utils/stdio/read.o
LOAD src/ASF/sam/drivers/usart/usart.o
LOAD src/ASF/thirdparty/wireless/addons/sio2host/uart/sio2host.o
LOAD src/digitalIO.o
LOAD unity/unity.o
LOAD src/ASF/common/utils/stdio/write.o
LOAD src/ASF/common/services/serial/usart_serial.o
LOAD src/ASF/sam/drivers/uart/uart.o
LOAD test/test_digitalIO.o
LOAD test/test_digitalIO_runner.o
LOAD src/ASF/common/services/clock/sam3x/sysclk.o
LOAD src/ASF/common/utils/interrupt/interrupt_sam_nvic.o
LOAD src/ASF/sam/boards/arduino_due_x/init.o
LOAD src/ASF/sam/drivers/pio/pio.o
LOAD src/ASF/sam/drivers/pio/pio_handler.o
LOAD src/ASF/sam/drivers/pmc/pmc.o
LOAD src/ASF/sam/drivers/pmc/sleep.o
LOAD src/ASF/sam/utils/cmsis/sam3x/source/templates/exceptions.o
LOAD src/ASF/sam/utils/cmsis/sam3x/source/templates/gcc/startup_sam3x.o
LOAD src/ASF/sam/utils/cmsis/sam3x/source/templates/system_sam3x.o
LOAD src/ASF/sam/utils/syscalls/gcc/syscalls.o
START GROUP
LOAD ../src/ASF/thirdparty/CMSIS/Lib/GCC\libarm_cortexM3l_math.a
LOAD c:/program files/atmel/atmel toolchain/arm gcc/native/4.8.1443/arm-gnu-toolchain/bin/../lib/gcc/arm-none-eabi/4.8.4/../../../../arm-none-eabi/lib/armv7-m\libm.a
END GROUP
START GROUP
LOAD c:/program files/atmel/atmel toolchain/arm gcc/native/4.8.1443/arm-gnu-toolchain/bin/../lib/gcc/arm-none-eabi/4.8.4/armv7-m\libgcc.a
LOAD c:/program files/atmel/atmel toolchain/arm gcc/native/4.8.1443/arm-gnu-toolchain/bin/../lib/gcc/arm-none-eabi/4.8.4/../../../../arm-none-eabi/lib/armv7-m\libc.a
END GROUP
LOAD c:/program files/atmel/atmel toolchain/arm gcc/native/4.8.1443/arm-gnu-toolchain/bin/../lib/gcc/arm-none-eabi/4.8.4/armv7-m/crtend.o
LOAD c:/program files/atmel/atmel toolchain/arm gcc/native/4.8.1443/arm-gnu-toolchain/bin/../lib/gcc/arm-none-eabi/4.8.4/armv7-m/crtn.o
                0x00002000                __stack_size__ = DEFINED (__stack_size__)?__stack_size__:0x2000
                0x20087ffc                __ram_end__ = ((ORIGIN (ram) + 0x18000) - 0x4)

.text           0x00080000     0x2bf0
                0x00080000                . = ALIGN (0x4)
                0x00080000                _sfixed = .
 *(.vectors .vectors.*)
 .vectors       0x00080000       0xf4 src/ASF/sam/utils/cmsis/sam3x/source/templates/gcc/startup_sam3x.o
                0x00080000                exception_table
 *(.text .text.* .gnu.linkonce.t.*)
 .text          0x000800f4       0x54 c:/program files/atmel/atmel toolchain/arm gcc/native/4.8.1443/arm-gnu-toolchain/bin/../lib/gcc/arm-none-eabi/4.8.4/armv7-m/crtbegin.o
 .text._read    0x00080148       0x40 src/ASF/common/utils/stdio/read.o
                0x00080148                _read
 .text.usart_write
                0x00080188       0x14 src/ASF/sam/drivers/usart/usart.o
                0x00080188                usart_write
 .text.usart_read
                0x0008019c       0x18 src/ASF/sam/drivers/usart/usart.o
                0x0008019c                usart_read
 .text.USART0_Handler
                0x000801b4       0x60 src/ASF/thirdparty/wireless/addons/sio2host/uart/sio2host.o
                0x000801b4                USART0_Handler
 .text.pinMode  0x00080214        0x4 src/digitalIO.o
                0x00080214                pinMode
 .text.UnityPrintNumber
                0x00080218      0x19c unity/unity.o
                0x00080218                UnityPrintNumber
 .text.UnityPrintNumberHex
                0x000803b4      0x18c unity/unity.o
                0x000803b4                UnityPrintNumberHex
 .text.UnityPrint
                0x00080540      0x22c unity/unity.o
                0x00080540                UnityPrint
 .text.UnityTestResultsBegin
                0x0008076c      0x134 unity/unity.o
 .text.UnityTestResultsFailBegin
                0x000808a0       0x84 unity/unity.o
 .text.UnityAddMsgIfSpecified
                0x00080924       0x1c unity/unity.o
 .text.UnityPrintMask
                0x00080940      0x124 unity/unity.o
                0x00080940                UnityPrintMask
 .text.UnityPrintFail
                0x00080a64       0x14 unity/unity.o
                0x00080a64                UnityPrintFail
 .text.UnityPrintOk
                0x00080a78       0x14 unity/unity.o
                0x00080a78                UnityPrintOk
 .text.UnityConcludeTest
                0x00080a8c       0xac unity/unity.o
                0x00080a8c                UnityConcludeTest
 .text.UnityAssertBits
                0x00080b38       0x78 unity/unity.o
                0x00080b38                UnityAssertBits
 .text.UnityDefaultTestRun
                0x00080bb0       0x58 unity/unity.o
                0x00080bb0                UnityDefaultTestRun
 .text.UnityBegin
                0x00080c08       0x1c unity/unity.o
                0x00080c08                UnityBegin
 .text.UnityEnd
                0x00080c24      0x1c8 unity/unity.o
                0x00080c24                UnityEnd
 .text._write   0x00080dec       0x54 src/ASF/common/utils/stdio/write.o
                0x00080dec                _write
 .text.usart_serial_read_packet
                0x00080e40       0xc4 src/ASF/common/services/serial/usart_serial.o
                0x00080e40                usart_serial_read_packet
 .text.uart_init
                0x00080f04       0x38 src/ASF/sam/drivers/uart/uart.o
                0x00080f04                uart_init
 .text.uart_write
                0x00080f3c       0x10 src/ASF/sam/drivers/uart/uart.o
                0x00080f3c                uart_write
 .text.uart_read
                0x00080f4c       0x14 src/ASF/sam/drivers/uart/uart.o
                0x00080f4c                uart_read
 .text.setUp    0x00080f60       0x10 test/test_digitalIO.o
                0x00080f60                setUp
 .text.tearDown
                0x00080f70       0x10 test/test_digitalIO.o
                0x00080f70                tearDown
 .text.test_digitalDuePin13InitialiseProperly
                0x00080f80       0x54 test/test_digitalIO.o
                0x00080f80                test_digitalDuePin13InitialiseProperly
 .text.usart_serial_getchar
                0x00080fd4       0xa8 test/test_digitalIO_runner.o
 .text.usart_serial_putchar
                0x0008107c       0xa8 test/test_digitalIO_runner.o
 .text.main     0x00081124       0xbc test/test_digitalIO_runner.o
                0x00081124                main
 .text.sysclk_init
                0x000811e0       0x64 src/ASF/common/services/clock/sam3x/sysclk.o
                0x000811e0                sysclk_init
 .text.board_init
                0x00081244       0x80 src/ASF/sam/boards/arduino_due_x/init.o
                0x00081244                board_init
 .text.pio_set_peripheral
                0x000812c4       0x40 src/ASF/sam/drivers/pio/pio.o
                0x000812c4                pio_set_peripheral
 .text.pio_set_input
                0x00081304       0x34 src/ASF/sam/drivers/pio/pio.o
                0x00081304                pio_set_input
 .text.pio_set_output
                0x00081338       0x28 src/ASF/sam/drivers/pio/pio.o
                0x00081338                pio_set_output
 .text.pio_get_interrupt_status
                0x00081360        0x4 src/ASF/sam/drivers/pio/pio.o
                0x00081360                pio_get_interrupt_status
 .text.pio_get_interrupt_mask
                0x00081364        0x4 src/ASF/sam/drivers/pio/pio.o
                0x00081364                pio_get_interrupt_mask
 .text.pio_configure_pin
                0x00081368       0xd4 src/ASF/sam/drivers/pio/pio.o
                0x00081368                pio_configure_pin
 .text.pio_configure_pin_group
                0x0008143c       0xa0 src/ASF/sam/drivers/pio/pio.o
                0x0008143c                pio_configure_pin_group
 .text.pio_handler_process
                0x000814dc       0x58 src/ASF/sam/drivers/pio/pio_handler.o
                0x000814dc                pio_handler_process
 .text.PIOA_Handler
                0x00081534       0x14 src/ASF/sam/drivers/pio/pio_handler.o
                0x00081534                PIOA_Handler
 .text.PIOB_Handler
                0x00081548       0x14 src/ASF/sam/drivers/pio/pio_handler.o
                0x00081548                PIOB_Handler
 .text.PIOC_Handler
                0x0008155c       0x14 src/ASF/sam/drivers/pio/pio_handler.o
                0x0008155c                PIOC_Handler
 .text.PIOD_Handler
                0x00081570       0x14 src/ASF/sam/drivers/pio/pio_handler.o
                0x00081570                PIOD_Handler
 .text.pmc_switch_mck_to_pllack
                0x00081584       0x64 src/ASF/sam/drivers/pmc/pmc.o
                0x00081584                pmc_switch_mck_to_pllack
 .text.pmc_switch_mainck_to_xtal
                0x000815e8       0x54 src/ASF/sam/drivers/pmc/pmc.o
                0x000815e8                pmc_switch_mainck_to_xtal
 .text.pmc_osc_is_ready_mainck
                0x0008163c       0x10 src/ASF/sam/drivers/pmc/pmc.o
                0x0008163c                pmc_osc_is_ready_mainck
 .text.pmc_disable_pllack
                0x0008164c       0x10 src/ASF/sam/drivers/pmc/pmc.o
                0x0008164c                pmc_disable_pllack
 .text.pmc_is_locked_pllack
                0x0008165c       0x10 src/ASF/sam/drivers/pmc/pmc.o
                0x0008165c                pmc_is_locked_pllack
 .text.pmc_enable_periph_clk
                0x0008166c       0x58 src/ASF/sam/drivers/pmc/pmc.o
                0x0008166c                pmc_enable_periph_clk
 .text.Dummy_Handler
                0x000816c4        0x4 src/ASF/sam/utils/cmsis/sam3x/source/templates/exceptions.o
                0x000816c4                DACC_Handler
                0x000816c4                DebugMon_Handler
                0x000816c4                DMAC_Handler
                0x000816c4                TRNG_Handler
                0x000816c4                HardFault_Handler
                0x000816c4                TC2_Handler
                0x000816c4                SysTick_Handler
                0x000816c4                USART3_Handler
                0x000816c4                TWI1_Handler
                0x000816c4                PendSV_Handler
                0x000816c4                NMI_Handler
                0x000816c4                TC7_Handler
                0x000816c4                ADC_Handler
                0x000816c4                SMC_Handler
                0x000816c4                RTT_Handler
                0x000816c4                EFC1_Handler
                0x000816c4                RTC_Handler
                0x000816c4                UsageFault_Handler
                0x000816c4                TC6_Handler
                0x000816c4                WDT_Handler
                0x000816c4                CAN0_Handler
                0x000816c4                TC4_Handler
                0x000816c4                TC1_Handler
                0x000816c4                HSMCI_Handler
                0x000816c4                TC3_Handler
                0x000816c4                Dummy_Handler
                0x000816c4                TWI0_Handler
                0x000816c4                USART1_Handler
                0x000816c4                SSC_Handler
                0x000816c4                EFC0_Handler
                0x000816c4                PMC_Handler
                0x000816c4                PWM_Handler
                0x000816c4                CAN1_Handler
                0x000816c4                MemManage_Handler
                0x000816c4                SUPC_Handler
                0x000816c4                SVC_Handler
                0x000816c4                TC8_Handler
                0x000816c4                USART2_Handler
                0x000816c4                EMAC_Handler
                0x000816c4                UART_Handler
                0x000816c4                BusFault_Handler
                0x000816c4                RSTC_Handler
                0x000816c4                TC0_Handler
                0x000816c4                TC5_Handler
                0x000816c4                UOTGHS_Handler
                0x000816c4                SPI0_Handler
 .text.Reset_Handler
                0x000816c8       0xb0 src/ASF/sam/utils/cmsis/sam3x/source/templates/gcc/startup_sam3x.o
                0x000816c8                Reset_Handler
 .text.SystemCoreClockUpdate
                0x00081778      0x11c src/ASF/sam/utils/cmsis/sam3x/source/templates/system_sam3x.o
                0x00081778                SystemCoreClockUpdate
 .text._sbrk    0x00081894       0x34 src/ASF/sam/utils/syscalls/gcc/syscalls.o
                0x00081894                _sbrk
 .text._close   0x000818c8        0x8 src/ASF/sam/utils/syscalls/gcc/syscalls.o
                0x000818c8                _close
 .text._fstat   0x000818d0        0xc src/ASF/sam/utils/syscalls/gcc/syscalls.o
                0x000818d0                _fstat
 .text._isatty  0x000818dc        0x4 src/ASF/sam/utils/syscalls/gcc/syscalls.o
                0x000818dc                _isatty
 .text._lseek   0x000818e0        0x4 src/ASF/sam/utils/syscalls/gcc/syscalls.o
                0x000818e0                _lseek
 .text.__libc_init_array
                0x000818e4       0x50 c:/program files/atmel/atmel toolchain/arm gcc/native/4.8.1443/arm-gnu-toolchain/bin/../lib/gcc/arm-none-eabi/4.8.4/../../../../arm-none-eabi/lib/armv7-m\libc.a(lib_a-init.o)
                0x000818e4                __libc_init_array
 .text.memset   0x00081934       0x94 c:/program files/atmel/atmel toolchain/arm gcc/native/4.8.1443/arm-gnu-toolchain/bin/../lib/gcc/arm-none-eabi/4.8.4/../../../../arm-none-eabi/lib/armv7-m\libc.a(lib_a-memset.o)
                0x00081934                memset
 .text.setbuf   0x000819c8       0x10 c:/program files/atmel/atmel toolchain/arm gcc/native/4.8.1443/arm-gnu-toolchain/bin/../lib/gcc/arm-none-eabi/4.8.4/../../../../arm-none-eabi/lib/armv7-m\libc.a(lib_a-setbuf.o)
                0x000819c8                setbuf
 .text          0x000819d8       0x1c c:/program files/atmel/atmel toolchain/arm gcc/native/4.8.1443/arm-gnu-toolchain/bin/../lib/gcc/arm-none-eabi/4.8.4/../../../../arm-none-eabi/lib/armv7-m\libc.a(lib_a-setjmp.o)
                0x000819d8                setjmp
                0x000819e4                longjmp
 .text.setvbuf  0x000819f4      0x100 c:/program files/atmel/atmel toolchain/arm gcc/native/4.8.1443/arm-gnu-toolchain/bin/../lib/gcc/arm-none-eabi/4.8.4/../../../../arm-none-eabi/lib/armv7-m\libc.a(lib_a-setvbuf.o)
                0x000819f4                setvbuf
 .text.__swbuf_r
                0x00081af4       0xa8 c:/program files/atmel/atmel toolchain/arm gcc/native/4.8.1443/arm-gnu-toolchain/bin/../lib/gcc/arm-none-eabi/4.8.4/../../../../arm-none-eabi/lib/armv7-m\libc.a(lib_a-wbuf.o)
                0x00081af4                __swbuf_r
 .text.__swsetup_r
                0x00081b9c       0xc4 c:/program files/atmel/atmel toolchain/arm gcc/native/4.8.1443/arm-gnu-toolchain/bin/../lib/gcc/arm-none-eabi/4.8.4/../../../../arm-none-eabi/lib/armv7-m\libc.a(lib_a-wsetup.o)
                0x00081b9c                __swsetup_r
 .text.startup.register_fini
                0x00081c60       0x14 c:/program files/atmel/atmel toolchain/arm gcc/native/4.8.1443/arm-gnu-toolchain/bin/../lib/gcc/arm-none-eabi/4.8.4/../../../../arm-none-eabi/lib/armv7-m\libc.a(lib_a-__call_atexit.o)
 .text.atexit   0x00081c74        0xc c:/program files/atmel/atmel toolchain/arm gcc/native/4.8.1443/arm-gnu-toolchain/bin/../lib/gcc/arm-none-eabi/4.8.4/../../../../arm-none-eabi/lib/armv7-m\libc.a(lib_a-atexit.o)
                0x00081c74                atexit
 .text.__sflush_r
                0x00081c80      0x148 c:/program files/atmel/atmel toolchain/arm gcc/native/4.8.1443/arm-gnu-toolchain/bin/../lib/gcc/arm-none-eabi/4.8.4/../../../../arm-none-eabi/lib/armv7-m\libc.a(lib_a-fflush.o)
                0x00081c80                __sflush_r
 .text._fflush_r
                0x00081dc8       0x2c c:/program files/atmel/atmel toolchain/arm gcc/native/4.8.1443/arm-gnu-toolchain/bin/../lib/gcc/arm-none-eabi/4.8.4/../../../../arm-none-eabi/lib/armv7-m\libc.a(lib_a-fflush.o)
                0x00081dc8                _fflush_r
 .text._cleanup_r
                0x00081df4        0xc c:/program files/atmel/atmel toolchain/arm gcc/native/4.8.1443/arm-gnu-toolchain/bin/../lib/gcc/arm-none-eabi/4.8.4/../../../../arm-none-eabi/lib/armv7-m\libc.a(lib_a-findfp.o)
                0x00081df4                _cleanup_r
 .text.__sinit  0x00081e00       0xf4 c:/program files/atmel/atmel toolchain/arm gcc/native/4.8.1443/arm-gnu-toolchain/bin/../lib/gcc/arm-none-eabi/4.8.4/../../../../arm-none-eabi/lib/armv7-m\libc.a(lib_a-findfp.o)
                0x00081e00                __sinit
 .text.__sfp_lock_acquire
                0x00081ef4        0x4 c:/program files/atmel/atmel toolchain/arm gcc/native/4.8.1443/arm-gnu-toolchain/bin/../lib/gcc/arm-none-eabi/4.8.4/../../../../arm-none-eabi/lib/armv7-m\libc.a(lib_a-findfp.o)
                0x00081ef4                __sfp_lock_acquire
 .text.__sfp_lock_release
                0x00081ef8        0x4 c:/program files/atmel/atmel toolchain/arm gcc/native/4.8.1443/arm-gnu-toolchain/bin/../lib/gcc/arm-none-eabi/4.8.4/../../../../arm-none-eabi/lib/armv7-m\libc.a(lib_a-findfp.o)
                0x00081ef8                __sfp_lock_release
 .text.__libc_fini_array
                0x00081efc       0x30 c:/program files/atmel/atmel toolchain/arm gcc/native/4.8.1443/arm-gnu-toolchain/bin/../lib/gcc/arm-none-eabi/4.8.4/../../../../arm-none-eabi/lib/armv7-m\libc.a(lib_a-fini.o)
                0x00081efc                __libc_fini_array
 .text._malloc_trim_r
                0x00081f2c       0x9c c:/program files/atmel/atmel toolchain/arm gcc/native/4.8.1443/arm-gnu-toolchain/bin/../lib/gcc/arm-none-eabi/4.8.4/../../../../arm-none-eabi/lib/armv7-m\libc.a(lib_a-freer.o)
                0x00081f2c                _malloc_trim_r
 .text._free_r  0x00081fc8      0x198 c:/program files/atmel/atmel toolchain/arm gcc/native/4.8.1443/arm-gnu-toolchain/bin/../lib/gcc/arm-none-eabi/4.8.4/../../../../arm-none-eabi/lib/armv7-m\libc.a(lib_a-freer.o)
                0x00081fc8                _free_r
 .text._fwalk   0x00082160       0x48 c:/program files/atmel/atmel toolchain/arm gcc/native/4.8.1443/arm-gnu-toolchain/bin/../lib/gcc/arm-none-eabi/4.8.4/../../../../arm-none-eabi/lib/armv7-m\libc.a(lib_a-fwalk.o)
                0x00082160                _fwalk
 .text.__smakebuf_r
                0x000821a8       0xe0 c:/program files/atmel/atmel toolchain/arm gcc/native/4.8.1443/arm-gnu-toolchain/bin/../lib/gcc/arm-none-eabi/4.8.4/../../../../arm-none-eabi/lib/armv7-m\libc.a(lib_a-makebuf.o)
                0x000821a8                __smakebuf_r
 .text.malloc   0x00082288       0x10 c:/program files/atmel/atmel toolchain/arm gcc/native/4.8.1443/arm-gnu-toolchain/bin/../lib/gcc/arm-none-eabi/4.8.4/../../../../arm-none-eabi/lib/armv7-m\libc.a(lib_a-malloc.o)
                0x00082288                malloc
 .text._malloc_r
                0x00082298      0x538 c:/program files/atmel/atmel toolchain/arm gcc/native/4.8.1443/arm-gnu-toolchain/bin/../lib/gcc/arm-none-eabi/4.8.4/../../../../arm-none-eabi/lib/armv7-m\libc.a(lib_a-mallocr.o)
                0x00082298                _malloc_r
 .text.__malloc_lock
                0x000827d0        0x4 c:/program files/atmel/atmel toolchain/arm gcc/native/4.8.1443/arm-gnu-toolchain/bin/../lib/gcc/arm-none-eabi/4.8.4/../../../../arm-none-eabi/lib/armv7-m\libc.a(lib_a-mlock.o)
                0x000827d0                __malloc_lock
 .text.__malloc_unlock
                0x000827d4        0x4 c:/program files/atmel/atmel toolchain/arm gcc/native/4.8.1443/arm-gnu-toolchain/bin/../lib/gcc/arm-none-eabi/4.8.4/../../../../arm-none-eabi/lib/armv7-m\libc.a(lib_a-mlock.o)
                0x000827d4                __malloc_unlock
 .text._sbrk_r  0x000827d8       0x24 c:/program files/atmel/atmel toolchain/arm gcc/native/4.8.1443/arm-gnu-toolchain/bin/../lib/gcc/arm-none-eabi/4.8.4/../../../../arm-none-eabi/lib/armv7-m\libc.a(lib_a-sbrkr.o)
                0x000827d8                _sbrk_r
 .text.__sread  0x000827fc       0x24 c:/program files/atmel/atmel toolchain/arm gcc/native/4.8.1443/arm-gnu-toolchain/bin/../lib/gcc/arm-none-eabi/4.8.4/../../../../arm-none-eabi/lib/armv7-m\libc.a(lib_a-stdio.o)
                0x000827fc                __sread
 .text.__swrite
                0x00082820       0x38 c:/program files/atmel/atmel toolchain/arm gcc/native/4.8.1443/arm-gnu-toolchain/bin/../lib/gcc/arm-none-eabi/4.8.4/../../../../arm-none-eabi/lib/armv7-m\libc.a(lib_a-stdio.o)
                0x00082820                __swrite
 .text.__sseek  0x00082858       0x20 c:/program files/atmel/atmel toolchain/arm gcc/native/4.8.1443/arm-gnu-toolchain/bin/../lib/gcc/arm-none-eabi/4.8.4/../../../../arm-none-eabi/lib/armv7-m\libc.a(lib_a-stdio.o)
                0x00082858                __sseek
 .text.__sclose
                0x00082878        0x8 c:/program files/atmel/atmel toolchain/arm gcc/native/4.8.1443/arm-gnu-toolchain/bin/../lib/gcc/arm-none-eabi/4.8.4/../../../../arm-none-eabi/lib/armv7-m\libc.a(lib_a-stdio.o)
                0x00082878                __sclose
 .text._write_r
                0x00082880       0x28 c:/program files/atmel/atmel toolchain/arm gcc/native/4.8.1443/arm-gnu-toolchain/bin/../lib/gcc/arm-none-eabi/4.8.4/../../../../arm-none-eabi/lib/armv7-m\libc.a(lib_a-writer.o)
                0x00082880                _write_r
 .text.__register_exitproc
                0x000828a8       0xa8 c:/program files/atmel/atmel toolchain/arm gcc/native/4.8.1443/arm-gnu-toolchain/bin/../lib/gcc/arm-none-eabi/4.8.4/../../../../arm-none-eabi/lib/armv7-m\libc.a(lib_a-__atexit.o)
                0x000828a8                __register_exitproc
 .text._close_r
                0x00082950       0x24 c:/program files/atmel/atmel toolchain/arm gcc/native/4.8.1443/arm-gnu-toolchain/bin/../lib/gcc/arm-none-eabi/4.8.4/../../../../arm-none-eabi/lib/armv7-m\libc.a(lib_a-closer.o)
                0x00082950                _close_r
 .text._fclose_r
                0x00082974       0x80 c:/program files/atmel/atmel toolchain/arm gcc/native/4.8.1443/arm-gnu-toolchain/bin/../lib/gcc/arm-none-eabi/4.8.4/../../../../arm-none-eabi/lib/armv7-m\libc.a(lib_a-fclose.o)
                0x00082974                _fclose_r
 .text.fclose   0x000829f4       0x10 c:/program files/atmel/atmel toolchain/arm gcc/native/4.8.1443/arm-gnu-toolchain/bin/../lib/gcc/arm-none-eabi/4.8.4/../../../../arm-none-eabi/lib/armv7-m\libc.a(lib_a-fclose.o)
                0x000829f4                fclose
 .text._fstat_r
                0x00082a04       0x28 c:/program files/atmel/atmel toolchain/arm gcc/native/4.8.1443/arm-gnu-toolchain/bin/../lib/gcc/arm-none-eabi/4.8.4/../../../../arm-none-eabi/lib/armv7-m\libc.a(lib_a-fstatr.o)
                0x00082a04                _fstat_r
 .text._isatty_r
                0x00082a2c       0x24 c:/program files/atmel/atmel toolchain/arm gcc/native/4.8.1443/arm-gnu-toolchain/bin/../lib/gcc/arm-none-eabi/4.8.4/../../../../arm-none-eabi/lib/armv7-m\libc.a(lib_a-isattyr.o)
                0x00082a2c                _isatty_r
 .text._lseek_r
                0x00082a50       0x28 c:/program files/atmel/atmel toolchain/arm gcc/native/4.8.1443/arm-gnu-toolchain/bin/../lib/gcc/arm-none-eabi/4.8.4/../../../../arm-none-eabi/lib/armv7-m\libc.a(lib_a-lseekr.o)
                0x00082a50                _lseek_r
 .text._read_r  0x00082a78       0x28 c:/program files/atmel/atmel toolchain/arm gcc/native/4.8.1443/arm-gnu-toolchain/bin/../lib/gcc/arm-none-eabi/4.8.4/../../../../arm-none-eabi/lib/armv7-m\libc.a(lib_a-readr.o)
                0x00082a78                _read_r
 *(.glue_7t)
 .glue_7t       0x00000000        0x0 linker stubs
 *(.glue_7)
 .glue_7        0x00000000        0x0 linker stubs
 *(.rodata .rodata* .gnu.linkonce.r.*)
 .rodata.UnityStrOk
                0x00082aa0        0x4 unity/unity.o
                0x00082aa0                UnityStrOk
 .rodata.UnityStrSpacer
                0x00082aa4        0x4 unity/unity.o
                0x00082aa4                UnityStrSpacer
 .rodata.UnityStrWas
                0x00082aa8        0x8 unity/unity.o
                0x00082aa8                UnityStrWas
 .rodata.UnityStrFail
                0x00082ab0        0x8 unity/unity.o
                0x00082ab0                UnityStrFail
 .rodata.UnityStrExpected
                0x00082ab8        0xc unity/unity.o
                0x00082ab8                UnityStrExpected
 .rodata.UnityStrBreaker
                0x00082ac4       0x18 unity/unity.o
                0x00082ac4                UnityStrBreaker
 .rodata.UnityStrResultsFailures
                0x00082adc        0xc unity/unity.o
                0x00082adc                UnityStrResultsFailures
 .rodata.UnityStrResultsIgnored
                0x00082ae8        0xc unity/unity.o
                0x00082ae8                UnityStrResultsIgnored
 .rodata.UnityStrResultsTests
                0x00082af4        0x8 unity/unity.o
                0x00082af4                UnityStrResultsTests
 .rodata.UnityStrPass
                0x00082afc        0x8 unity/unity.o
                0x00082afc                UnityStrPass
 .rodata.str1.4
                0x00082b04       0x80 test/test_digitalIO.o
 .rodata.str1.4
                0x00082b84       0x3f test/test_digitalIO_runner.o
                                 0x40 (size before relaxing)
 *fill*         0x00082bc3        0x1 
 .rodata.str1.4
                0x00082bc4        0x4 c:/program files/atmel/atmel toolchain/arm gcc/native/4.8.1443/arm-gnu-toolchain/bin/../lib/gcc/arm-none-eabi/4.8.4/../../../../arm-none-eabi/lib/armv7-m\libc.a(lib_a-impure.o)
 .rodata._global_impure_ptr
                0x00082bc8        0x4 c:/program files/atmel/atmel toolchain/arm gcc/native/4.8.1443/arm-gnu-toolchain/bin/../lib/gcc/arm-none-eabi/4.8.4/../../../../arm-none-eabi/lib/armv7-m\libc.a(lib_a-impure.o)
                0x00082bc8                _global_impure_ptr
 *(.ARM.extab* .gnu.linkonce.armextab.*)
                0x00082bcc                . = ALIGN (0x4)
 *(.init)
 .init          0x00082bcc        0x4 c:/program files/atmel/atmel toolchain/arm gcc/native/4.8.1443/arm-gnu-toolchain/bin/../lib/gcc/arm-none-eabi/4.8.4/armv7-m/crti.o
                0x00082bcc                _init
 .init          0x00082bd0        0x8 c:/program files/atmel/atmel toolchain/arm gcc/native/4.8.1443/arm-gnu-toolchain/bin/../lib/gcc/arm-none-eabi/4.8.4/armv7-m/crtn.o
                0x00082bd8                . = ALIGN (0x4)
                0x00082bd8                __preinit_array_start = .
 *(.preinit_array)
                0x00082bd8                __preinit_array_end = .
                0x00082bd8                . = ALIGN (0x4)
                0x00082bd8                __init_array_start = .
 *(SORT(.init_array.*))
 .init_array.00000
                0x00082bd8        0x4 c:/program files/atmel/atmel toolchain/arm gcc/native/4.8.1443/arm-gnu-toolchain/bin/../lib/gcc/arm-none-eabi/4.8.4/../../../../arm-none-eabi/lib/armv7-m\libc.a(lib_a-__call_atexit.o)
 *(.init_array)
 .init_array    0x00082bdc        0x4 c:/program files/atmel/atmel toolchain/arm gcc/native/4.8.1443/arm-gnu-toolchain/bin/../lib/gcc/arm-none-eabi/4.8.4/armv7-m/crtbegin.o
                0x00082be0                __init_array_end = .
                0x00082be0                . = ALIGN (0x4)
 *crtbegin.o(.ctors)
 *(EXCLUDE_FILE(*crtend.o) .ctors)
 *(SORT(.ctors.*))
 *crtend.o(.ctors)
                0x00082be0                . = ALIGN (0x4)
 *(.fini)
 .fini          0x00082be0        0x4 c:/program files/atmel/atmel toolchain/arm gcc/native/4.8.1443/arm-gnu-toolchain/bin/../lib/gcc/arm-none-eabi/4.8.4/armv7-m/crti.o
                0x00082be0                _fini
 .fini          0x00082be4        0x8 c:/program files/atmel/atmel toolchain/arm gcc/native/4.8.1443/arm-gnu-toolchain/bin/../lib/gcc/arm-none-eabi/4.8.4/armv7-m/crtn.o
                0x00082bec                . = ALIGN (0x4)
                0x00082bec                __fini_array_start = .
 *(.fini_array)
 .fini_array    0x00082bec        0x4 c:/program files/atmel/atmel toolchain/arm gcc/native/4.8.1443/arm-gnu-toolchain/bin/../lib/gcc/arm-none-eabi/4.8.4/armv7-m/crtbegin.o
 *(SORT(.fini_array.*))
                0x00082bf0                __fini_array_end = .
 *crtbegin.o(.dtors)
 *(EXCLUDE_FILE(*crtend.o) .dtors)
 *(SORT(.dtors.*))
 *crtend.o(.dtors)
                0x00082bf0                . = ALIGN (0x4)
                0x00082bf0                _efixed = .
                0x00082bf0                PROVIDE (__exidx_start, .)

.vfp11_veneer   0x00082bf0        0x0
 .vfp11_veneer  0x00000000        0x0 linker stubs

.v4_bx          0x00082bf0        0x0
 .v4_bx         0x00000000        0x0 linker stubs

.iplt           0x00082bf0        0x0
 .iplt          0x00000000        0x0 c:/program files/atmel/atmel toolchain/arm gcc/native/4.8.1443/arm-gnu-toolchain/bin/../lib/gcc/arm-none-eabi/4.8.4/armv7-m/crtbegin.o

.eh_frame       0x00082bf0        0x0
 .eh_frame      0x00082bf0        0x0 c:/program files/atmel/atmel toolchain/arm gcc/native/4.8.1443/arm-gnu-toolchain/bin/../lib/gcc/arm-none-eabi/4.8.4/armv7-m/crtbegin.o

.rel.dyn        0x00082bf0        0x0
 .rel.iplt      0x00000000        0x0 c:/program files/atmel/atmel toolchain/arm gcc/native/4.8.1443/arm-gnu-toolchain/bin/../lib/gcc/arm-none-eabi/4.8.4/armv7-m/crtbegin.o

.jcr            0x00082bf0        0x0
 .jcr           0x00082bf0        0x0 c:/program files/atmel/atmel toolchain/arm gcc/native/4.8.1443/arm-gnu-toolchain/bin/../lib/gcc/arm-none-eabi/4.8.4/armv7-m/crtbegin.o

.igot.plt       0x00082bf0        0x0
 .igot.plt      0x00000000        0x0 c:/program files/atmel/atmel toolchain/arm gcc/native/4.8.1443/arm-gnu-toolchain/bin/../lib/gcc/arm-none-eabi/4.8.4/armv7-m/crtbegin.o

.ARM.exidx
 *(.ARM.exidx* .gnu.linkonce.armexidx.*)
                0x00082bf0                PROVIDE (__exidx_end, .)
                0x00082bf0                . = ALIGN (0x4)
                0x00082bf0                _etext = .

.relocate       0x20070000      0x974 load address 0x00082bf0
                0x20070000                . = ALIGN (0x4)
                0x20070000                _srelocate = .
 *(.ramfunc .ramfunc.*)
 .ramfunc       0x20070000      0x12c src/ASF/sam/utils/cmsis/sam3x/source/templates/system_sam3x.o
                0x20070000                SystemInit
                0x200700a4                system_init_flash
 *(.data .data.*)
 .data.g_interrupt_enabled
                0x2007012c        0x1 src/ASF/common/utils/interrupt/interrupt_sam_nvic.o
                0x2007012c                g_interrupt_enabled
 *fill*         0x2007012d        0x3 
 .data.SystemCoreClock
                0x20070130        0x4 src/ASF/sam/utils/cmsis/sam3x/source/templates/system_sam3x.o
                0x20070130                SystemCoreClock
 *fill*         0x20070134        0x4 
 .data.impure_data
                0x20070138      0x428 c:/program files/atmel/atmel toolchain/arm gcc/native/4.8.1443/arm-gnu-toolchain/bin/../lib/gcc/arm-none-eabi/4.8.4/../../../../arm-none-eabi/lib/armv7-m\libc.a(lib_a-impure.o)
 .data._impure_ptr
                0x20070560        0x4 c:/program files/atmel/atmel toolchain/arm gcc/native/4.8.1443/arm-gnu-toolchain/bin/../lib/gcc/arm-none-eabi/4.8.4/../../../../arm-none-eabi/lib/armv7-m\libc.a(lib_a-impure.o)
                0x20070560                _impure_ptr
 .data.__malloc_av_
                0x20070564      0x408 c:/program files/atmel/atmel toolchain/arm gcc/native/4.8.1443/arm-gnu-toolchain/bin/../lib/gcc/arm-none-eabi/4.8.4/../../../../arm-none-eabi/lib/armv7-m\libc.a(lib_a-mallocr.o)
                0x20070564                __malloc_av_
 .data.__malloc_trim_threshold
                0x2007096c        0x4 c:/program files/atmel/atmel toolchain/arm gcc/native/4.8.1443/arm-gnu-toolchain/bin/../lib/gcc/arm-none-eabi/4.8.4/../../../../arm-none-eabi/lib/armv7-m\libc.a(lib_a-mallocr.o)
                0x2007096c                __malloc_trim_threshold
 .data.__malloc_sbrk_base
                0x20070970        0x4 c:/program files/atmel/atmel toolchain/arm gcc/native/4.8.1443/arm-gnu-toolchain/bin/../lib/gcc/arm-none-eabi/4.8.4/../../../../arm-none-eabi/lib/armv7-m\libc.a(lib_a-mallocr.o)
                0x20070970                __malloc_sbrk_base
                0x20070974                . = ALIGN (0x4)
                0x20070974                _erelocate = .

.bss            0x20070974      0x1f0 load address 0x00083564
                0x20070974                . = ALIGN (0x4)
                0x20070974                _sbss = .
                0x20070974                _szero = .
 *(.bss .bss.*)
 .bss           0x20070974       0x1c c:/program files/atmel/atmel toolchain/arm gcc/native/4.8.1443/arm-gnu-toolchain/bin/../lib/gcc/arm-none-eabi/4.8.4/armv7-m/crtbegin.o
 .bss.serial_rx_buf
                0x20070990       0x9c src/ASF/thirdparty/wireless/addons/sio2host/uart/sio2host.o
 .bss.serial_rx_buf_tail
                0x20070a2c        0x1 src/ASF/thirdparty/wireless/addons/sio2host/uart/sio2host.o
 *fill*         0x20070a2d        0x3 
 .bss.gs_interrupt_sources
                0x20070a30       0x70 src/ASF/sam/drivers/pio/pio_handler.o
 .bss.heap.5098
                0x20070aa0        0x4 src/ASF/sam/utils/syscalls/gcc/syscalls.o
 .bss.__malloc_max_total_mem
                0x20070aa4        0x4 c:/program files/atmel/atmel toolchain/arm gcc/native/4.8.1443/arm-gnu-toolchain/bin/../lib/gcc/arm-none-eabi/4.8.4/../../../../arm-none-eabi/lib/armv7-m\libc.a(lib_a-mallocr.o)
                0x20070aa4                __malloc_max_total_mem
 .bss.__malloc_max_sbrked_mem
                0x20070aa8        0x4 c:/program files/atmel/atmel toolchain/arm gcc/native/4.8.1443/arm-gnu-toolchain/bin/../lib/gcc/arm-none-eabi/4.8.4/../../../../arm-none-eabi/lib/armv7-m\libc.a(lib_a-mallocr.o)
                0x20070aa8                __malloc_max_sbrked_mem
 .bss.__malloc_top_pad
                0x20070aac        0x4 c:/program files/atmel/atmel toolchain/arm gcc/native/4.8.1443/arm-gnu-toolchain/bin/../lib/gcc/arm-none-eabi/4.8.4/../../../../arm-none-eabi/lib/armv7-m\libc.a(lib_a-mallocr.o)
                0x20070aac                __malloc_top_pad
 .bss.__malloc_current_mallinfo
                0x20070ab0       0x28 c:/program files/atmel/atmel toolchain/arm gcc/native/4.8.1443/arm-gnu-toolchain/bin/../lib/gcc/arm-none-eabi/4.8.4/../../../../arm-none-eabi/lib/armv7-m\libc.a(lib_a-mallocr.o)
                0x20070ab0                __malloc_current_mallinfo
 *(COMMON)
 COMMON         0x20070ad8        0x4 src/ASF/common/utils/stdio/read.o
                0x20070ad8                ptr_get
 COMMON         0x20070adc       0x7c unity/unity.o
                0x20070adc                Unity
 COMMON         0x20070b58        0x8 src/ASF/common/utils/stdio/write.o
                0x20070b58                ptr_put
                0x20070b5c                stdio_base
 COMMON         0x20070b60        0x4 c:/program files/atmel/atmel toolchain/arm gcc/native/4.8.1443/arm-gnu-toolchain/bin/../lib/gcc/arm-none-eabi/4.8.4/../../../../arm-none-eabi/lib/armv7-m\libc.a(lib_a-reent.o)
                0x20070b60                errno
                0x20070b64                . = ALIGN (0x4)
                0x20070b64                _ebss = .
                0x20070b64                _ezero = .

.stack          0x20070b64     0x2004 load address 0x00083754
                0x20070b68                . = ALIGN (0x8)
 *fill*         0x20070b64        0x4 
                0x20070b68                _sstack = .
                0x20072b68                . = (. + __stack_size__)
 *fill*         0x20070b68     0x2000 
                0x20072b68                . = ALIGN (0x8)
                0x20072b68                _estack = .
                0x20072b68                . = ALIGN (0x4)
                0x20072b68                _end = .
OUTPUT(Project1401a.elf elf32-littlearm)

.ARM.attributes
                0x00000000       0x29
 .ARM.attributes
                0x00000000       0x1d c:/program files/atmel/atmel toolchain/arm gcc/native/4.8.1443/arm-gnu-toolchain/bin/../lib/gcc/arm-none-eabi/4.8.4/armv7-m/crti.o
 .ARM.attributes
                0x0000001d       0x2d c:/program files/atmel/atmel toolchain/arm gcc/native/4.8.1443/arm-gnu-toolchain/bin/../lib/gcc/arm-none-eabi/4.8.4/armv7-m/crtbegin.o
 .ARM.attributes
                0x0000004a       0x33 src/ASF/common/utils/stdio/read.o
 .ARM.attributes
                0x0000007d       0x33 src/ASF/sam/drivers/usart/usart.o
 .ARM.attributes
                0x000000b0       0x33 src/ASF/thirdparty/wireless/addons/sio2host/uart/sio2host.o
 .ARM.attributes
                0x000000e3       0x33 src/digitalIO.o
 .ARM.attributes
                0x00000116       0x33 unity/unity.o
 .ARM.attributes
                0x00000149       0x33 src/ASF/common/utils/stdio/write.o
 .ARM.attributes
                0x0000017c       0x33 src/ASF/common/services/serial/usart_serial.o
 .ARM.attributes
                0x000001af       0x33 src/ASF/sam/drivers/uart/uart.o
 .ARM.attributes
                0x000001e2       0x33 test/test_digitalIO.o
 .ARM.attributes
                0x00000215       0x33 test/test_digitalIO_runner.o
 .ARM.attributes
                0x00000248       0x33 src/ASF/common/services/clock/sam3x/sysclk.o
 .ARM.attributes
                0x0000027b       0x33 src/ASF/common/utils/interrupt/interrupt_sam_nvic.o
 .ARM.attributes
                0x000002ae       0x33 src/ASF/sam/boards/arduino_due_x/init.o
 .ARM.attributes
                0x000002e1       0x33 src/ASF/sam/drivers/pio/pio.o
 .ARM.attributes
                0x00000314       0x33 src/ASF/sam/drivers/pio/pio_handler.o
 .ARM.attributes
                0x00000347       0x33 src/ASF/sam/drivers/pmc/pmc.o
 .ARM.attributes
                0x0000037a       0x33 src/ASF/sam/utils/cmsis/sam3x/source/templates/exceptions.o
 .ARM.attributes
                0x000003ad       0x33 src/ASF/sam/utils/cmsis/sam3x/source/templates/gcc/startup_sam3x.o
 .ARM.attributes
                0x000003e0       0x33 src/ASF/sam/utils/cmsis/sam3x/source/templates/system_sam3x.o
 .ARM.attributes
                0x00000413       0x33 src/ASF/sam/utils/syscalls/gcc/syscalls.o
 .ARM.attributes
                0x00000446       0x2d c:/program files/atmel/atmel toolchain/arm gcc/native/4.8.1443/arm-gnu-toolchain/bin/../lib/gcc/arm-none-eabi/4.8.4/../../../../arm-none-eabi/lib/armv7-m\libc.a(lib_a-impure.o)
 .ARM.attributes
                0x00000473       0x2d c:/program files/atmel/atmel toolchain/arm gcc/native/4.8.1443/arm-gnu-toolchain/bin/../lib/gcc/arm-none-eabi/4.8.4/../../../../arm-none-eabi/lib/armv7-m\libc.a(lib_a-init.o)
 .ARM.attributes
                0x000004a0       0x2d c:/program files/atmel/atmel toolchain/arm gcc/native/4.8.1443/arm-gnu-toolchain/bin/../lib/gcc/arm-none-eabi/4.8.4/../../../../arm-none-eabi/lib/armv7-m\libc.a(lib_a-memset.o)
 .ARM.attributes
                0x000004cd       0x2d c:/program files/atmel/atmel toolchain/arm gcc/native/4.8.1443/arm-gnu-toolchain/bin/../lib/gcc/arm-none-eabi/4.8.4/../../../../arm-none-eabi/lib/armv7-m\libc.a(lib_a-setbuf.o)
 .ARM.attributes
                0x000004fa       0x1b c:/program files/atmel/atmel toolchain/arm gcc/native/4.8.1443/arm-gnu-toolchain/bin/../lib/gcc/arm-none-eabi/4.8.4/../../../../arm-none-eabi/lib/armv7-m\libc.a(lib_a-setjmp.o)
 .ARM.attributes
                0x00000515       0x2d c:/program files/atmel/atmel toolchain/arm gcc/native/4.8.1443/arm-gnu-toolchain/bin/../lib/gcc/arm-none-eabi/4.8.4/../../../../arm-none-eabi/lib/armv7-m\libc.a(lib_a-setvbuf.o)
 .ARM.attributes
                0x00000542       0x2d c:/program files/atmel/atmel toolchain/arm gcc/native/4.8.1443/arm-gnu-toolchain/bin/../lib/gcc/arm-none-eabi/4.8.4/../../../../arm-none-eabi/lib/armv7-m\libc.a(lib_a-wbuf.o)
 .ARM.attributes
                0x0000056f       0x2d c:/program files/atmel/atmel toolchain/arm gcc/native/4.8.1443/arm-gnu-toolchain/bin/../lib/gcc/arm-none-eabi/4.8.4/../../../../arm-none-eabi/lib/armv7-m\libc.a(lib_a-wsetup.o)
 .ARM.attributes
                0x0000059c       0x2d c:/program files/atmel/atmel toolchain/arm gcc/native/4.8.1443/arm-gnu-toolchain/bin/../lib/gcc/arm-none-eabi/4.8.4/../../../../arm-none-eabi/lib/armv7-m\libc.a(lib_a-__call_atexit.o)
 .ARM.attributes
                0x000005c9       0x2d c:/program files/atmel/atmel toolchain/arm gcc/native/4.8.1443/arm-gnu-toolchain/bin/../lib/gcc/arm-none-eabi/4.8.4/../../../../arm-none-eabi/lib/armv7-m\libc.a(lib_a-atexit.o)
 .ARM.attributes
                0x000005f6       0x2d c:/program files/atmel/atmel toolchain/arm gcc/native/4.8.1443/arm-gnu-toolchain/bin/../lib/gcc/arm-none-eabi/4.8.4/../../../../arm-none-eabi/lib/armv7-m\libc.a(lib_a-fflush.o)
 .ARM.attributes
                0x00000623       0x2d c:/program files/atmel/atmel toolchain/arm gcc/native/4.8.1443/arm-gnu-toolchain/bin/../lib/gcc/arm-none-eabi/4.8.4/../../../../arm-none-eabi/lib/armv7-m\libc.a(lib_a-findfp.o)
 .ARM.attributes
                0x00000650       0x2d c:/program files/atmel/atmel toolchain/arm gcc/native/4.8.1443/arm-gnu-toolchain/bin/../lib/gcc/arm-none-eabi/4.8.4/../../../../arm-none-eabi/lib/armv7-m\libc.a(lib_a-fini.o)
 .ARM.attributes
                0x0000067d       0x2d c:/program files/atmel/atmel toolchain/arm gcc/native/4.8.1443/arm-gnu-toolchain/bin/../lib/gcc/arm-none-eabi/4.8.4/../../../../arm-none-eabi/lib/armv7-m\libc.a(lib_a-freer.o)
 .ARM.attributes
                0x000006aa       0x2d c:/program files/atmel/atmel toolchain/arm gcc/native/4.8.1443/arm-gnu-toolchain/bin/../lib/gcc/arm-none-eabi/4.8.4/../../../../arm-none-eabi/lib/armv7-m\libc.a(lib_a-fwalk.o)
 .ARM.attributes
                0x000006d7       0x2d c:/program files/atmel/atmel toolchain/arm gcc/native/4.8.1443/arm-gnu-toolchain/bin/../lib/gcc/arm-none-eabi/4.8.4/../../../../arm-none-eabi/lib/armv7-m\libc.a(lib_a-makebuf.o)
 .ARM.attributes
                0x00000704       0x2d c:/program files/atmel/atmel toolchain/arm gcc/native/4.8.1443/arm-gnu-toolchain/bin/../lib/gcc/arm-none-eabi/4.8.4/../../../../arm-none-eabi/lib/armv7-m\libc.a(lib_a-malloc.o)
 .ARM.attributes
                0x00000731       0x2d c:/program files/atmel/atmel toolchain/arm gcc/native/4.8.1443/arm-gnu-toolchain/bin/../lib/gcc/arm-none-eabi/4.8.4/../../../../arm-none-eabi/lib/armv7-m\libc.a(lib_a-mallocr.o)
 .ARM.attributes
                0x0000075e       0x2d c:/program files/atmel/atmel toolchain/arm gcc/native/4.8.1443/arm-gnu-toolchain/bin/../lib/gcc/arm-none-eabi/4.8.4/../../../../arm-none-eabi/lib/armv7-m\libc.a(lib_a-mlock.o)
 .ARM.attributes
                0x0000078b       0x2d c:/program files/atmel/atmel toolchain/arm gcc/native/4.8.1443/arm-gnu-toolchain/bin/../lib/gcc/arm-none-eabi/4.8.4/../../../../arm-none-eabi/lib/armv7-m\libc.a(lib_a-sbrkr.o)
 .ARM.attributes
                0x000007b8       0x2d c:/program files/atmel/atmel toolchain/arm gcc/native/4.8.1443/arm-gnu-toolchain/bin/../lib/gcc/arm-none-eabi/4.8.4/../../../../arm-none-eabi/lib/armv7-m\libc.a(lib_a-stdio.o)
 .ARM.attributes
                0x000007e5       0x2d c:/program files/atmel/atmel toolchain/arm gcc/native/4.8.1443/arm-gnu-toolchain/bin/../lib/gcc/arm-none-eabi/4.8.4/../../../../arm-none-eabi/lib/armv7-m\libc.a(lib_a-writer.o)
 .ARM.attributes
                0x00000812       0x2d c:/program files/atmel/atmel toolchain/arm gcc/native/4.8.1443/arm-gnu-toolchain/bin/../lib/gcc/arm-none-eabi/4.8.4/../../../../arm-none-eabi/lib/armv7-m\libc.a(lib_a-__atexit.o)
 .ARM.attributes
                0x0000083f       0x2d c:/program files/atmel/atmel toolchain/arm gcc/native/4.8.1443/arm-gnu-toolchain/bin/../lib/gcc/arm-none-eabi/4.8.4/../../../../arm-none-eabi/lib/armv7-m\libc.a(lib_a-closer.o)
 .ARM.attributes
                0x0000086c       0x2d c:/program files/atmel/atmel toolchain/arm gcc/native/4.8.1443/arm-gnu-toolchain/bin/../lib/gcc/arm-none-eabi/4.8.4/../../../../arm-none-eabi/lib/armv7-m\libc.a(lib_a-fclose.o)
 .ARM.attributes
                0x00000899       0x2d c:/program files/atmel/atmel toolchain/arm gcc/native/4.8.1443/arm-gnu-toolchain/bin/../lib/gcc/arm-none-eabi/4.8.4/../../../../arm-none-eabi/lib/armv7-m\libc.a(lib_a-fstatr.o)
 .ARM.attributes
                0x000008c6       0x2d c:/program files/atmel/atmel toolchain/arm gcc/native/4.8.1443/arm-gnu-toolchain/bin/../lib/gcc/arm-none-eabi/4.8.4/../../../../arm-none-eabi/lib/armv7-m\libc.a(lib_a-isattyr.o)
 .ARM.attributes
                0x000008f3       0x2d c:/program files/atmel/atmel toolchain/arm gcc/native/4.8.1443/arm-gnu-toolchain/bin/../lib/gcc/arm-none-eabi/4.8.4/../../../../arm-none-eabi/lib/armv7-m\libc.a(lib_a-lseekr.o)
 .ARM.attributes
                0x00000920       0x2d c:/program files/atmel/atmel toolchain/arm gcc/native/4.8.1443/arm-gnu-toolchain/bin/../lib/gcc/arm-none-eabi/4.8.4/../../../../arm-none-eabi/lib/armv7-m\libc.a(lib_a-readr.o)
 .ARM.attributes
                0x0000094d       0x2d c:/program files/atmel/atmel toolchain/arm gcc/native/4.8.1443/arm-gnu-toolchain/bin/../lib/gcc/arm-none-eabi/4.8.4/../../../../arm-none-eabi/lib/armv7-m\libc.a(lib_a-reent.o)
 .ARM.attributes
                0x0000097a       0x1d c:/program files/atmel/atmel toolchain/arm gcc/native/4.8.1443/arm-gnu-toolchain/bin/../lib/gcc/arm-none-eabi/4.8.4/armv7-m/crtn.o

.comment        0x00000000       0x5b
 .comment       0x00000000       0x5b src/ASF/common/utils/stdio/read.o
                                 0x5c (size before relaxing)
 .comment       0x00000000       0x5c src/ASF/sam/drivers/usart/usart.o
 .comment       0x00000000       0x5c src/ASF/thirdparty/wireless/addons/sio2host/uart/sio2host.o
 .comment       0x00000000       0x5c src/digitalIO.o
 .comment       0x00000000       0x5c unity/unity.o
 .comment       0x00000000       0x5c src/ASF/common/utils/stdio/write.o
 .comment       0x00000000       0x5c src/ASF/common/services/serial/usart_serial.o
 .comment       0x00000000       0x5c src/ASF/sam/drivers/uart/uart.o
 .comment       0x00000000       0x5c test/test_digitalIO.o
 .comment       0x00000000       0x5c test/test_digitalIO_runner.o
 .comment       0x00000000       0x5c src/ASF/common/services/clock/sam3x/sysclk.o
 .comment       0x00000000       0x5c src/ASF/common/utils/interrupt/interrupt_sam_nvic.o
 .comment       0x00000000       0x5c src/ASF/sam/boards/arduino_due_x/init.o
 .comment       0x00000000       0x5c src/ASF/sam/drivers/pio/pio.o
 .comment       0x00000000       0x5c src/ASF/sam/drivers/pio/pio_handler.o
 .comment       0x00000000       0x5c src/ASF/sam/drivers/pmc/pmc.o
 .comment       0x00000000       0x5c src/ASF/sam/utils/cmsis/sam3x/source/templates/exceptions.o
 .comment       0x00000000       0x5c src/ASF/sam/utils/cmsis/sam3x/source/templates/gcc/startup_sam3x.o
 .comment       0x00000000       0x5c src/ASF/sam/utils/cmsis/sam3x/source/templates/system_sam3x.o
 .comment       0x00000000       0x5c src/ASF/sam/utils/syscalls/gcc/syscalls.o

.debug_info     0x00000000     0xe944
 .debug_info    0x00000000      0x1bb src/ASF/common/utils/stdio/read.o
 .debug_info    0x000001bb     0x1bfa src/ASF/sam/drivers/usart/usart.o
 .debug_info    0x00001db5     0x187d src/ASF/thirdparty/wireless/addons/sio2host/uart/sio2host.o
 .debug_info    0x00003632       0xbf src/digitalIO.o
 .debug_info    0x000036f1     0x2b92 unity/unity.o
 .debug_info    0x00006283      0x1c0 src/ASF/common/utils/stdio/write.o
 .debug_info    0x00006443      0x7c5 src/ASF/common/services/serial/usart_serial.o
 .debug_info    0x00006c08      0x889 src/ASF/sam/drivers/uart/uart.o
 .debug_info    0x00007491     0x1093 test/test_digitalIO.o
 .debug_info    0x00008524     0x1309 test/test_digitalIO_runner.o
 .debug_info    0x0000982d      0x796 src/ASF/common/services/clock/sam3x/sysclk.o
 .debug_info    0x00009fc3      0x1e8 src/ASF/common/utils/interrupt/interrupt_sam_nvic.o
 .debug_info    0x0000a1ab      0x75c src/ASF/sam/boards/arduino_due_x/init.o
 .debug_info    0x0000a907     0x1385 src/ASF/sam/drivers/pio/pio.o
 .debug_info    0x0000bc8c      0xe52 src/ASF/sam/drivers/pio/pio_handler.o
 .debug_info    0x0000cade     0x1080 src/ASF/sam/drivers/pmc/pmc.o
 .debug_info    0x0000db5e      0x124 src/ASF/sam/utils/cmsis/sam3x/source/templates/exceptions.o
 .debug_info    0x0000dc82      0x3bd src/ASF/sam/utils/cmsis/sam3x/source/templates/gcc/startup_sam3x.o
 .debug_info    0x0000e03f      0x4c6 src/ASF/sam/utils/cmsis/sam3x/source/templates/system_sam3x.o
 .debug_info    0x0000e505      0x43f src/ASF/sam/utils/syscalls/gcc/syscalls.o

.debug_abbrev   0x00000000     0x25b8
 .debug_abbrev  0x00000000      0x101 src/ASF/common/utils/stdio/read.o
 .debug_abbrev  0x00000101      0x2dc src/ASF/sam/drivers/usart/usart.o
 .debug_abbrev  0x000003dd      0x3da src/ASF/thirdparty/wireless/addons/sio2host/uart/sio2host.o
 .debug_abbrev  0x000007b7       0x88 src/digitalIO.o
 .debug_abbrev  0x0000083f      0x371 unity/unity.o
 .debug_abbrev  0x00000bb0       0xf5 src/ASF/common/utils/stdio/write.o
 .debug_abbrev  0x00000ca5      0x1a8 src/ASF/common/services/serial/usart_serial.o
 .debug_abbrev  0x00000e4d      0x1bd src/ASF/sam/drivers/uart/uart.o
 .debug_abbrev  0x0000100a      0x244 test/test_digitalIO.o
 .debug_abbrev  0x0000124e      0x34a test/test_digitalIO_runner.o
 .debug_abbrev  0x00001598      0x227 src/ASF/common/services/clock/sam3x/sysclk.o
 .debug_abbrev  0x000017bf       0xef src/ASF/common/utils/interrupt/interrupt_sam_nvic.o
 .debug_abbrev  0x000018ae      0x16f src/ASF/sam/boards/arduino_due_x/init.o
 .debug_abbrev  0x00001a1d      0x2d5 src/ASF/sam/drivers/pio/pio.o
 .debug_abbrev  0x00001cf2      0x257 src/ASF/sam/drivers/pio/pio_handler.o
 .debug_abbrev  0x00001f49      0x268 src/ASF/sam/drivers/pmc/pmc.o
 .debug_abbrev  0x000021b1       0x8c src/ASF/sam/utils/cmsis/sam3x/source/templates/exceptions.o
 .debug_abbrev  0x0000223d      0x118 src/ASF/sam/utils/cmsis/sam3x/source/templates/gcc/startup_sam3x.o
 .debug_abbrev  0x00002355      0x115 src/ASF/sam/utils/cmsis/sam3x/source/templates/system_sam3x.o
 .debug_abbrev  0x0000246a      0x14e src/ASF/sam/utils/syscalls/gcc/syscalls.o

.debug_loc      0x00000000     0x6134
 .debug_loc     0x00000000       0xc5 src/ASF/common/utils/stdio/read.o
 .debug_loc     0x000000c5     0x128d src/ASF/sam/drivers/usart/usart.o
 .debug_loc     0x00001352      0x4b5 src/ASF/thirdparty/wireless/addons/sio2host/uart/sio2host.o
 .debug_loc     0x00001807     0x1f45 unity/unity.o
 .debug_loc     0x0000374c      0x161 src/ASF/common/utils/stdio/write.o
 .debug_loc     0x000038ad      0x2d1 src/ASF/common/services/serial/usart_serial.o
 .debug_loc     0x00003b7e      0x236 src/ASF/sam/drivers/uart/uart.o
 .debug_loc     0x00003db4      0x18c test/test_digitalIO.o
 .debug_loc     0x00003f40      0x28b test/test_digitalIO_runner.o
 .debug_loc     0x000041cb      0x12d src/ASF/common/services/clock/sam3x/sysclk.o
 .debug_loc     0x000042f8       0x1e src/ASF/common/utils/interrupt/interrupt_sam_nvic.o
 .debug_loc     0x00004316       0x20 src/ASF/sam/boards/arduino_due_x/init.o
 .debug_loc     0x00004336      0xa83 src/ASF/sam/drivers/pio/pio.o
 .debug_loc     0x00004db9      0x53d src/ASF/sam/drivers/pio/pio_handler.o
 .debug_loc     0x000052f6      0xc95 src/ASF/sam/drivers/pmc/pmc.o
 .debug_loc     0x00005f8b       0x7e src/ASF/sam/utils/cmsis/sam3x/source/templates/gcc/startup_sam3x.o
 .debug_loc     0x00006009      0x12b src/ASF/sam/utils/syscalls/gcc/syscalls.o

.debug_aranges  0x00000000      0xb30
 .debug_aranges
                0x00000000       0x20 src/ASF/common/utils/stdio/read.o
 .debug_aranges
                0x00000020      0x2a8 src/ASF/sam/drivers/usart/usart.o
 .debug_aranges
                0x000002c8       0x60 src/ASF/thirdparty/wireless/addons/sio2host/uart/sio2host.o
 .debug_aranges
                0x00000328       0x28 src/digitalIO.o
 .debug_aranges
                0x00000350      0x110 unity/unity.o
 .debug_aranges
                0x00000460       0x20 src/ASF/common/utils/stdio/write.o
 .debug_aranges
                0x00000480       0x28 src/ASF/common/services/serial/usart_serial.o
 .debug_aranges
                0x000004a8       0xe8 src/ASF/sam/drivers/uart/uart.o
 .debug_aranges
                0x00000590       0x78 test/test_digitalIO.o
 .debug_aranges
                0x00000608       0x30 test/test_digitalIO_runner.o
 .debug_aranges
                0x00000638       0x40 src/ASF/common/services/clock/sam3x/sysclk.o
 .debug_aranges
                0x00000678       0x28 src/ASF/common/utils/interrupt/interrupt_sam_nvic.o
 .debug_aranges
                0x000006a0       0x20 src/ASF/sam/boards/arduino_due_x/init.o
 .debug_aranges
                0x000006c0      0x148 src/ASF/sam/drivers/pio/pio.o
 .debug_aranges
                0x00000808       0x58 src/ASF/sam/drivers/pio/pio_handler.o
 .debug_aranges
                0x00000860      0x200 src/ASF/sam/drivers/pmc/pmc.o
 .debug_aranges
                0x00000a60       0x20 src/ASF/sam/utils/cmsis/sam3x/source/templates/exceptions.o
 .debug_aranges
                0x00000a80       0x20 src/ASF/sam/utils/cmsis/sam3x/source/templates/gcc/startup_sam3x.o
 .debug_aranges
                0x00000aa0       0x30 src/ASF/sam/utils/cmsis/sam3x/source/templates/system_sam3x.o
 .debug_aranges
                0x00000ad0       0x60 src/ASF/sam/utils/syscalls/gcc/syscalls.o

.debug_ranges   0x00000000      0xa08
 .debug_ranges  0x00000000       0x10 src/ASF/common/utils/stdio/read.o
 .debug_ranges  0x00000010      0x298 src/ASF/sam/drivers/usart/usart.o
 .debug_ranges  0x000002a8       0x50 src/ASF/thirdparty/wireless/addons/sio2host/uart/sio2host.o
 .debug_ranges  0x000002f8       0x18 src/digitalIO.o
 .debug_ranges  0x00000310      0x100 unity/unity.o
 .debug_ranges  0x00000410       0x10 src/ASF/common/utils/stdio/write.o
 .debug_ranges  0x00000420       0x30 src/ASF/common/services/serial/usart_serial.o
 .debug_ranges  0x00000450       0xd8 src/ASF/sam/drivers/uart/uart.o
 .debug_ranges  0x00000528       0x68 test/test_digitalIO.o
 .debug_ranges  0x00000590       0x20 test/test_digitalIO_runner.o
 .debug_ranges  0x000005b0       0x30 src/ASF/common/services/clock/sam3x/sysclk.o
 .debug_ranges  0x000005e0       0x18 src/ASF/common/utils/interrupt/interrupt_sam_nvic.o
 .debug_ranges  0x000005f8       0x10 src/ASF/sam/boards/arduino_due_x/init.o
 .debug_ranges  0x00000608      0x138 src/ASF/sam/drivers/pio/pio.o
 .debug_ranges  0x00000740       0x48 src/ASF/sam/drivers/pio/pio_handler.o
 .debug_ranges  0x00000788      0x1f0 src/ASF/sam/drivers/pmc/pmc.o
 .debug_ranges  0x00000978       0x10 src/ASF/sam/utils/cmsis/sam3x/source/templates/exceptions.o
 .debug_ranges  0x00000988       0x10 src/ASF/sam/utils/cmsis/sam3x/source/templates/gcc/startup_sam3x.o
 .debug_ranges  0x00000998       0x20 src/ASF/sam/utils/cmsis/sam3x/source/templates/system_sam3x.o
 .debug_ranges  0x000009b8       0x50 src/ASF/sam/utils/syscalls/gcc/syscalls.o

.debug_macro    0x00000000    0x18e87
 .debug_macro   0x00000000      0x4a9 src/ASF/common/utils/stdio/read.o
 .debug_macro   0x000004a9      0x874 src/ASF/common/utils/stdio/read.o
 .debug_macro   0x00000d1d      0x166 src/ASF/common/utils/stdio/read.o
 .debug_macro   0x00000e83      0x517 src/ASF/common/utils/stdio/read.o
 .debug_macro   0x0000139a       0x76 src/ASF/common/utils/stdio/read.o
 .debug_macro   0x00001410       0x16 src/ASF/common/utils/stdio/read.o
 .debug_macro   0x00001426      0x6e4 src/ASF/common/utils/stdio/read.o
 .debug_macro   0x00001b0a       0x16 src/ASF/common/utils/stdio/read.o
 .debug_macro   0x00001b20       0x44 src/ASF/common/utils/stdio/read.o
 .debug_macro   0x00001b64      0x209 src/ASF/common/utils/stdio/read.o
 .debug_macro   0x00001d6d       0x20 src/ASF/common/utils/stdio/read.o
 .debug_macro   0x00001d8d       0x3a src/ASF/common/utils/stdio/read.o
 .debug_macro   0x00001dc7       0x2d src/ASF/common/utils/stdio/read.o
 .debug_macro   0x00001df4      0xbb1 src/ASF/common/utils/stdio/read.o
 .debug_macro   0x000029a5      0xab6 src/ASF/common/utils/stdio/read.o
 .debug_macro   0x0000345b      0x569 src/ASF/common/utils/stdio/read.o
 .debug_macro   0x000039c4      0x2b5 src/ASF/common/utils/stdio/read.o
 .debug_macro   0x00003c79      0x31a src/ASF/common/utils/stdio/read.o
 .debug_macro   0x00003f93      0x74f src/ASF/common/utils/stdio/read.o
 .debug_macro   0x000046e2       0x82 src/ASF/common/utils/stdio/read.o
 .debug_macro   0x00004764      0x57b src/ASF/common/utils/stdio/read.o
 .debug_macro   0x00004cdf       0x1c src/ASF/common/utils/stdio/read.o
 .debug_macro   0x00004cfb      0x6b7 src/ASF/common/utils/stdio/read.o
 .debug_macro   0x000053b2      0x52d src/ASF/common/utils/stdio/read.o
 .debug_macro   0x000058df       0xbe src/ASF/common/utils/stdio/read.o
 .debug_macro   0x0000599d     0x2342 src/ASF/common/utils/stdio/read.o
 .debug_macro   0x00007cdf      0x85d src/ASF/common/utils/stdio/read.o
 .debug_macro   0x0000853c      0xdc9 src/ASF/common/utils/stdio/read.o
 .debug_macro   0x00009305       0x7c src/ASF/common/utils/stdio/read.o
 .debug_macro   0x00009381      0x263 src/ASF/common/utils/stdio/read.o
 .debug_macro   0x000095e4       0x58 src/ASF/common/utils/stdio/read.o
 .debug_macro   0x0000963c      0x9a7 src/ASF/common/utils/stdio/read.o
 .debug_macro   0x00009fe3      0x248 src/ASF/common/utils/stdio/read.o
 .debug_macro   0x0000a22b      0x4df src/ASF/common/utils/stdio/read.o
 .debug_macro   0x0000a70a      0x6b3 src/ASF/common/utils/stdio/read.o
 .debug_macro   0x0000adbd      0x59f src/ASF/common/utils/stdio/read.o
 .debug_macro   0x0000b35c       0x46 src/ASF/common/utils/stdio/read.o
 .debug_macro   0x0000b3a2      0x34d src/ASF/common/utils/stdio/read.o
 .debug_macro   0x0000b6ef      0x28c src/ASF/common/utils/stdio/read.o
 .debug_macro   0x0000b97b     0x14d7 src/ASF/common/utils/stdio/read.o
 .debug_macro   0x0000ce52      0x7ba src/ASF/common/utils/stdio/read.o
 .debug_macro   0x0000d60c       0x76 src/ASF/common/utils/stdio/read.o
 .debug_macro   0x0000d682       0x82 src/ASF/common/utils/stdio/read.o
 .debug_macro   0x0000d704       0x76 src/ASF/common/utils/stdio/read.o
 .debug_macro   0x0000d77a       0x4c src/ASF/common/utils/stdio/read.o
 .debug_macro   0x0000d7c6      0x105 src/ASF/common/utils/stdio/read.o
 .debug_macro   0x0000d8cb      0x105 src/ASF/common/utils/stdio/read.o
 .debug_macro   0x0000d9d0      0x105 src/ASF/common/utils/stdio/read.o
 .debug_macro   0x0000dad5       0x88 src/ASF/common/utils/stdio/read.o
 .debug_macro   0x0000db5d       0x88 src/ASF/common/utils/stdio/read.o
 .debug_macro   0x0000dbe5      0x3b4 src/ASF/common/utils/stdio/read.o
 .debug_macro   0x0000df99       0xb8 src/ASF/common/utils/stdio/read.o
 .debug_macro   0x0000e051       0xb8 src/ASF/common/utils/stdio/read.o
 .debug_macro   0x0000e109       0xb8 src/ASF/common/utils/stdio/read.o
 .debug_macro   0x0000e1c1       0xb8 src/ASF/common/utils/stdio/read.o
 .debug_macro   0x0000e279      0x2b8 src/ASF/common/utils/stdio/read.o
 .debug_macro   0x0000e531      0x125 src/ASF/common/utils/stdio/read.o
 .debug_macro   0x0000e656      0x225 src/ASF/common/utils/stdio/read.o
 .debug_macro   0x0000e87b      0x225 src/ASF/common/utils/stdio/read.o
 .debug_macro   0x0000eaa0       0x2e src/ASF/common/utils/stdio/read.o
 .debug_macro   0x0000eace       0xac src/ASF/common/utils/stdio/read.o
 .debug_macro   0x0000eb7a      0x14d src/ASF/common/utils/stdio/read.o
 .debug_macro   0x0000ecc7       0x7c src/ASF/common/utils/stdio/read.o
 .debug_macro   0x0000ed43      0x205 src/ASF/common/utils/stdio/read.o
 .debug_macro   0x0000ef48       0x64 src/ASF/common/utils/stdio/read.o
 .debug_macro   0x0000efac       0xa6 src/ASF/common/utils/stdio/read.o
 .debug_macro   0x0000f052       0x7c src/ASF/common/utils/stdio/read.o
 .debug_macro   0x0000f0ce       0x16 src/ASF/common/utils/stdio/read.o
 .debug_macro   0x0000f0e4       0x22 src/ASF/common/utils/stdio/read.o
 .debug_macro   0x0000f106       0x22 src/ASF/common/utils/stdio/read.o
 .debug_macro   0x0000f128      0x115 src/ASF/common/utils/stdio/read.o
 .debug_macro   0x0000f23d      0x115 src/ASF/common/utils/stdio/read.o
 .debug_macro   0x0000f352      0x115 src/ASF/common/utils/stdio/read.o
 .debug_macro   0x0000f467      0x115 src/ASF/common/utils/stdio/read.o
 .debug_macro   0x0000f57c       0x1c src/ASF/common/utils/stdio/read.o
 .debug_macro   0x0000f598       0x2e src/ASF/common/utils/stdio/read.o
 .debug_macro   0x0000f5c6       0x22 src/ASF/common/utils/stdio/read.o
 .debug_macro   0x0000f5e8       0x1c src/ASF/common/utils/stdio/read.o
 .debug_macro   0x0000f604       0x58 src/ASF/common/utils/stdio/read.o
 .debug_macro   0x0000f65c       0x10 src/ASF/common/utils/stdio/read.o
 .debug_macro   0x0000f66c      0x273 src/ASF/common/utils/stdio/read.o
 .debug_macro   0x0000f8df      0xd43 src/ASF/common/utils/stdio/read.o
 .debug_macro   0x00010622      0x131 src/ASF/common/utils/stdio/read.o
 .debug_macro   0x00010753       0x58 src/ASF/common/utils/stdio/read.o
 .debug_macro   0x000107ab       0x35 src/ASF/common/utils/stdio/read.o
 .debug_macro   0x000107e0       0xa3 src/ASF/common/utils/stdio/read.o
 .debug_macro   0x00010883       0x16 src/ASF/common/utils/stdio/read.o
 .debug_macro   0x00010899       0x35 src/ASF/common/utils/stdio/read.o
 .debug_macro   0x000108ce       0x10 src/ASF/common/utils/stdio/read.o
 .debug_macro   0x000108de       0x52 src/ASF/common/utils/stdio/read.o
 .debug_macro   0x00010930       0x16 src/ASF/common/utils/stdio/read.o
 .debug_macro   0x00010946       0x43 src/ASF/common/utils/stdio/read.o
 .debug_macro   0x00010989      0x180 src/ASF/common/utils/stdio/read.o
 .debug_macro   0x00010b09       0x10 src/ASF/common/utils/stdio/read.o
 .debug_macro   0x00010b19       0x22 src/ASF/common/utils/stdio/read.o
 .debug_macro   0x00010b3b       0xbd src/ASF/common/utils/stdio/read.o
 .debug_macro   0x00010bf8       0x16 src/ASF/common/utils/stdio/read.o
 .debug_macro   0x00010c0e      0x16c src/ASF/common/utils/stdio/read.o
 .debug_macro   0x00010d7a       0x22 src/ASF/common/utils/stdio/read.o
 .debug_macro   0x00010d9c       0x16 src/ASF/common/utils/stdio/read.o
 .debug_macro   0x00010db2       0x16 src/ASF/common/utils/stdio/read.o
 .debug_macro   0x00010dc8       0x29 src/ASF/common/utils/stdio/read.o
 .debug_macro   0x00010df1       0x6e src/ASF/common/utils/stdio/read.o
 .debug_macro   0x00010e5f       0x45 src/ASF/common/utils/stdio/read.o
 .debug_macro   0x00010ea4      0x3ca src/ASF/common/utils/stdio/read.o
 .debug_macro   0x0001126e      0x4f4 src/ASF/sam/drivers/usart/usart.o
 .debug_macro   0x00011762       0x28 src/ASF/sam/drivers/usart/usart.o
 .debug_macro   0x0001178a      0x5d8 src/ASF/thirdparty/wireless/addons/sio2host/uart/sio2host.o
 .debug_macro   0x00011d62       0x94 src/ASF/thirdparty/wireless/addons/sio2host/uart/sio2host.o
 .debug_macro   0x00011df6       0x40 src/ASF/thirdparty/wireless/addons/sio2host/uart/sio2host.o
 .debug_macro   0x00011e36      0x25d src/ASF/thirdparty/wireless/addons/sio2host/uart/sio2host.o
 .debug_macro   0x00012093      0x790 src/ASF/thirdparty/wireless/addons/sio2host/uart/sio2host.o
 .debug_macro   0x00012823       0x34 src/ASF/thirdparty/wireless/addons/sio2host/uart/sio2host.o
 .debug_macro   0x00012857       0x5e src/ASF/thirdparty/wireless/addons/sio2host/uart/sio2host.o
 .debug_macro   0x000128b5       0x64 src/ASF/thirdparty/wireless/addons/sio2host/uart/sio2host.o
 .debug_macro   0x00012919       0x5f src/ASF/thirdparty/wireless/addons/sio2host/uart/sio2host.o
 .debug_macro   0x00012978       0x90 src/ASF/thirdparty/wireless/addons/sio2host/uart/sio2host.o
 .debug_macro   0x00012a08       0x6a src/ASF/thirdparty/wireless/addons/sio2host/uart/sio2host.o
 .debug_macro   0x00012a72       0x34 src/ASF/thirdparty/wireless/addons/sio2host/uart/sio2host.o
 .debug_macro   0x00012aa6       0x1c src/ASF/thirdparty/wireless/addons/sio2host/uart/sio2host.o
 .debug_macro   0x00012ac2       0x2e src/ASF/thirdparty/wireless/addons/sio2host/uart/sio2host.o
 .debug_macro   0x00012af0       0x1c src/ASF/thirdparty/wireless/addons/sio2host/uart/sio2host.o
 .debug_macro   0x00012b0c       0x40 src/ASF/thirdparty/wireless/addons/sio2host/uart/sio2host.o
 .debug_macro   0x00012b4c       0x1b src/digitalIO.o
 .debug_macro   0x00012b67      0x17a unity/unity.o
 .debug_macro   0x00012ce1       0x10 unity/unity.o
 .debug_macro   0x00012cf1       0x4a unity/unity.o
 .debug_macro   0x00012d3b       0x2b unity/unity.o
 .debug_macro   0x00012d66      0x118 unity/unity.o
 .debug_macro   0x00012e7e       0x55 unity/unity.o
 .debug_macro   0x00012ed3       0x1c unity/unity.o
 .debug_macro   0x00012eef       0x97 unity/unity.o
 .debug_macro   0x00012f86       0xef unity/unity.o
 .debug_macro   0x00013075      0x2b2 unity/unity.o
 .debug_macro   0x00013327      0x4a2 unity/unity.o
 .debug_macro   0x000137c9      0x4a9 src/ASF/common/utils/stdio/write.o
 .debug_macro   0x00013c72      0x55c src/ASF/common/services/serial/usart_serial.o
 .debug_macro   0x000141ce      0x4b8 src/ASF/sam/drivers/uart/uart.o
 .debug_macro   0x00014686       0x16 src/ASF/sam/drivers/uart/uart.o
 .debug_macro   0x0001469c      0x645 test/test_digitalIO.o
 .debug_macro   0x00014ce1      0x303 test/test_digitalIO.o
 .debug_macro   0x00014fe4      0x645 test/test_digitalIO_runner.o
 .debug_macro   0x00015629       0x82 test/test_digitalIO_runner.o
 .debug_macro   0x000156ab      0x452 test/test_digitalIO_runner.o
 .debug_macro   0x00015afd       0x7f test/test_digitalIO_runner.o
 .debug_macro   0x00015b7c       0x26 test/test_digitalIO_runner.o
 .debug_macro   0x00015ba2       0x70 test/test_digitalIO_runner.o
 .debug_macro   0x00015c12       0x16 test/test_digitalIO_runner.o
 .debug_macro   0x00015c28      0x529 src/ASF/common/services/clock/sam3x/sysclk.o
 .debug_macro   0x00016151      0x257 src/ASF/common/services/clock/sam3x/sysclk.o
 .debug_macro   0x000163a8      0x4b3 src/ASF/common/utils/interrupt/interrupt_sam_nvic.o
 .debug_macro   0x0001685b       0x3f src/ASF/common/utils/interrupt/interrupt_sam_nvic.o
 .debug_macro   0x0001689a      0x568 src/ASF/sam/boards/arduino_due_x/init.o
 .debug_macro   0x00016e02      0x4c4 src/ASF/sam/drivers/pio/pio.o
 .debug_macro   0x000172c6       0x8e src/ASF/sam/drivers/pio/pio.o
 .debug_macro   0x00017354      0x4c8 src/ASF/sam/drivers/pio/pio_handler.o
 .debug_macro   0x0001781c      0x4be src/ASF/sam/drivers/pmc/pmc.o
 .debug_macro   0x00017cda       0x58 src/ASF/sam/drivers/pmc/pmc.o
 .debug_macro   0x00017d32      0x4bd src/ASF/sam/utils/cmsis/sam3x/source/templates/exceptions.o
 .debug_macro   0x000181ef      0x4cb src/ASF/sam/utils/cmsis/sam3x/source/templates/gcc/startup_sam3x.o
 .debug_macro   0x000186ba      0x4cb src/ASF/sam/utils/cmsis/sam3x/source/templates/system_sam3x.o
 .debug_macro   0x00018b85      0x129 src/ASF/sam/utils/syscalls/gcc/syscalls.o
 .debug_macro   0x00018cae       0x52 src/ASF/sam/utils/syscalls/gcc/syscalls.o
 .debug_macro   0x00018d00       0x16 src/ASF/sam/utils/syscalls/gcc/syscalls.o
 .debug_macro   0x00018d16       0x10 src/ASF/sam/utils/syscalls/gcc/syscalls.o
 .debug_macro   0x00018d26       0x41 src/ASF/sam/utils/syscalls/gcc/syscalls.o
 .debug_macro   0x00018d67      0x120 src/ASF/sam/utils/syscalls/gcc/syscalls.o

.debug_line     0x00000000     0xecc8
 .debug_line    0x00000000      0xac1 src/ASF/common/utils/stdio/read.o
 .debug_line    0x00000ac1     0x1192 src/ASF/sam/drivers/usart/usart.o
 .debug_line    0x00001c53      0xfe5 src/ASF/thirdparty/wireless/addons/sio2host/uart/sio2host.o
 .debug_line    0x00002c38       0x60 src/digitalIO.o
 .debug_line    0x00002c98      0xa59 unity/unity.o
 .debug_line    0x000036f1      0xab7 src/ASF/common/utils/stdio/write.o
 .debug_line    0x000041a8      0xd03 src/ASF/common/services/serial/usart_serial.o
 .debug_line    0x00004eab      0xc77 src/ASF/sam/drivers/uart/uart.o
 .debug_line    0x00005b22      0xff5 test/test_digitalIO.o
 .debug_line    0x00006b17      0xffb test/test_digitalIO_runner.o
 .debug_line    0x00007b12      0xc30 src/ASF/common/services/clock/sam3x/sysclk.o
 .debug_line    0x00008742      0xadc src/ASF/common/utils/interrupt/interrupt_sam_nvic.o
 .debug_line    0x0000921e      0xcc7 src/ASF/sam/boards/arduino_due_x/init.o
 .debug_line    0x00009ee5      0xe2a src/ASF/sam/drivers/pio/pio.o
 .debug_line    0x0000ad0f      0xb75 src/ASF/sam/drivers/pio/pio_handler.o
 .debug_line    0x0000b884     0x102d src/ASF/sam/drivers/pmc/pmc.o
 .debug_line    0x0000c8b1      0xa9d src/ASF/sam/utils/cmsis/sam3x/source/templates/exceptions.o
 .debug_line    0x0000d34e      0xaed src/ASF/sam/utils/cmsis/sam3x/source/templates/gcc/startup_sam3x.o
 .debug_line    0x0000de3b      0xb0a src/ASF/sam/utils/cmsis/sam3x/source/templates/system_sam3x.o
 .debug_line    0x0000e945      0x383 src/ASF/sam/utils/syscalls/gcc/syscalls.o

.debug_str      0x00000000    0x6bae1
 .debug_str     0x00000000    0x5908b src/ASF/common/utils/stdio/read.o
                              0x59383 (size before relaxing)
 .debug_str     0x0005908b      0xc86 src/ASF/sam/drivers/usart/usart.o
                              0x59ffa (size before relaxing)
 .debug_str     0x00059d11     0x512e src/ASF/thirdparty/wireless/addons/sio2host/uart/sio2host.o
                              0x5e77e (size before relaxing)
 .debug_str     0x0005ee3f       0x64 src/digitalIO.o
                               0x24d3 (size before relaxing)
 .debug_str     0x0005eea3     0x9dd5 unity/unity.o
                               0xf2b5 (size before relaxing)
 .debug_str     0x00068c78       0x26 src/ASF/common/utils/stdio/write.o
                              0x59385 (size before relaxing)
 .debug_str     0x00068c9e       0x64 src/ASF/common/services/serial/usart_serial.o
                              0x5d3ab (size before relaxing)
 .debug_str     0x00068d02      0x203 src/ASF/sam/drivers/uart/uart.o
                              0x59749 (size before relaxing)
 .debug_str     0x00068f05      0x1f1 test/test_digitalIO.o
                              0x673b9 (size before relaxing)
 .debug_str     0x000690f6      0xe6d test/test_digitalIO_runner.o
                              0x68420 (size before relaxing)
 .debug_str     0x00069f63      0x26a src/ASF/common/services/clock/sam3x/sysclk.o
                              0x5d1a6 (size before relaxing)
 .debug_str     0x0006a1cd       0x73 src/ASF/common/utils/interrupt/interrupt_sam_nvic.o
                              0x593d4 (size before relaxing)
 .debug_str     0x0006a240      0x225 src/ASF/sam/boards/arduino_due_x/init.o
                              0x5d960 (size before relaxing)
 .debug_str     0x0006a465      0x432 src/ASF/sam/drivers/pio/pio.o
                              0x59d28 (size before relaxing)
 .debug_str     0x0006a897      0x1bf src/ASF/sam/drivers/pio/pio_handler.o
                              0x59d70 (size before relaxing)
 .debug_str     0x0006aa56      0x67e src/ASF/sam/drivers/pmc/pmc.o
                              0x59d9e (size before relaxing)
 .debug_str     0x0006b0d4       0x4d src/ASF/sam/utils/cmsis/sam3x/source/templates/exceptions.o
                              0x5939d (size before relaxing)
 .debug_str     0x0006b121       0xb2 src/ASF/sam/utils/cmsis/sam3x/source/templates/gcc/startup_sam3x.o
                              0x59472 (size before relaxing)
 .debug_str     0x0006b1d3      0x1cd src/ASF/sam/utils/cmsis/sam3x/source/templates/system_sam3x.o
                              0x59685 (size before relaxing)
 .debug_str     0x0006b3a0      0x741 src/ASF/sam/utils/syscalls/gcc/syscalls.o
                               0x4f14 (size before relaxing)

.debug_frame    0x00000000     0x1f60
 .debug_frame   0x00000000       0x30 src/ASF/common/utils/stdio/read.o
 .debug_frame   0x00000030      0x5c8 src/ASF/sam/drivers/usart/usart.o
 .debug_frame   0x000005f8      0x10c src/ASF/thirdparty/wireless/addons/sio2host/uart/sio2host.o
 .debug_frame   0x00000704       0x30 src/digitalIO.o
 .debug_frame   0x00000734      0x398 unity/unity.o
 .debug_frame   0x00000acc       0x30 src/ASF/common/utils/stdio/write.o
 .debug_frame   0x00000afc       0x60 src/ASF/common/services/serial/usart_serial.o
 .debug_frame   0x00000b5c      0x1b8 src/ASF/sam/drivers/uart/uart.o
 .debug_frame   0x00000d14      0x13c test/test_digitalIO.o
 .debug_frame   0x00000e50       0x68 test/test_digitalIO_runner.o
 .debug_frame   0x00000eb8       0x88 src/ASF/common/services/clock/sam3x/sysclk.o
 .debug_frame   0x00000f40       0x30 src/ASF/common/utils/interrupt/interrupt_sam_nvic.o
 .debug_frame   0x00000f70       0x28 src/ASF/sam/boards/arduino_due_x/init.o
 .debug_frame   0x00000f98      0x2a8 src/ASF/sam/drivers/pio/pio.o
 .debug_frame   0x00001240       0xf8 src/ASF/sam/drivers/pio/pio_handler.o
 .debug_frame   0x00001338      0x410 src/ASF/sam/drivers/pmc/pmc.o
 .debug_frame   0x00001748       0x20 src/ASF/sam/utils/cmsis/sam3x/source/templates/exceptions.o
 .debug_frame   0x00001768       0x28 src/ASF/sam/utils/cmsis/sam3x/source/templates/gcc/startup_sam3x.o
 .debug_frame   0x00001790       0x40 src/ASF/sam/utils/cmsis/sam3x/source/templates/system_sam3x.o
 .debug_frame   0x000017d0       0xa8 src/ASF/sam/utils/syscalls/gcc/syscalls.o
 .debug_frame   0x00001878       0x2c c:/program files/atmel/atmel toolchain/arm gcc/native/4.8.1443/arm-gnu-toolchain/bin/../lib/gcc/arm-none-eabi/4.8.4/../../../../arm-none-eabi/lib/armv7-m\libc.a(lib_a-init.o)
 .debug_frame   0x000018a4       0x2c c:/program files/atmel/atmel toolchain/arm gcc/native/4.8.1443/arm-gnu-toolchain/bin/../lib/gcc/arm-none-eabi/4.8.4/../../../../arm-none-eabi/lib/armv7-m\libc.a(lib_a-memset.o)
 .debug_frame   0x000018d0       0x20 c:/program files/atmel/atmel toolchain/arm gcc/native/4.8.1443/arm-gnu-toolchain/bin/../lib/gcc/arm-none-eabi/4.8.4/../../../../arm-none-eabi/lib/armv7-m\libc.a(lib_a-setbuf.o)
 .debug_frame   0x000018f0       0x30 c:/program files/atmel/atmel toolchain/arm gcc/native/4.8.1443/arm-gnu-toolchain/bin/../lib/gcc/arm-none-eabi/4.8.4/../../../../arm-none-eabi/lib/armv7-m\libc.a(lib_a-setvbuf.o)
 .debug_frame   0x00001920       0x40 c:/program files/atmel/atmel toolchain/arm gcc/native/4.8.1443/arm-gnu-toolchain/bin/../lib/gcc/arm-none-eabi/4.8.4/../../../../arm-none-eabi/lib/armv7-m\libc.a(lib_a-wbuf.o)
 .debug_frame   0x00001960       0x2c c:/program files/atmel/atmel toolchain/arm gcc/native/4.8.1443/arm-gnu-toolchain/bin/../lib/gcc/arm-none-eabi/4.8.4/../../../../arm-none-eabi/lib/armv7-m\libc.a(lib_a-wsetup.o)
 .debug_frame   0x0000198c       0x48 c:/program files/atmel/atmel toolchain/arm gcc/native/4.8.1443/arm-gnu-toolchain/bin/../lib/gcc/arm-none-eabi/4.8.4/../../../../arm-none-eabi/lib/armv7-m\libc.a(lib_a-__call_atexit.o)
 .debug_frame   0x000019d4       0x20 c:/program files/atmel/atmel toolchain/arm gcc/native/4.8.1443/arm-gnu-toolchain/bin/../lib/gcc/arm-none-eabi/4.8.4/../../../../arm-none-eabi/lib/armv7-m\libc.a(lib_a-atexit.o)
 .debug_frame   0x000019f4       0x5c c:/program files/atmel/atmel toolchain/arm gcc/native/4.8.1443/arm-gnu-toolchain/bin/../lib/gcc/arm-none-eabi/4.8.4/../../../../arm-none-eabi/lib/armv7-m\libc.a(lib_a-fflush.o)
 .debug_frame   0x00001a50      0x110 c:/program files/atmel/atmel toolchain/arm gcc/native/4.8.1443/arm-gnu-toolchain/bin/../lib/gcc/arm-none-eabi/4.8.4/../../../../arm-none-eabi/lib/armv7-m\libc.a(lib_a-findfp.o)
 .debug_frame   0x00001b60       0x2c c:/program files/atmel/atmel toolchain/arm gcc/native/4.8.1443/arm-gnu-toolchain/bin/../lib/gcc/arm-none-eabi/4.8.4/../../../../arm-none-eabi/lib/armv7-m\libc.a(lib_a-fini.o)
 .debug_frame   0x00001b8c       0x50 c:/program files/atmel/atmel toolchain/arm gcc/native/4.8.1443/arm-gnu-toolchain/bin/../lib/gcc/arm-none-eabi/4.8.4/../../../../arm-none-eabi/lib/armv7-m\libc.a(lib_a-freer.o)
 .debug_frame   0x00001bdc       0x54 c:/program files/atmel/atmel toolchain/arm gcc/native/4.8.1443/arm-gnu-toolchain/bin/../lib/gcc/arm-none-eabi/4.8.4/../../../../arm-none-eabi/lib/armv7-m\libc.a(lib_a-fwalk.o)
 .debug_frame   0x00001c30       0x30 c:/program files/atmel/atmel toolchain/arm gcc/native/4.8.1443/arm-gnu-toolchain/bin/../lib/gcc/arm-none-eabi/4.8.4/../../../../arm-none-eabi/lib/armv7-m\libc.a(lib_a-makebuf.o)
 .debug_frame   0x00001c60       0x30 c:/program files/atmel/atmel toolchain/arm gcc/native/4.8.1443/arm-gnu-toolchain/bin/../lib/gcc/arm-none-eabi/4.8.4/../../../../arm-none-eabi/lib/armv7-m\libc.a(lib_a-malloc.o)
 .debug_frame   0x00001c90       0x38 c:/program files/atmel/atmel toolchain/arm gcc/native/4.8.1443/arm-gnu-toolchain/bin/../lib/gcc/arm-none-eabi/4.8.4/../../../../arm-none-eabi/lib/armv7-m\libc.a(lib_a-mallocr.o)
 .debug_frame   0x00001cc8       0x30 c:/program files/atmel/atmel toolchain/arm gcc/native/4.8.1443/arm-gnu-toolchain/bin/../lib/gcc/arm-none-eabi/4.8.4/../../../../arm-none-eabi/lib/armv7-m\libc.a(lib_a-mlock.o)
 .debug_frame   0x00001cf8       0x2c c:/program files/atmel/atmel toolchain/arm gcc/native/4.8.1443/arm-gnu-toolchain/bin/../lib/gcc/arm-none-eabi/4.8.4/../../../../arm-none-eabi/lib/armv7-m\libc.a(lib_a-sbrkr.o)
 .debug_frame   0x00001d24       0x80 c:/program files/atmel/atmel toolchain/arm gcc/native/4.8.1443/arm-gnu-toolchain/bin/../lib/gcc/arm-none-eabi/4.8.4/../../../../arm-none-eabi/lib/armv7-m\libc.a(lib_a-stdio.o)
 .debug_frame   0x00001da4       0x2c c:/program files/atmel/atmel toolchain/arm gcc/native/4.8.1443/arm-gnu-toolchain/bin/../lib/gcc/arm-none-eabi/4.8.4/../../../../arm-none-eabi/lib/armv7-m\libc.a(lib_a-writer.o)
 .debug_frame   0x00001dd0       0x30 c:/program files/atmel/atmel toolchain/arm gcc/native/4.8.1443/arm-gnu-toolchain/bin/../lib/gcc/arm-none-eabi/4.8.4/../../../../arm-none-eabi/lib/armv7-m\libc.a(lib_a-__atexit.o)
 .debug_frame   0x00001e00       0x2c c:/program files/atmel/atmel toolchain/arm gcc/native/4.8.1443/arm-gnu-toolchain/bin/../lib/gcc/arm-none-eabi/4.8.4/../../../../arm-none-eabi/lib/armv7-m\libc.a(lib_a-closer.o)
 .debug_frame   0x00001e2c       0x3c c:/program files/atmel/atmel toolchain/arm gcc/native/4.8.1443/arm-gnu-toolchain/bin/../lib/gcc/arm-none-eabi/4.8.4/../../../../arm-none-eabi/lib/armv7-m\libc.a(lib_a-fclose.o)
 .debug_frame   0x00001e68       0x2c c:/program files/atmel/atmel toolchain/arm gcc/native/4.8.1443/arm-gnu-toolchain/bin/../lib/gcc/arm-none-eabi/4.8.4/../../../../arm-none-eabi/lib/armv7-m\libc.a(lib_a-fstatr.o)
 .debug_frame   0x00001e94       0x2c c:/program files/atmel/atmel toolchain/arm gcc/native/4.8.1443/arm-gnu-toolchain/bin/../lib/gcc/arm-none-eabi/4.8.4/../../../../arm-none-eabi/lib/armv7-m\libc.a(lib_a-isattyr.o)
 .debug_frame   0x00001ec0       0x2c c:/program files/atmel/atmel toolchain/arm gcc/native/4.8.1443/arm-gnu-toolchain/bin/../lib/gcc/arm-none-eabi/4.8.4/../../../../arm-none-eabi/lib/armv7-m\libc.a(lib_a-lseekr.o)
 .debug_frame   0x00001eec       0x2c c:/program files/atmel/atmel toolchain/arm gcc/native/4.8.1443/arm-gnu-toolchain/bin/../lib/gcc/arm-none-eabi/4.8.4/../../../../arm-none-eabi/lib/armv7-m\libc.a(lib_a-readr.o)
 .debug_frame   0x00001f18       0x48 c:/program files/atmel/atmel toolchain/arm gcc/native/4.8.1443/arm-gnu-toolchain/bin/../lib/gcc/arm-none-eabi/4.8.4/../../../../arm-none-eabi/lib/armv7-m\libc.a(lib_a-reent.o)

Cross Reference Table

Symbol                                            File
ADC_Handler                                       src/ASF/sam/utils/cmsis/sam3x/source/templates/exceptions.o
                                                  src/ASF/sam/utils/cmsis/sam3x/source/templates/gcc/startup_sam3x.o
BusFault_Handler                                  src/ASF/sam/utils/cmsis/sam3x/source/templates/exceptions.o
                                                  src/ASF/sam/utils/cmsis/sam3x/source/templates/gcc/startup_sam3x.o
CAN0_Handler                                      src/ASF/sam/utils/cmsis/sam3x/source/templates/exceptions.o
                                                  src/ASF/sam/utils/cmsis/sam3x/source/templates/gcc/startup_sam3x.o
CAN1_Handler                                      src/ASF/sam/utils/cmsis/sam3x/source/templates/exceptions.o
                                                  src/ASF/sam/utils/cmsis/sam3x/source/templates/gcc/startup_sam3x.o
DACC_Handler                                      src/ASF/sam/utils/cmsis/sam3x/source/templates/exceptions.o
                                                  src/ASF/sam/utils/cmsis/sam3x/source/templates/gcc/startup_sam3x.o
DMAC_Handler                                      src/ASF/sam/utils/cmsis/sam3x/source/templates/exceptions.o
                                                  src/ASF/sam/utils/cmsis/sam3x/source/templates/gcc/startup_sam3x.o
DebugMon_Handler                                  src/ASF/sam/utils/cmsis/sam3x/source/templates/exceptions.o
                                                  src/ASF/sam/utils/cmsis/sam3x/source/templates/gcc/startup_sam3x.o
Dummy_Handler                                     src/ASF/sam/utils/cmsis/sam3x/source/templates/exceptions.o
EFC0_Handler                                      src/ASF/sam/utils/cmsis/sam3x/source/templates/exceptions.o
                                                  src/ASF/sam/utils/cmsis/sam3x/source/templates/gcc/startup_sam3x.o
EFC1_Handler                                      src/ASF/sam/utils/cmsis/sam3x/source/templates/exceptions.o
                                                  src/ASF/sam/utils/cmsis/sam3x/source/templates/gcc/startup_sam3x.o
EMAC_Handler                                      src/ASF/sam/utils/cmsis/sam3x/source/templates/exceptions.o
                                                  src/ASF/sam/utils/cmsis/sam3x/source/templates/gcc/startup_sam3x.o
HSMCI_Handler                                     src/ASF/sam/utils/cmsis/sam3x/source/templates/exceptions.o
                                                  src/ASF/sam/utils/cmsis/sam3x/source/templates/gcc/startup_sam3x.o
HardFault_Handler                                 src/ASF/sam/utils/cmsis/sam3x/source/templates/exceptions.o
                                                  src/ASF/sam/utils/cmsis/sam3x/source/templates/gcc/startup_sam3x.o
MemManage_Handler                                 src/ASF/sam/utils/cmsis/sam3x/source/templates/exceptions.o
                                                  src/ASF/sam/utils/cmsis/sam3x/source/templates/gcc/startup_sam3x.o
NMI_Handler                                       src/ASF/sam/utils/cmsis/sam3x/source/templates/exceptions.o
                                                  src/ASF/sam/utils/cmsis/sam3x/source/templates/gcc/startup_sam3x.o
PIOA_Handler                                      src/ASF/sam/drivers/pio/pio_handler.o
                                                  src/ASF/sam/utils/cmsis/sam3x/source/templates/gcc/startup_sam3x.o
PIOB_Handler                                      src/ASF/sam/drivers/pio/pio_handler.o
                                                  src/ASF/sam/utils/cmsis/sam3x/source/templates/gcc/startup_sam3x.o
PIOC_Handler                                      src/ASF/sam/drivers/pio/pio_handler.o
                                                  src/ASF/sam/utils/cmsis/sam3x/source/templates/gcc/startup_sam3x.o
PIOD_Handler                                      src/ASF/sam/drivers/pio/pio_handler.o
                                                  src/ASF/sam/utils/cmsis/sam3x/source/templates/gcc/startup_sam3x.o
PMC_Handler                                       src/ASF/sam/utils/cmsis/sam3x/source/templates/exceptions.o
                                                  src/ASF/sam/utils/cmsis/sam3x/source/templates/gcc/startup_sam3x.o
PWM_Handler                                       src/ASF/sam/utils/cmsis/sam3x/source/templates/exceptions.o
                                                  src/ASF/sam/utils/cmsis/sam3x/source/templates/gcc/startup_sam3x.o
PendSV_Handler                                    src/ASF/sam/utils/cmsis/sam3x/source/templates/exceptions.o
                                                  src/ASF/sam/utils/cmsis/sam3x/source/templates/gcc/startup_sam3x.o
RSTC_Handler                                      src/ASF/sam/utils/cmsis/sam3x/source/templates/exceptions.o
                                                  src/ASF/sam/utils/cmsis/sam3x/source/templates/gcc/startup_sam3x.o
RTC_Handler                                       src/ASF/sam/utils/cmsis/sam3x/source/templates/exceptions.o
                                                  src/ASF/sam/utils/cmsis/sam3x/source/templates/gcc/startup_sam3x.o
RTT_Handler                                       src/ASF/sam/utils/cmsis/sam3x/source/templates/exceptions.o
                                                  src/ASF/sam/utils/cmsis/sam3x/source/templates/gcc/startup_sam3x.o
Reset_Handler                                     src/ASF/sam/utils/cmsis/sam3x/source/templates/gcc/startup_sam3x.o
SMC_Handler                                       src/ASF/sam/utils/cmsis/sam3x/source/templates/exceptions.o
                                                  src/ASF/sam/utils/cmsis/sam3x/source/templates/gcc/startup_sam3x.o
SPI0_Handler                                      src/ASF/sam/utils/cmsis/sam3x/source/templates/exceptions.o
                                                  src/ASF/sam/utils/cmsis/sam3x/source/templates/gcc/startup_sam3x.o
SSC_Handler                                       src/ASF/sam/utils/cmsis/sam3x/source/templates/exceptions.o
                                                  src/ASF/sam/utils/cmsis/sam3x/source/templates/gcc/startup_sam3x.o
SUPC_Handler                                      src/ASF/sam/utils/cmsis/sam3x/source/templates/exceptions.o
                                                  src/ASF/sam/utils/cmsis/sam3x/source/templates/gcc/startup_sam3x.o
SVC_Handler                                       src/ASF/sam/utils/cmsis/sam3x/source/templates/exceptions.o
                                                  src/ASF/sam/utils/cmsis/sam3x/source/templates/gcc/startup_sam3x.o
SysTick_Handler                                   src/ASF/sam/utils/cmsis/sam3x/source/templates/exceptions.o
                                                  src/ASF/sam/utils/cmsis/sam3x/source/templates/gcc/startup_sam3x.o
SystemCoreClock                                   src/ASF/sam/utils/cmsis/sam3x/source/templates/system_sam3x.o
SystemCoreClockUpdate                             src/ASF/sam/utils/cmsis/sam3x/source/templates/system_sam3x.o
                                                  src/ASF/common/services/clock/sam3x/sysclk.o
SystemInit                                        src/ASF/sam/utils/cmsis/sam3x/source/templates/system_sam3x.o
TC0_Handler                                       src/ASF/sam/utils/cmsis/sam3x/source/templates/exceptions.o
                                                  src/ASF/sam/utils/cmsis/sam3x/source/templates/gcc/startup_sam3x.o
TC1_Handler                                       src/ASF/sam/utils/cmsis/sam3x/source/templates/exceptions.o
                                                  src/ASF/sam/utils/cmsis/sam3x/source/templates/gcc/startup_sam3x.o
TC2_Handler                                       src/ASF/sam/utils/cmsis/sam3x/source/templates/exceptions.o
                                                  src/ASF/sam/utils/cmsis/sam3x/source/templates/gcc/startup_sam3x.o
TC3_Handler                                       src/ASF/sam/utils/cmsis/sam3x/source/templates/exceptions.o
                                                  src/ASF/sam/utils/cmsis/sam3x/source/templates/gcc/startup_sam3x.o
TC4_Handler                                       src/ASF/sam/utils/cmsis/sam3x/source/templates/exceptions.o
                                                  src/ASF/sam/utils/cmsis/sam3x/source/templates/gcc/startup_sam3x.o
TC5_Handler                                       src/ASF/sam/utils/cmsis/sam3x/source/templates/exceptions.o
                                                  src/ASF/sam/utils/cmsis/sam3x/source/templates/gcc/startup_sam3x.o
TC6_Handler                                       src/ASF/sam/utils/cmsis/sam3x/source/templates/exceptions.o
                                                  src/ASF/sam/utils/cmsis/sam3x/source/templates/gcc/startup_sam3x.o
TC7_Handler                                       src/ASF/sam/utils/cmsis/sam3x/source/templates/exceptions.o
                                                  src/ASF/sam/utils/cmsis/sam3x/source/templates/gcc/startup_sam3x.o
TC8_Handler                                       src/ASF/sam/utils/cmsis/sam3x/source/templates/exceptions.o
                                                  src/ASF/sam/utils/cmsis/sam3x/source/templates/gcc/startup_sam3x.o
TRNG_Handler                                      src/ASF/sam/utils/cmsis/sam3x/source/templates/exceptions.o
                                                  src/ASF/sam/utils/cmsis/sam3x/source/templates/gcc/startup_sam3x.o
TWI0_Handler                                      src/ASF/sam/utils/cmsis/sam3x/source/templates/exceptions.o
                                                  src/ASF/sam/utils/cmsis/sam3x/source/templates/gcc/startup_sam3x.o
TWI1_Handler                                      src/ASF/sam/utils/cmsis/sam3x/source/templates/exceptions.o
                                                  src/ASF/sam/utils/cmsis/sam3x/source/templates/gcc/startup_sam3x.o
UART_Handler                                      src/ASF/sam/utils/cmsis/sam3x/source/templates/exceptions.o
                                                  src/ASF/sam/utils/cmsis/sam3x/source/templates/gcc/startup_sam3x.o
UOTGHS_Handler                                    src/ASF/sam/utils/cmsis/sam3x/source/templates/exceptions.o
                                                  src/ASF/sam/utils/cmsis/sam3x/source/templates/gcc/startup_sam3x.o
USART0_Handler                                    src/ASF/thirdparty/wireless/addons/sio2host/uart/sio2host.o
                                                  src/ASF/sam/utils/cmsis/sam3x/source/templates/gcc/startup_sam3x.o
USART1_Handler                                    src/ASF/sam/utils/cmsis/sam3x/source/templates/exceptions.o
                                                  src/ASF/sam/utils/cmsis/sam3x/source/templates/gcc/startup_sam3x.o
USART2_Handler                                    src/ASF/sam/utils/cmsis/sam3x/source/templates/exceptions.o
                                                  src/ASF/sam/utils/cmsis/sam3x/source/templates/gcc/startup_sam3x.o
USART3_Handler                                    src/ASF/sam/utils/cmsis/sam3x/source/templates/exceptions.o
                                                  src/ASF/sam/utils/cmsis/sam3x/source/templates/gcc/startup_sam3x.o
Unity                                             unity/unity.o
UnityAssertBits                                   unity/unity.o
                                                  test/test_digitalIO.o
UnityAssertEqualFloatArray                        unity/unity.o
UnityAssertEqualIntArray                          unity/unity.o
UnityAssertEqualMemory                            unity/unity.o
UnityAssertEqualNumber                            unity/unity.o
UnityAssertEqualString                            unity/unity.o
UnityAssertEqualStringArray                       unity/unity.o
UnityAssertFloatSpecial                           unity/unity.o
UnityAssertFloatsWithin                           unity/unity.o
UnityAssertNumbersWithin                          unity/unity.o
UnityBegin                                        unity/unity.o
                                                  test/test_digitalIO_runner.o
UnityConcludeTest                                 unity/unity.o
UnityDefaultTestRun                               unity/unity.o
                                                  test/test_digitalIO_runner.o
UnityEnd                                          unity/unity.o
                                                  test/test_digitalIO_runner.o
UnityFail                                         unity/unity.o
UnityIgnore                                       unity/unity.o
UnityPrint                                        unity/unity.o
UnityPrintFail                                    unity/unity.o
UnityPrintMask                                    unity/unity.o
UnityPrintNumber                                  unity/unity.o
UnityPrintNumberByStyle                           unity/unity.o
UnityPrintNumberHex                               unity/unity.o
UnityPrintNumberUnsigned                          unity/unity.o
UnityPrintOk                                      unity/unity.o
UnitySizeMask                                     unity/unity.o
UnityStrBreaker                                   unity/unity.o
UnityStrByte                                      unity/unity.o
UnityStrDelta                                     unity/unity.o
UnityStrDet                                       unity/unity.o
UnityStrElement                                   unity/unity.o
UnityStrErr64                                     unity/unity.o
UnityStrErrDouble                                 unity/unity.o
UnityStrErrFloat                                  unity/unity.o
UnityStrExpected                                  unity/unity.o
UnityStrFail                                      unity/unity.o
UnityStrIgnore                                    unity/unity.o
UnityStrInf                                       unity/unity.o
UnityStrMemory                                    unity/unity.o
UnityStrNaN                                       unity/unity.o